<html>
<body>
<pre>
<h1>µVision Build Log</h1>
<h2>Tool Versions:</h2>
IDE-Version: µVision V5.17.0.0
Copyright (C) 2015 ARM Ltd and ARM Germany GmbH. All rights reserved.
License Information: jost prevc, asd, LIC=----
 
Tool Versions:
Toolchain:       MDK-Lite  Version: 5.17
Toolchain Path:  C:\Keil_v5\ARM\ARMCC\Bin
C Compiler:      Armcc.exe V5.06 update 1 (build 61)
Assembler:       Armasm.exe V5.06 update 1 (build 61)
Linker/Locator:  ArmLink.exe V5.06 update 1 (build 61)
Library Manager: ArmAr.exe V5.06 update 1 (build 61)
Hex Converter:   FromElf.exe V5.06 update 1 (build 61)
CPU DLL:         SARMCM3.DLL V5.17
Dialog DLL:      DCM.DLL V1.13.4.0
Target DLL:      STLink\ST-LINKIII-KEIL_SWO.dll V2.0.18.0
Dialog DLL:      TCM.DLL V1.14.6.0
 
<h2>Project:</h2>
D:\Dokumenti\Jošt\Faks\5. letnik\Seminar hap roboti mehanizmi\dwt_ranging_program\DWM_project\MDK-ARM\DWM_project.uvprojx
Project File Date:  11/21/2016

<h2>Output:</h2>
*** Using Compiler 'V5.06 update 1 (build 61)', folder: 'C:\Keil_v5\ARM\ARMCC\Bin'
Build target 'DWM_project'
compiling stm32l4xx_it.c...
compiling stm32l4xx_hal_msp.c...
compiling main.c...
../Src/main.c(289): warning:  #177-D: variable "final_tx_time" was declared but never referenced
  					uint32 final_tx_time;
../Src/main.c(460): warning:  #177-D: variable "resp_tx_time" was declared but never referenced
  					uint32 resp_tx_time;
../Src/main.c(163): warning:  #177-D: variable "poll_tx_ts" was declared but never referenced
  static uint64 poll_tx_ts;
../Src/main.c(164): warning:  #177-D: variable "resp_rx_ts" was declared but never referenced
  static uint64 resp_rx_ts;
../Src/main.c(165): warning:  #177-D: variable "final_tx_ts" was declared but never referenced
  static uint64 final_tx_ts;
../Src/main.c: 5 warnings, 0 errors
compiling system_stm32l4xx.c...
compiling stm32l4xx_hal_i2c_ex.c...
compiling stm32l4xx_hal_tim_ex.c...
compiling stm32l4xx_hal_cortex.c...
compiling stm32l4xx_hal_gpio.c...
compiling stm32l4xx_hal_i2c.c...
compiling stm32l4xx_hal.c...
compiling stm32l4xx_hal_tim.c...
compiling stm32l4xx_hal_pwr_ex.c...
compiling stm32l4xx_hal_dma.c...
compiling stm32l4xx_hal_rtc_ex.c...
compiling stm32l4xx_hal_rcc_ex.c...
compiling stm32l4xx_hal_rcc.c...
compiling stm32l4xx_hal_rtc.c...
compiling stm32l4xx_hal_spi_ex.c...
compiling stm32l4xx_hal_flash_ex.c...
compiling stm32l4xx_hal_spi.c...
compiling stm32l4xx_hal_flash.c...
compiling stm32l4xx_hal_flash_ramfunc.c...
compiling stm32l4xx_hal_pwr.c...
compiling stm32l4xx_hal_uart_ex.c...
compiling stm32l4xx_hal_pcd_ex.c...
compiling stm32l4xx_hal_uart.c...
assembling startup_stm32l476xx.s...
compiling deca_device.c...
..\decadriver\deca_device.c(1356): warning:  #68-D: integer conversion resulted in a change of sign
          return 
WT_ERROR;
..\decadriver\deca_device.c(1489): warning:  #68-D: integer conversion resulted in a change of sign
          return 
WT_ERROR;
..\decadriver\deca_device.c: 2 warnings, 0 errors
compiling deca_params_init.c...
compiling stm32l4xx_ll_usb.c...
compiling stm32l4xx_hal_pcd.c...
compiling deca_com.c...
compiling deca_spi.c...
compiling usart_com.c...
linking...
Program Size: Code=17140 RO-data=672 RW-data=228 ZI-data=2836  
"DWM_project\DWM_project.axf" - 0 Error(s), 7 Warning(s).

<h2>Software Packages used:</h2>

Package Vendor: ARM
                http://www.keil.com/pack/ARM.CMSIS.4.5.0.pack
                ARM::CMSIS:CORE:4.3.0
                CMSIS (Cortex Microcontroller Software Interface Standard)
   * Component: CORE Version: 4.3.0

<h2>Collection of Component include folders:</h2>
  D:\Dokumenti\Jošt\Faks\5. letnik\Seminar hap roboti mehanizmi\dwt_ranging_program\DWM_project\MDK-ARM\RTE
  C:\Keil_v5\ARM\PACK\ARM\CMSIS\4.5.0\CMSIS\Include
  C:\Keil_v5\ARM\PACK\Keil\STM32L4xx_DFP\1.0.0\Device\Include

<h2>Collection of Component Files used:</h2>

   * Component: ARM::CMSIS:CORE:4.3.0
Build Time Elapsed:  00:01:09
</pre>
</body>
</html>
