Component: ARM Compiler 5.06 update 1 (build 61) Tool: armlink [4d35a8]

==============================================================================

Section Cross References

    stm32l4xx_it.o(i.EXTI0_IRQHandler) refers to stm32l4xx_hal_gpio.o(i.HAL_GPIO_EXTI_IRQHandler) for HAL_GPIO_EXTI_IRQHandler
    stm32l4xx_it.o(i.SysTick_Handler) refers to stm32l4xx_hal.o(i.HAL_IncTick) for HAL_IncTick
    stm32l4xx_it.o(i.SysTick_Handler) refers to stm32l4xx_hal_cortex.o(i.HAL_SYSTICK_IRQHandler) for HAL_SYSTICK_IRQHandler
    stm32l4xx_hal_msp.o(i.HAL_MspInit) refers to stm32l4xx_hal_cortex.o(i.HAL_NVIC_SetPriorityGrouping) for HAL_NVIC_SetPriorityGrouping
    stm32l4xx_hal_msp.o(i.HAL_MspInit) refers to stm32l4xx_hal_cortex.o(i.HAL_NVIC_SetPriority) for HAL_NVIC_SetPriority
    stm32l4xx_hal_msp.o(i.HAL_PCD_MspDeInit) refers to stm32l4xx_hal_gpio.o(i.HAL_GPIO_DeInit) for HAL_GPIO_DeInit
    stm32l4xx_hal_msp.o(i.HAL_PCD_MspDeInit) refers to stm32l4xx_hal_pwr_ex.o(i.HAL_PWREx_DisableVddUSB) for HAL_PWREx_DisableVddUSB
    stm32l4xx_hal_msp.o(i.HAL_PCD_MspInit) refers to stm32l4xx_hal_gpio.o(i.HAL_GPIO_Init) for HAL_GPIO_Init
    stm32l4xx_hal_msp.o(i.HAL_PCD_MspInit) refers to stm32l4xx_hal_pwr_ex.o(i.HAL_PWREx_EnableVddUSB) for HAL_PWREx_EnableVddUSB
    stm32l4xx_hal_msp.o(i.HAL_SPI_MspDeInit) refers to stm32l4xx_hal_gpio.o(i.HAL_GPIO_DeInit) for HAL_GPIO_DeInit
    stm32l4xx_hal_msp.o(i.HAL_SPI_MspInit) refers to stm32l4xx_hal_gpio.o(i.HAL_GPIO_Init) for HAL_GPIO_Init
    stm32l4xx_hal_msp.o(i.HAL_UART_MspDeInit) refers to stm32l4xx_hal_gpio.o(i.HAL_GPIO_DeInit) for HAL_GPIO_DeInit
    stm32l4xx_hal_msp.o(i.HAL_UART_MspInit) refers to stm32l4xx_hal_gpio.o(i.HAL_GPIO_Init) for HAL_GPIO_Init
    main.o(i.MX_GPIO_Init) refers to stm32l4xx_hal_gpio.o(i.HAL_GPIO_Init) for HAL_GPIO_Init
    main.o(i.MX_GPIO_Init) refers to stm32l4xx_hal_gpio.o(i.HAL_GPIO_WritePin) for HAL_GPIO_WritePin
    main.o(i.MX_GPIO_Init) refers to stm32l4xx_hal_cortex.o(i.HAL_NVIC_SetPriority) for HAL_NVIC_SetPriority
    main.o(i.MX_GPIO_Init) refers to stm32l4xx_hal_cortex.o(i.HAL_NVIC_EnableIRQ) for HAL_NVIC_EnableIRQ
    main.o(i.MX_SPI1_Init) refers to stm32l4xx_hal_spi.o(i.HAL_SPI_Init) for HAL_SPI_Init
    main.o(i.MX_SPI1_Init) refers to main.o(.bss) for .bss
    main.o(i.MX_USART2_UART_Init) refers to stm32l4xx_hal_uart.o(i.HAL_UART_Init) for HAL_UART_Init
    main.o(i.MX_USART2_UART_Init) refers to main.o(.bss) for .bss
    main.o(i.MX_USB_OTG_FS_PCD_Init) refers to stm32l4xx_hal_pcd.o(i.HAL_PCD_Init) for HAL_PCD_Init
    main.o(i.MX_USB_OTG_FS_PCD_Init) refers to main.o(.bss) for .bss
    main.o(i.SystemClock_Config) refers to stm32l4xx_hal_rcc.o(i.HAL_RCC_OscConfig) for HAL_RCC_OscConfig
    main.o(i.SystemClock_Config) refers to stm32l4xx_hal_rcc.o(i.HAL_RCC_ClockConfig) for HAL_RCC_ClockConfig
    main.o(i.SystemClock_Config) refers to stm32l4xx_hal_rcc_ex.o(i.HAL_RCCEx_PeriphCLKConfig) for HAL_RCCEx_PeriphCLKConfig
    main.o(i.SystemClock_Config) refers to stm32l4xx_hal_pwr_ex.o(i.HAL_PWREx_ControlVoltageScaling) for HAL_PWREx_ControlVoltageScaling
    main.o(i.SystemClock_Config) refers to stm32l4xx_hal_rcc.o(i.HAL_RCC_GetHCLKFreq) for HAL_RCC_GetHCLKFreq
    main.o(i.SystemClock_Config) refers to stm32l4xx_hal_cortex.o(i.HAL_SYSTICK_Config) for HAL_SYSTICK_Config
    main.o(i.SystemClock_Config) refers to stm32l4xx_hal_cortex.o(i.HAL_SYSTICK_CLKSourceConfig) for HAL_SYSTICK_CLKSourceConfig
    main.o(i.SystemClock_Config) refers to stm32l4xx_hal_rcc_ex.o(i.HAL_RCCEx_EnableMSIPLLMode) for HAL_RCCEx_EnableMSIPLLMode
    main.o(i.SystemClock_Config) refers to stm32l4xx_hal_cortex.o(i.HAL_NVIC_SetPriority) for HAL_NVIC_SetPriority
    main.o(i.get_rx_timestamp_u64) refers to deca_device.o(i.dwt_readrxtimestamp) for dwt_readrxtimestamp
    main.o(i.get_tx_timestamp_u64) refers to deca_device.o(i.dwt_readtxtimestamp) for dwt_readtxtimestamp
    main.o(i.main) refers to stm32l4xx_hal.o(i.HAL_Init) for HAL_Init
    main.o(i.main) refers to main.o(i.SystemClock_Config) for SystemClock_Config
    main.o(i.main) refers to main.o(i.MX_GPIO_Init) for MX_GPIO_Init
    main.o(i.main) refers to main.o(i.MX_SPI1_Init) for MX_SPI1_Init
    main.o(i.main) refers to main.o(i.MX_USART2_UART_Init) for MX_USART2_UART_Init
    main.o(i.main) refers to main.o(i.MX_USB_OTG_FS_PCD_Init) for MX_USB_OTG_FS_PCD_Init
    main.o(i.main) refers to deca_com.o(i.wakeup_DW1000) for wakeup_DW1000
    main.o(i.main) refers to usart_com.o(i.USART_puts) for USART_puts
    main.o(i.main) refers to deca_com.o(i.reset_DW1000) for reset_DW1000
    main.o(i.main) refers to stm32l4xx_hal.o(i.HAL_Delay) for HAL_Delay
    main.o(i.main) refers to deca_spi.o(i.set_spi_speed_low) for set_spi_speed_low
    main.o(i.main) refers to deca_device.o(i.dwt_initialise) for dwt_initialise
    main.o(i.main) refers to deca_spi.o(i.set_spi_speed_high) for set_spi_speed_high
    main.o(i.main) refers to deca_device.o(i.dwt_configure) for dwt_configure
[...]
    Removing deca_spi.o(.rev16_text), (4 bytes).
    Removing deca_spi.o(.revsh_text), (4 bytes).
    Removing deca_spi.o(.rrx_text), (6 bytes).
    Removing deca_spi.o(i.spi_config), (16 bytes).
    Removing deca_com.o(.rev16_text), (4 bytes).
    Removing deca_com.o(.revsh_text), (4 bytes).
    Removing deca_com.o(.rrx_text), (6 bytes).
    Removing deca_com.o(i.app_deca), (2 bytes).
    Removing deca_com.o(.data), (4 bytes).
    Removing usart_com.o(.rev16_text), (4 bytes).
    Removing usart_com.o(.revsh_text), (4 bytes).
    Removing usart_com.o(.rrx_text), (6 bytes).

541 unused section(s) (total 41298 bytes) removed from the image.

==============================================================================

Image Symbol Table

    Local Symbols

    Symbol Name                              Value     Ov Type        Size  Object(Section)

    ../Drivers/CMSIS/Device/ST/STM32L4xx/Source/Templates/system_stm32l4xx.c 0x00000000   Number         0  system_stm32l4xx.o ABSOLUTE
    ../Drivers/STM32L4xx_HAL_Driver/Src/stm32l4xx_hal.c 0x00000000   Number         0  stm32l4xx_hal.o ABSOLUTE
    ../Drivers/STM32L4xx_HAL_Driver/Src/stm32l4xx_hal_cortex.c 0x00000000   Number         0  stm32l4xx_hal_cortex.o ABSOLUTE
    ../Drivers/STM32L4xx_HAL_Driver/Src/stm32l4xx_hal_dma.c 0x00000000   Number         0  stm32l4xx_hal_dma.o ABSOLUTE
    ../Drivers/STM32L4xx_HAL_Driver/Src/stm32l4xx_hal_flash.c 0x00000000   Number         0  stm32l4xx_hal_flash.o ABSOLUTE
    ../Drivers/STM32L4xx_HAL_Driver/Src/stm32l4xx_hal_flash_ex.c 0x00000000   Number         0  stm32l4xx_hal_flash_ex.o ABSOLUTE
    ../Drivers/STM32L4xx_HAL_Driver/Src/stm32l4xx_hal_flash_ramfunc.c 0x00000000   Number         0  stm32l4xx_hal_flash_ramfunc.o ABSOLUTE
    ../Drivers/STM32L4xx_HAL_Driver/Src/stm32l4xx_hal_gpio.c 0x00000000   Number         0  stm32l4xx_hal_gpio.o ABSOLUTE
    ../Drivers/STM32L4xx_HAL_Driver/Src/stm32l4xx_hal_i2c.c 0x00000000   Number         0  stm32l4xx_hal_i2c.o ABSOLUTE
    ../Drivers/STM32L4xx_HAL_Driver/Src/stm32l4xx_hal_i2c_ex.c 0x00000000   Number         0  stm32l4xx_hal_i2c_ex.o ABSOLUTE
    ../Drivers/STM32L4xx_HAL_Driver/Src/stm32l4xx_hal_pcd.c 0x00000000   Number         0  stm32l4xx_hal_pcd.o ABSOLUTE
    ../Drivers/STM32L4xx_HAL_Driver/Src/stm32l4xx_hal_pcd_ex.c 0x00000000   Number         0  stm32l4xx_hal_pcd_ex.o ABSOLUTE
    ../Drivers/STM32L4xx_HAL_Driver/Src/stm32l4xx_hal_pwr.c 0x00000000   Number         0  stm32l4xx_hal_pwr.o ABSOLUTE
    ../Drivers/STM32L4xx_HAL_Driver/Src/stm32l4xx_hal_pwr_ex.c 0x00000000   Number         0  stm32l4xx_hal_pwr_ex.o ABSOLUTE
    ../Drivers/STM32L4xx_HAL_Driver/Src/stm32l4xx_hal_rcc.c 0x00000000   Number         0  stm32l4xx_hal_rcc.o ABSOLUTE
    ../Drivers/STM32L4xx_HAL_Driver/Src/stm32l4xx_hal_rcc_ex.c 0x00000000   Number         0  stm32l4xx_hal_rcc_ex.o ABSOLUTE
    ../Drivers/STM32L4xx_HAL_Driver/Src/stm32l4xx_hal_rtc.c 0x00000000   Number         0  stm32l4xx_hal_rtc.o ABSOLUTE
    ../Drivers/STM32L4xx_HAL_Driver/Src/stm32l4xx_hal_rtc_ex.c 0x00000000   Number         0  stm32l4xx_hal_rtc_ex.o ABSOLUTE
    ../Drivers/STM32L4xx_HAL_Driver/Src/stm32l4xx_hal_spi.c 0x00000000   Number         0  stm32l4xx_hal_spi.o ABSOLUTE
    ../Drivers/STM32L4xx_HAL_Driver/Src/stm32l4xx_hal_spi_ex.c 0x00000000   Number         0  stm32l4xx_hal_spi_ex.o ABSOLUTE
    ../Drivers/STM32L4xx_HAL_Driver/Src/stm32l4xx_hal_tim.c 0x00000000   Number         0  stm32l4xx_hal_tim.o ABSOLUTE
    ../Drivers/STM32L4xx_HAL_Driver/Src/stm32l4xx_hal_tim_ex.c 0x00000000   Number         0  stm32l4xx_hal_tim_ex.o ABSOLUTE
    ../Drivers/STM32L4xx_HAL_Driver/Src/stm32l4xx_hal_uart.c 0x00000000   Number         0  stm32l4xx_hal_uart.o ABSOLUTE
    ../Drivers/STM32L4xx_HAL_Driver/Src/stm32l4xx_hal_uart_ex.c 0x00000000   Number         0  stm32l4xx_hal_uart_ex.o ABSOLUTE
    ../Drivers/STM32L4xx_HAL_Driver/Src/stm32l4xx_ll_usb.c 0x00000000   Number         0  stm32l4xx_ll_usb.o ABSOLUTE
    ../Src/main.c                            0x00000000   Number         0  main.o ABSOLUTE
    ../Src/stm32l4xx_hal_msp.c               0x00000000   Number         0  stm32l4xx_hal_msp.o ABSOLUTE
    ../Src/stm32l4xx_it.c                    0x00000000   Number         0  stm32l4xx_it.o ABSOLUTE
    ../clib/microlib/division.c              0x00000000   Number         0  uldiv.o ABSOLUTE
    ../clib/microlib/division.c              0x00000000   Number         0  uidiv.o ABSOLUTE
    ../clib/microlib/init/entry.s            0x00000000   Number         0  entry11b.o ABSOLUTE
    ../clib/microlib/init/entry.s            0x00000000   Number         0  entry10b.o ABSOLUTE
    ../clib/microlib/init/entry.s            0x00000000   Number         0  entry7b.o ABSOLUTE
    ../clib/microlib/init/entry.s            0x00000000   Number         0  entry.o ABSOLUTE
    ../clib/microlib/init/entry.s            0x00000000   Number         0  entry11a.o ABSOLUTE
    ../clib/microlib/init/entry.s            0x00000000   Number         0  entry10a.o ABSOLUTE
    ../clib/microlib/init/entry.s            0x00000000   Number         0  entry9b.o ABSOLUTE
    ../clib/microlib/init/entry.s            0x00000000   Number         0  entry9a.o ABSOLUTE
    ../clib/microlib/init/entry.s            0x00000000   Number         0  entry8b.o ABSOLUTE
    ../clib/microlib/init/entry.s            0x00000000   Number         0  entry5.o ABSOLUTE
    ../clib/microlib/init/entry.s            0x00000000   Number         0  entry8a.o ABSOLUTE
    ../clib/microlib/init/entry.s            0x00000000   Number         0  entry7a.o ABSOLUTE
    ../clib/microlib/init/entry.s            0x00000000   Number         0  entry2.o ABSOLUTE
    ../clib/microlib/longlong.c              0x00000000   Number         0  llushr.o ABSOLUTE
    ../clib/microlib/longlong.c              0x00000000   Number         0  llshl.o ABSOLUTE
    ../clib/microlib/longlong.c              0x00000000   Number         0  llsshr.o ABSOLUTE
    ../clib/microlib/malloc/malloc.c         0x00000000   Number         0  malloc.o ABSOLUTE
    ../clib/microlib/malloc/malloc.c         0x00000000   Number         0  mallocr.o ABSOLUTE
    ../clib/microlib/malloc/malloc.c         0x00000000   Number         0  mallocra.o ABSOLUTE
    ../clib/microlib/malloc/malloc.c         0x00000000   Number         0  malloca.o ABSOLUTE
    ../clib/microlib/malloc/mvars.c          0x00000000   Number         0  mvars.o ABSOLUTE
    ../clib/microlib/printf/printf.c         0x00000000   Number         0  printf7.o ABSOLUTE
    ../clib/microlib/printf/printf.c         0x00000000   Number         0  printfa.o ABSOLUTE
    ../clib/microlib/printf/printf.c         0x00000000   Number         0  printf6.o ABSOLUTE
    ../clib/microlib/printf/printf.c         0x00000000   Number         0  printf5.o ABSOLUTE
    ../clib/microlib/printf/printf.c         0x00000000   Number         0  printf3.o ABSOLUTE
    ../clib/microlib/printf/printf.c         0x00000000   Number         0  printf8.o ABSOLUTE
    ../clib/microlib/printf/printf.c         0x00000000   Number         0  printf4.o ABSOLUTE
    ../clib/microlib/printf/printf.c         0x00000000   Number         0  printf1.o ABSOLUTE
    ../clib/microlib/printf/printf.c         0x00000000   Number         0  printf2.o ABSOLUTE
    ../clib/microlib/printf/printf.c         0x00000000   Number         0  printf0.o ABSOLUTE
    ../clib/microlib/printf/printf.c         0x00000000   Number         0  printfb.o ABSOLUTE
    ../clib/microlib/printf/stubs.s          0x00000000   Number         0  stubs.o ABSOLUTE
    ../clib/microlib/stdio/fputc.c           0x00000000   Number         0  fputc.o ABSOLUTE
    ../clib/microlib/stdio/semi.s            0x00000000   Number         0  semi.o ABSOLUTE
    ../clib/microlib/stdio/streams.c         0x00000000   Number         0  stdout.o ABSOLUTE
    ../clib/microlib/string/memcmp.c         0x00000000   Number         0  memcmp.o ABSOLUTE
    ../clib/microlib/string/memcpy.c         0x00000000   Number         0  memcpyb.o ABSOLUTE
    ../clib/microlib/string/memcpy.c         0x00000000   Number         0  memcpya.o ABSOLUTE
    ../clib/microlib/stubs.s                 0x00000000   Number         0  iusefp.o ABSOLUTE
    ../clib/microlib/stubs.s                 0x00000000   Number         0  iusesemip.o ABSOLUTE
    ../fplib/microlib/fpadd.c                0x00000000   Number         0  dadd.o ABSOLUTE
    ../fplib/microlib/fpdiv.c                0x00000000   Number         0  ddiv.o ABSOLUTE
    ../fplib/microlib/fpepilogue.c           0x00000000   Number         0  depilogue.o ABSOLUTE
    ../fplib/microlib/fpfix.c                0x00000000   Number         0  dfixul.o ABSOLUTE
    ../fplib/microlib/fpfix.c                0x00000000   Number         0  dfixl.o ABSOLUTE
    ../fplib/microlib/fpflt.c                0x00000000   Number         0  dfltui.o ABSOLUTE
    ../fplib/microlib/fpflt.c                0x00000000   Number         0  dfltl.o ABSOLUTE
    ../fplib/microlib/fpmul.c                0x00000000   Number         0  dmul.o ABSOLUTE
    ..\Drivers\CMSIS\Device\ST\STM32L4xx\Source\Templates\system_stm32l4xx.c 0x00000000   Number         0  system_stm32l4xx.o ABSOLUTE
    ..\Drivers\STM32L4xx_HAL_Driver\Src\stm32l4xx_hal.c 0x00000000   Number         0  stm32l4xx_hal.o ABSOLUTE
    ..\Drivers\STM32L4xx_HAL_Driver\Src\stm32l4xx_hal_cortex.c 0x00000000   Number         0  stm32l4xx_hal_cortex.o ABSOLUTE
    ..\Drivers\STM32L4xx_HAL_Driver\Src\stm32l4xx_hal_dma.c 0x00000000   Number         0  stm32l4xx_hal_dma.o ABSOLUTE
    ..\Drivers\STM32L4xx_HAL_Driver\Src\stm32l4xx_hal_flash.c 0x00000000   Number         0  stm32l4xx_hal_flash.o ABSOLUTE
    ..\Drivers\STM32L4xx_HAL_Driver\Src\stm32l4xx_hal_flash_ex.c 0x00000000   Number         0  stm32l4xx_hal_flash_ex.o ABSOLUTE
    ..\Drivers\STM32L4xx_HAL_Driver\Src\stm32l4xx_hal_flash_ramfunc.c 0x00000000   Number         0  stm32l4xx_hal_flash_ramfunc.o ABSOLUTE
    ..\Drivers\STM32L4xx_HAL_Driver\Src\stm32l4xx_hal_gpio.c 0x00000000   Number         0  stm32l4xx_hal_gpio.o ABSOLUTE
    ..\Drivers\STM32L4xx_HAL_Driver\Src\stm32l4xx_hal_i2c.c 0x00000000   Number         0  stm32l4xx_hal_i2c.o ABSOLUTE
    ..\Drivers\STM32L4xx_HAL_Driver\Src\stm32l4xx_hal_i2c_ex.c 0x00000000   Number         0  stm32l4xx_hal_i2c_ex.o ABSOLUTE
    ..\Drivers\STM32L4xx_HAL_Driver\Src\stm32l4xx_hal_pcd.c 0x00000000   Number         0  stm32l4xx_hal_pcd.o ABSOLUTE
    ..\Drivers\STM32L4xx_HAL_Driver\Src\stm32l4xx_hal_pcd_ex.c 0x00000000   Number         0  stm32l4xx_hal_pcd_ex.o ABSOLUTE
    ..\Drivers\STM32L4xx_HAL_Driver\Src\stm32l4xx_hal_pwr.c 0x00000000   Number         0  stm32l4xx_hal_pwr.o ABSOLUTE
    ..\Drivers\STM32L4xx_HAL_Driver\Src\stm32l4xx_hal_pwr_ex.c 0x00000000   Number         0  stm32l4xx_hal_pwr_ex.o ABSOLUTE
    ..\Drivers\STM32L4xx_HAL_Driver\Src\stm32l4xx_hal_rcc.c 0x00000000   Number         0  stm32l4xx_hal_rcc.o ABSOLUTE
    ..\Drivers\STM32L4xx_HAL_Driver\Src\stm32l4xx_hal_rcc_ex.c 0x00000000   Number         0  stm32l4xx_hal_rcc_ex.o ABSOLUTE
    ..\Drivers\STM32L4xx_HAL_Driver\Src\stm32l4xx_hal_rtc.c 0x00000000   Number         0  stm32l4xx_hal_rtc.o ABSOLUTE
    ..\Drivers\STM32L4xx_HAL_Driver\Src\stm32l4xx_hal_rtc_ex.c 0x00000000   Number         0  stm32l4xx_hal_rtc_ex.o ABSOLUTE
    ..\Drivers\STM32L4xx_HAL_Driver\Src\stm32l4xx_hal_spi.c 0x00000000   Number         0  stm32l4xx_hal_spi.o ABSOLUTE
    ..\Drivers\STM32L4xx_HAL_Driver\Src\stm32l4xx_hal_spi_ex.c 0x00000000   Number         0  stm32l4xx_hal_spi_ex.o ABSOLUTE
    ..\Drivers\STM32L4xx_HAL_Driver\Src\stm32l4xx_hal_tim.c 0x00000000   Number         0  stm32l4xx_hal_tim.o ABSOLUTE
    ..\Drivers\STM32L4xx_HAL_Driver\Src\stm32l4xx_hal_tim_ex.c 0x00000000   Number         0  stm32l4xx_hal_tim_ex.o ABSOLUTE
    ..\Drivers\STM32L4xx_HAL_Driver\Src\stm32l4xx_hal_uart.c 0x00000000   Number         0  stm32l4xx_hal_uart.o ABSOLUTE
    ..\Drivers\STM32L4xx_HAL_Driver\Src\stm32l4xx_hal_uart_ex.c 0x00000000   Number         0  stm32l4xx_hal_uart_ex.o ABSOLUTE
    ..\Drivers\STM32L4xx_HAL_Driver\Src\stm32l4xx_ll_usb.c 0x00000000   Number         0  stm32l4xx_ll_usb.o ABSOLUTE
    ..\RL_drivers\deca_com.c                 0x00000000   Number         0  deca_com.o ABSOLUTE
    ..\RL_drivers\deca_spi.c                 0x00000000   Number         0  deca_spi.o ABSOLUTE
    ..\RL_drivers\usart_com.c                0x00000000   Number         0  usart_com.o ABSOLUTE
    ..\Src\main.c                            0x00000000   Number         0  main.o ABSOLUTE
    ..\Src\stm32l4xx_hal_msp.c               0x00000000   Number         0  stm32l4xx_hal_msp.o ABSOLUTE
    ..\Src\stm32l4xx_it.c                    0x00000000   Number         0  stm32l4xx_it.o ABSOLUTE
    ..\\RL_drivers\\deca_com.c               0x00000000   Number         0  deca_com.o ABSOLUTE
    ..\\RL_drivers\\deca_spi.c               0x00000000   Number         0  deca_spi.o ABSOLUTE
    ..\\RL_drivers\\usart_com.c              0x00000000   Number         0  usart_com.o ABSOLUTE
    ..\decadriver\deca_device.c              0x00000000   Number         0  deca_device.o ABSOLUTE
    ..\decadriver\deca_params_init.c         0x00000000   Number         0  deca_params_init.o ABSOLUTE
    cdrcmple.s                               0x00000000   Number         0  cdrcmple.o ABSOLUTE
    dc.s                                     0x00000000   Number         0  dc.o ABSOLUTE
    handlers.s                               0x00000000   Number         0  handlers.o ABSOLUTE
    init.s                                   0x00000000   Number         0  init.o ABSOLUTE
    startup_stm32l476xx.s                    0x00000000   Number         0  startup_stm32l476xx.o ABSOLUTE
    RESET                                    0x08000000   Section      392  startup_stm32l476xx.o(RESET)
    .ARM.Collect$$$$00000000                 0x08000188   Section        0  entry.o(.ARM.Collect$$$$00000000)
    .ARM.Collect$$$$00000001                 0x08000188   Section        4  entry2.o(.ARM.Collect$$$$00000001)
    .ARM.Collect$$$$00000004                 0x0800018c   Section        4  entry5.o(.ARM.Collect$$$$00000004)
    .ARM.Collect$$$$00000008                 0x08000190   Section        0  entry7b.o(.ARM.Collect$$$$00000008)
    .ARM.Collect$$$$0000000A                 0x08000190   Section        0  entry8b.o(.ARM.Collect$$$$0000000A)
    .ARM.Collect$$$$0000000B                 0x08000190   Section        8  entry9a.o(.ARM.Collect$$$$0000000B)
    .ARM.Collect$$$$0000000D                 0x08000198   Section        0  entry10a.o(.ARM.Collect$$$$0000000D)
    .ARM.Collect$$$$0000000F                 0x08000198   Section        0  entry11a.o(.ARM.Collect$$$$0000000F)
    .ARM.Collect$$$$00002712                 0x08000198   Section        4  entry2.o(.ARM.Collect$$$$00002712)
    __lit__00000000                          0x08000198   Data           4  entry2.o(.ARM.Collect$$$$00002712)
    .text                                    0x0800019c   Section       36  startup_stm32l476xx.o(.text)
    $v0                                      0x0800019c   Number         0  startup_stm32l476xx.o(.text)
    .text                                    0x080001c0   Section        0  uldiv.o(.text)
    .text                                    0x08000228   Section        0  memcpya.o(.text)
    .text                                    0x0800024c   Section        0  memcmp.o(.text)
    .text                                    0x08000266   Section        0  dadd.o(.text)
    .text                                    0x080003c4   Section        0  dmul.o(.text)
    .text                                    0x080004ae   Section        0  ddiv.o(.text)
    .text                                    0x0800058c   Section        0  dfltui.o(.text)
    .text                                    0x080005a6   Section        0  dfltl.o(.text)
    .text                                    0x080005ce   Section        0  dfixl.o(.text)
    .text                                    0x08000618   Section        0  uidiv.o(.text)
    .text                                    0x08000644   Section        0  llshl.o(.text)
    .text                                    0x08000662   Section        0  llushr.o(.text)
    .text                                    0x08000682   Section        0  llsshr.o(.text)
    .text                                    0x080006a6   Section        0  depilogue.o(.text)
    .text                                    0x080006a6   Section        0  iusefp.o(.text)
    .text                                    0x08000760   Section        0  dfixul.o(.text)
    .text                                    0x08000790   Section       48  cdrcmple.o(.text)
    .text                                    0x080007c0   Section       36  init.o(.text)
    i.EXTI0_IRQHandler                       0x080007e4   Section        0  stm32l4xx_it.o(i.EXTI0_IRQHandler)
    i.HAL_Delay                              0x080007ec   Section        0  stm32l4xx_hal.o(i.HAL_Delay)
    i.HAL_GPIO_EXTI_Callback                 0x08000804   Section        0  stm32l4xx_hal_gpio.o(i.HAL_GPIO_EXTI_Callback)
    i.HAL_GPIO_EXTI_IRQHandler               0x08000808   Section        0  stm32l4xx_hal_gpio.o(i.HAL_GPIO_EXTI_IRQHandler)
    i.HAL_GPIO_Init                          0x08000820   Section        0  stm32l4xx_hal_gpio.o(i.HAL_GPIO_Init)
    i.HAL_GPIO_WritePin                      0x080009ea   Section        0  stm32l4xx_hal_gpio.o(i.HAL_GPIO_WritePin)
    i.HAL_GetTick                            0x080009f4   Section        0  stm32l4xx_hal.o(i.HAL_GetTick)
    i.HAL_IncTick                            0x08000a00   Section        0  stm32l4xx_hal.o(i.HAL_IncTick)
    i.HAL_Init                               0x08000a10   Section        0  stm32l4xx_hal.o(i.HAL_Init)
    i.HAL_InitTick                           0x08000a28   Section        0  stm32l4xx_hal.o(i.HAL_InitTick)
    i.HAL_MspInit                            0x08000a50   Section        0  stm32l4xx_hal_msp.o(i.HAL_MspInit)
    i.HAL_NVIC_EnableIRQ                     0x08000a7c   Section        0  stm32l4xx_hal_cortex.o(i.HAL_NVIC_EnableIRQ)
    i.HAL_NVIC_SetPriority                   0x08000a94   Section        0  stm32l4xx_hal_cortex.o(i.HAL_NVIC_SetPriority)
    i.HAL_NVIC_SetPriorityGrouping           0x08000ad4   Section        0  stm32l4xx_hal_cortex.o(i.HAL_NVIC_SetPriorityGrouping)
    i.HAL_PCDEx_ActivateBCD                  0x08000af8   Section        0  stm32l4xx_hal_pcd_ex.o(i.HAL_PCDEx_ActivateBCD)
    i.HAL_PCDEx_ActivateLPM                  0x08000b0c   Section        0  stm32l4xx_hal_pcd_ex.o(i.HAL_PCDEx_ActivateLPM)
    i.HAL_PCD_Init                           0x08000b34   Section        0  stm32l4xx_hal_pcd.o(i.HAL_PCD_Init)
    i.HAL_PCD_MspInit                        0x08000c24   Section        0  stm32l4xx_hal_msp.o(i.HAL_PCD_MspInit)
    i.HAL_PWREx_ControlVoltageScaling        0x08000c94   Section        0  stm32l4xx_hal_pwr_ex.o(i.HAL_PWREx_ControlVoltageScaling)
    i.HAL_PWREx_EnableVddUSB                 0x08000cf8   Section        0  stm32l4xx_hal_pwr_ex.o(i.HAL_PWREx_EnableVddUSB)
    i.HAL_PWREx_GetVoltageRange              0x08000d08   Section        0  stm32l4xx_hal_pwr_ex.o(i.HAL_PWREx_GetVoltageRange)
    i.HAL_RCCEx_EnableMSIPLLMode             0x08000d18   Section        0  stm32l4xx_hal_rcc_ex.o(i.HAL_RCCEx_EnableMSIPLLMode)
    i.HAL_RCCEx_PeriphCLKConfig              0x08000d28   Section        0  stm32l4xx_hal_rcc_ex.o(i.HAL_RCCEx_PeriphCLKConfig)
    i.HAL_RCC_ClockConfig                    0x080010cc   Section        0  stm32l4xx_hal_rcc.o(i.HAL_RCC_ClockConfig)
    i.HAL_RCC_GetHCLKFreq                    0x0800124c   Section        0  stm32l4xx_hal_rcc.o(i.HAL_RCC_GetHCLKFreq)
    i.HAL_RCC_GetPCLK1Freq                   0x08001258   Section        0  stm32l4xx_hal_rcc.o(i.HAL_RCC_GetPCLK1Freq)
    i.HAL_RCC_GetPCLK2Freq                   0x08001288   Section        0  stm32l4xx_hal_rcc.o(i.HAL_RCC_GetPCLK2Freq)
    i.HAL_RCC_GetSysClockFreq                0x080012b8   Section        0  stm32l4xx_hal_rcc.o(i.HAL_RCC_GetSysClockFreq)
    i.HAL_RCC_OscConfig                      0x080013b4   Section        0  stm32l4xx_hal_rcc.o(i.HAL_RCC_OscConfig)
    i.HAL_SPI_Init                           0x08001854   Section        0  stm32l4xx_hal_spi.o(i.HAL_SPI_Init)
    i.HAL_SPI_MspInit                        0x08001914   Section        0  stm32l4xx_hal_msp.o(i.HAL_SPI_MspInit)
    i.HAL_SPI_TransmitReceive                0x08001974   Section        0  stm32l4xx_hal_spi.o(i.HAL_SPI_TransmitReceive)
    i.HAL_SYSTICK_CLKSourceConfig            0x08001c00   Section        0  stm32l4xx_hal_cortex.o(i.HAL_SYSTICK_CLKSourceConfig)
    i.HAL_SYSTICK_Callback                   0x08001c18   Section        0  stm32l4xx_hal_cortex.o(i.HAL_SYSTICK_Callback)
    i.HAL_SYSTICK_Config                     0x08001c1a   Section        0  stm32l4xx_hal_cortex.o(i.HAL_SYSTICK_Config)
    i.HAL_SYSTICK_IRQHandler                 0x08001c42   Section        0  stm32l4xx_hal_cortex.o(i.HAL_SYSTICK_IRQHandler)
    i.HAL_UART_Init                          0x08001c4a   Section        0  stm32l4xx_hal_uart.o(i.HAL_UART_Init)
    i.HAL_UART_MspInit                       0x08001cb4   Section        0  stm32l4xx_hal_msp.o(i.HAL_UART_MspInit)
    i.HAL_UART_Transmit                      0x08001cfc   Section        0  stm32l4xx_hal_uart.o(i.HAL_UART_Transmit)
    i.MX_GPIO_Init                           0x08001dc4   Section        0  main.o(i.MX_GPIO_Init)
    MX_GPIO_Init                             0x08001dc5   Thumb Code   210  main.o(i.MX_GPIO_Init)
    i.MX_SPI1_Init                           0x08001ea8   Section        0  main.o(i.MX_SPI1_Init)
    MX_SPI1_Init                             0x08001ea9   Thumb Code    54  main.o(i.MX_SPI1_Init)
    i.MX_USART2_UART_Init                    0x08001ee8   Section        0  main.o(i.MX_USART2_UART_Init)
    MX_USART2_UART_Init                      0x08001ee9   Thumb Code    36  main.o(i.MX_USART2_UART_Init)
    i.MX_USB_OTG_FS_PCD_Init                 0x08001f14   Section        0  main.o(i.MX_USB_OTG_FS_PCD_Init)
    MX_USB_OTG_FS_PCD_Init                   0x08001f15   Thumb Code    36  main.o(i.MX_USB_OTG_FS_PCD_Init)
    i.NVIC_SetPriority                       0x08001f3c   Section        0  stm32l4xx_hal_cortex.o(i.NVIC_SetPriority)
    NVIC_SetPriority                         0x08001f3d   Thumb Code    32  stm32l4xx_hal_cortex.o(i.NVIC_SetPriority)
    i.RCCEx_PLLSAI1_ConfigNP                 0x08001f5c   Section        0  stm32l4xx_hal_rcc_ex.o(i.RCCEx_PLLSAI1_ConfigNP)
    RCCEx_PLLSAI1_ConfigNP                   0x08001f5d   Thumb Code   150  stm32l4xx_hal_rcc_ex.o(i.RCCEx_PLLSAI1_ConfigNP)
    i.RCCEx_PLLSAI1_ConfigNQ                 0x08001ff8   Section        0  stm32l4xx_hal_rcc_ex.o(i.RCCEx_PLLSAI1_ConfigNQ)
    RCCEx_PLLSAI1_ConfigNQ                   0x08001ff9   Thumb Code   154  stm32l4xx_hal_rcc_ex.o(i.RCCEx_PLLSAI1_ConfigNQ)
    i.RCCEx_PLLSAI1_ConfigNR                 0x08002098   Section        0  stm32l4xx_hal_rcc_ex.o(i.RCCEx_PLLSAI1_ConfigNR)
    RCCEx_PLLSAI1_ConfigNR                   0x08002099   Thumb Code   154  stm32l4xx_hal_rcc_ex.o(i.RCCEx_PLLSAI1_ConfigNR)
    i.RCCEx_PLLSAI2_ConfigNP                 0x08002138   Section        0  stm32l4xx_hal_rcc_ex.o(i.RCCEx_PLLSAI2_ConfigNP)
    RCCEx_PLLSAI2_ConfigNP                   0x08002139   Thumb Code   150  stm32l4xx_hal_rcc_ex.o(i.RCCEx_PLLSAI2_ConfigNP)
    i.RCCEx_PLLSAI2_ConfigNR                 0x080021d4   Section        0  stm32l4xx_hal_rcc_ex.o(i.RCCEx_PLLSAI2_ConfigNR)
    RCCEx_PLLSAI2_ConfigNR                   0x080021d5   Thumb Code   154  stm32l4xx_hal_rcc_ex.o(i.RCCEx_PLLSAI2_ConfigNR)
    i.RCC_SetFlashLatencyFromMSIRange        0x08002274   Section        0  stm32l4xx_hal_rcc.o(i.RCC_SetFlashLatencyFromMSIRange)
    RCC_SetFlashLatencyFromMSIRange          0x08002275   Thumb Code   116  stm32l4xx_hal_rcc.o(i.RCC_SetFlashLatencyFromMSIRange)
    i.SPI_EndRxTxTransaction                 0x080022f0   Section        0  stm32l4xx_hal_spi.o(i.SPI_EndRxTxTransaction)
    SPI_EndRxTxTransaction                   0x080022f1   Thumb Code    48  stm32l4xx_hal_spi.o(i.SPI_EndRxTxTransaction)
    i.SPI_WaitFifoStateUntilTimeout          0x08002320   Section        0  stm32l4xx_hal_spi.o(i.SPI_WaitFifoStateUntilTimeout)
    SPI_WaitFifoStateUntilTimeout            0x08002321   Thumb Code   162  stm32l4xx_hal_spi.o(i.SPI_WaitFifoStateUntilTimeout)
    i.SPI_WaitFlagStateUntilTimeout          0x080023c2   Section        0  stm32l4xx_hal_spi.o(i.SPI_WaitFlagStateUntilTimeout)
    SPI_WaitFlagStateUntilTimeout            0x080023c3   Thumb Code   142  stm32l4xx_hal_spi.o(i.SPI_WaitFlagStateUntilTimeout)
    i.SysTick_Handler                        0x08002450   Section        0  stm32l4xx_it.o(i.SysTick_Handler)
    i.SystemClock_Config                     0x08002460   Section        0  main.o(i.SystemClock_Config)
    i.SystemInit                             0x0800250c   Section        0  system_stm32l4xx.o(i.SystemInit)
    i.UART_AdvFeatureConfig                  0x08002550   Section        0  stm32l4xx_hal_uart.o(i.UART_AdvFeatureConfig)
    i.UART_CheckIdleState                    0x08002618   Section        0  stm32l4xx_hal_uart.o(i.UART_CheckIdleState)
    i.UART_SetConfig                         0x08002668   Section        0  stm32l4xx_hal_uart.o(i.UART_SetConfig)
    i.UART_WaitOnFlagUntilTimeout            0x080028e8   Section        0  stm32l4xx_hal_uart.o(i.UART_WaitOnFlagUntilTimeout)
    i.USART_putc                             0x0800297c   Section        0  usart_com.o(i.USART_putc)
    i.USART_puts                             0x08002990   Section        0  usart_com.o(i.USART_puts)
    i.USB_CoreInit                           0x080029a8   Section        0  stm32l4xx_ll_usb.o(i.USB_CoreInit)
    i.USB_DevDisconnect                      0x080029f0   Section        0  stm32l4xx_ll_usb.o(i.USB_DevDisconnect)
    i.USB_DevInit                            0x08002a08   Section        0  stm32l4xx_ll_usb.o(i.USB_DevInit)
    i.USB_DisableGlobalInt                   0x08002b4c   Section        0  stm32l4xx_ll_usb.o(i.USB_DisableGlobalInt)
    i.USB_FlushRxFifo                        0x08002b58   Section        0  stm32l4xx_ll_usb.o(i.USB_FlushRxFifo)
    i.USB_FlushTxFifo                        0x08002b78   Section        0  stm32l4xx_ll_usb.o(i.USB_FlushTxFifo)
    i.USB_SetCurrentMode                     0x08002b9c   Section        0  stm32l4xx_ll_usb.o(i.USB_SetCurrentMode)
    i.__0sprintf                             0x08002bc8   Section        0  printfa.o(i.__0sprintf)
    i.__scatterload_copy                     0x08002bf0   Section       14  handlers.o(i.__scatterload_copy)
    i.__scatterload_null                     0x08002bfe   Section        2  handlers.o(i.__scatterload_null)
    i.__scatterload_zeroinit                 0x08002c00   Section       14  handlers.o(i.__scatterload_zeroinit)
    i._dwt_aonarrayupload                    0x08002c0e   Section        0  deca_device.o(i._dwt_aonarrayupload)
    i._dwt_configlde                         0x08002c28   Section        0  deca_device.o(i._dwt_configlde)
    i._dwt_disablesequencing                 0x08002c52   Section        0  deca_device.o(i._dwt_disablesequencing)
    i._dwt_enableclocks                      0x08002c68   Section        0  deca_device.o(i._dwt_enableclocks)
    i._dwt_loaducodefromrom                  0x08002d36   Section        0  deca_device.o(i._dwt_loaducodefromrom)
    i._dwt_otpread                           0x08002d5a   Section        0  deca_device.o(i._dwt_otpread)
    i._fp_digits                             0x08002d88   Section        0  printfa.o(i._fp_digits)
    _fp_digits                               0x08002d89   Thumb Code   334  printfa.o(i._fp_digits)
    i._printf_core                           0x08002ef4   Section        0  printfa.o(i._printf_core)
    _printf_core                             0x08002ef5   Thumb Code  1744  printfa.o(i._printf_core)
    i._printf_post_padding                   0x080035d6   Section        0  printfa.o(i._printf_post_padding)
    _printf_post_padding                     0x080035d7   Thumb Code    36  printfa.o(i._printf_post_padding)
    i._printf_pre_padding                    0x080035fa   Section        0  printfa.o(i._printf_pre_padding)
    _printf_pre_padding                      0x080035fb   Thumb Code    46  printfa.o(i._printf_pre_padding)
    i._sputc                                 0x08003628   Section        0  printfa.o(i._sputc)
    _sputc                                   0x08003629   Thumb Code    10  printfa.o(i._sputc)
    i.deca_sleep                             0x08003632   Section        0  deca_spi.o(i.deca_sleep)
    i.decamutexoff                           0x08003636   Section        0  deca_spi.o(i.decamutexoff)
    i.decamutexon                            0x08003638   Section        0  deca_spi.o(i.decamutexon)
    i.dwt_configure                          0x0800363c   Section        0  deca_device.o(i.dwt_configure)
    i.dwt_forcetrxoff                        0x0800383c   Section        0  deca_device.o(i.dwt_forcetrxoff)
    i.dwt_initialise                         0x08003890   Section        0  deca_device.o(i.dwt_initialise)
    i.dwt_read16bitoffsetreg                 0x08003960   Section        0  deca_device.o(i.dwt_read16bitoffsetreg)
    i.dwt_read32bitoffsetreg                 0x0800397e   Section        0  deca_device.o(i.dwt_read32bitoffsetreg)
    i.dwt_read8bitoffsetreg                  0x080039a0   Section        0  deca_device.o(i.dwt_read8bitoffsetreg)
    i.dwt_readdevid                          0x080039b4   Section        0  deca_device.o(i.dwt_readdevid)
    i.dwt_readfromdevice                     0x080039bc   Section        0  deca_device.o(i.dwt_readfromdevice)
    i.dwt_readrxdata                         0x080039f6   Section        0  deca_device.o(i.dwt_readrxdata)
    i.dwt_readrxtimestamp                    0x08003a08   Section        0  deca_device.o(i.dwt_readrxtimestamp)
    i.dwt_readtxtimestamp                    0x08003a14   Section        0  deca_device.o(i.dwt_readtxtimestamp)
    i.dwt_rxenable                           0x08003a20   Section        0  deca_device.o(i.dwt_rxenable)
    i.dwt_rxreset                            0x08003a6e   Section        0  deca_device.o(i.dwt_rxreset)
    i.dwt_setrxantennadelay                  0x08003a88   Section        0  deca_device.o(i.dwt_setrxantennadelay)
    i.dwt_setrxtimeout                       0x08003a94   Section        0  deca_device.o(i.dwt_setrxtimeout)
    i.dwt_settxantennadelay                  0x08003ad8   Section        0  deca_device.o(i.dwt_settxantennadelay)
    i.dwt_setxtaltrim                        0x08003ae2   Section        0  deca_device.o(i.dwt_setxtaltrim)
    i.dwt_softreset                          0x08003af4   Section        0  deca_device.o(i.dwt_softreset)
    i.dwt_starttx                            0x08003b38   Section        0  deca_device.o(i.dwt_starttx)
    i.dwt_syncrxbufptrs                      0x08003ba0   Section        0  deca_device.o(i.dwt_syncrxbufptrs)
    i.dwt_write16bitoffsetreg                0x08003bc8   Section        0  deca_device.o(i.dwt_write16bitoffsetreg)
    i.dwt_write32bitoffsetreg                0x08003be2   Section        0  deca_device.o(i.dwt_write32bitoffsetreg)
    i.dwt_write8bitoffsetreg                 0x08003c00   Section        0  deca_device.o(i.dwt_write8bitoffsetreg)
    i.dwt_writetodevice                      0x08003c10   Section        0  deca_device.o(i.dwt_writetodevice)
    i.dwt_writetxdata                        0x08003c4e   Section        0  deca_device.o(i.dwt_writetxdata)
    i.dwt_writetxfctrl                       0x08003c70   Section        0  deca_device.o(i.dwt_writetxfctrl)
    i.final_msg_get_ts_tag                   0x08003c8c   Section        0  main.o(i.final_msg_get_ts_tag)
    final_msg_get_ts_tag                     0x08003c8d   Thumb Code    26  main.o(i.final_msg_get_ts_tag)
    i.final_msg_set_ts_anchor                0x08003ca6   Section        0  main.o(i.final_msg_set_ts_anchor)
    final_msg_set_ts_anchor                  0x08003ca7   Thumb Code    22  main.o(i.final_msg_set_ts_anchor)
    i.free                                   0x08003cbc   Section        0  malloc.o(i.free)
    i.get_rx_timestamp_u64                   0x08003d0c   Section        0  main.o(i.get_rx_timestamp_u64)
    get_rx_timestamp_u64                     0x08003d0d   Thumb Code    38  main.o(i.get_rx_timestamp_u64)
    i.get_tx_timestamp_u64                   0x08003d32   Section        0  main.o(i.get_tx_timestamp_u64)
    get_tx_timestamp_u64                     0x08003d33   Thumb Code    38  main.o(i.get_tx_timestamp_u64)
    i.main                                   0x08003d58   Section        0  main.o(i.main)
    i.malloc                                 0x080042b0   Section        0  malloc.o(i.malloc)
    i.readfromspi                            0x0800431c   Section        0  deca_spi.o(i.readfromspi)
    i.reset_DW1000                           0x0800438c   Section        0  deca_com.o(i.reset_DW1000)
    i.set_spi_speed_high                     0x080043c8   Section        0  deca_spi.o(i.set_spi_speed_high)
    i.set_spi_speed_low                      0x080043e0   Section        0  deca_spi.o(i.set_spi_speed_low)
    i.wakeup_DW1000                          0x080043f8   Section        0  deca_com.o(i.wakeup_DW1000)
    i.writetospi                             0x0800440c   Section        0  deca_spi.o(i.writetospi)
    .constdata                               0x0800447c   Section       64  system_stm32l4xx.o(.constdata)
    .constdata                               0x080044bc   Section        8  system_stm32l4xx.o(.constdata)
    .constdata                               0x080044c4   Section        8  deca_params_init.o(.constdata)
    .constdata                               0x080044cc   Section       24  deca_params_init.o(.constdata)
    .constdata                               0x080044e4   Section       24  deca_params_init.o(.constdata)
    .constdata                               0x080044fc   Section        6  deca_params_init.o(.constdata)
    .constdata                               0x08004502   Section        2  deca_params_init.o(.constdata)
    .constdata                               0x08004504   Section        8  deca_params_init.o(.constdata)
    .constdata                               0x0800450c   Section        3  deca_params_init.o(.constdata)
    .constdata                               0x08004510   Section       12  deca_params_init.o(.constdata)
    .constdata                               0x0800451c   Section        4  deca_params_init.o(.constdata)
    .constdata                               0x08004520   Section       32  deca_params_init.o(.constdata)
    .constdata                               0x08004540   Section       50  deca_params_init.o(.constdata)
    .data                                    0x20000000   Section      210  main.o(.data)
    cFrameSeqNb                              0x20000000   Data           1  main.o(.data)
    status_reg                               0x20000008   Data           4  main.o(.data)
    poll_rx_ts                               0x2000000c   Data           4  main.o(.data)
    resp_tx_ts                               0x20000010   Data           4  main.o(.data)
    final_rx_ts                              0x20000014   Data           4  main.o(.data)
    tof                                      0x20000018   Data           8  main.o(.data)
    toc                                      0x20000020   Data           8  main.o(.data)
    distance                                 0x20000028   Data           8  main.o(.data)
    config                                   0x20000030   Data          12  main.o(.data)
    tx_poll_msg                              0x2000003c   Data          12  main.o(.data)
    rx_resp_msg                              0x20000048   Data          15  main.o(.data)
    tx_final_msg                             0x20000057   Data          24  main.o(.data)
    rx_final2_msg                            0x2000006f   Data          24  main.o(.data)
    rx_poll_msg                              0x20000087   Data          12  main.o(.data)
    tx_resp_msg                              0x20000093   Data          15  main.o(.data)
    rx_final_msg                             0x200000a2   Data          24  main.o(.data)
    tx_final2_msg                            0x200000ba   Data          24  main.o(.data)
    .data                                    0x200000d4   Section        4  system_stm32l4xx.o(.data)
    .data                                    0x200000d8   Section        4  stm32l4xx_hal.o(.data)
    .data                                    0x200000dc   Section        4  mvars.o(.data)
    .data                                    0x200000e0   Section        4  mvars.o(.data)
    .bss                                     0x200000e4   Section     1240  main.o(.bss)
    rx_buffer                                0x200005a4   Data          24  main.o(.bss)
    .bss                                     0x200005bc   Section       56  deca_device.o(.bss)
    dw1000local                              0x200005bc   Data          56  deca_device.o(.bss)
    HEAP                                     0x200005f8   Section     1024  startup_stm32l476xx.o(HEAP)
    STACK                                    0x200009f8   Section      512  startup_stm32l476xx.o(STACK)

    Global Symbols

    Symbol Name                              Value     Ov Type        Size  Object(Section)

    BuildAttributes$$THM_ISAv4$E$P$D$K$B$S$7EM$VFPi3$EXTD16$VFPS$VFMA$PE$A:L22UL41UL21$X:L11$S22US41US21$IEEE1$IW$USESV6$~STKCKD$USESV7$~SHL$OSPACE$ROPI$EBA8$MICROLIB$REQ8$PRES8$EABIv2 0x00000000   Number         0  anon$$obj.o ABSOLUTE
    __ARM_use_no_argv                        0x00000000   Number         0  main.o ABSOLUTE
    _printf_a                                0x00000000   Number         0  stubs.o ABSOLUTE
    _printf_c                                0x00000000   Number         0  stubs.o ABSOLUTE
    _printf_charcount                        0x00000000   Number         0  stubs.o ABSOLUTE
    _printf_d                                0x00000000   Number         0  stubs.o ABSOLUTE
    _printf_e                                0x00000000   Number         0  stubs.o ABSOLUTE
    _printf_f                                0x00000000   Number         0  stubs.o ABSOLUTE
    _printf_flags                            0x00000000   Number         0  stubs.o ABSOLUTE
    _printf_fp_dec                           0x00000000   Number         0  stubs.o ABSOLUTE
    _printf_fp_hex                           0x00000000   Number         0  stubs.o ABSOLUTE
    _printf_g                                0x00000000   Number         0  stubs.o ABSOLUTE
    _printf_i                                0x00000000   Number         0  stubs.o ABSOLUTE
    _printf_int_dec                          0x00000000   Number         0  stubs.o ABSOLUTE
    _printf_l                                0x00000000   Number         0  stubs.o ABSOLUTE
    _printf_lc                               0x00000000   Number         0  stubs.o ABSOLUTE
    _printf_ll                               0x00000000   Number         0  stubs.o ABSOLUTE
    _printf_lld                              0x00000000   Number         0  stubs.o ABSOLUTE
    _printf_lli                              0x00000000   Number         0  stubs.o ABSOLUTE
    _printf_llo                              0x00000000   Number         0  stubs.o ABSOLUTE
    _printf_llu                              0x00000000   Number         0  stubs.o ABSOLUTE
    _printf_llx                              0x00000000   Number         0  stubs.o ABSOLUTE
    _printf_longlong_dec                     0x00000000   Number         0  stubs.o ABSOLUTE
    _printf_longlong_hex                     0x00000000   Number         0  stubs.o ABSOLUTE
    _printf_longlong_oct                     0x00000000   Number         0  stubs.o ABSOLUTE
    _printf_ls                               0x00000000   Number         0  stubs.o ABSOLUTE
    _printf_mbtowc                           0x00000000   Number         0  stubs.o ABSOLUTE
    _printf_n                                0x00000000   Number         0  stubs.o ABSOLUTE
    _printf_o                                0x00000000   Number         0  stubs.o ABSOLUTE
    _printf_p                                0x00000000   Number         0  stubs.o ABSOLUTE
    _printf_percent                          0x00000000   Number         0  stubs.o ABSOLUTE
    _printf_pre_padding                      0x00000000   Number         0  stubs.o ABSOLUTE
    _printf_return_value                     0x00000000   Number         0  stubs.o ABSOLUTE
    _printf_s                                0x00000000   Number         0  stubs.o ABSOLUTE
    _printf_sizespec                         0x00000000   Number         0  stubs.o ABSOLUTE
    _printf_str                              0x00000000   Number         0  stubs.o ABSOLUTE
    _printf_truncate_signed                  0x00000000   Number         0  stubs.o ABSOLUTE
    _printf_truncate_unsigned                0x00000000   Number         0  stubs.o ABSOLUTE
    _printf_u                                0x00000000   Number         0  stubs.o ABSOLUTE
    _printf_wc                               0x00000000   Number         0  stubs.o ABSOLUTE
    _printf_wctomb                           0x00000000   Number         0  stubs.o ABSOLUTE
    _printf_widthprec                        0x00000000   Number         0  stubs.o ABSOLUTE
    _printf_x                                0x00000000   Number         0  stubs.o ABSOLUTE
    __cpp_initialize__aeabi_                  - Undefined Weak Reference
    __cxa_finalize                            - Undefined Weak Reference
    __decompress                              - Undefined Weak Reference
    _clock_init                               - Undefined Weak Reference
    _microlib_exit                            - Undefined Weak Reference
    __Vectors_Size                           0x00000188   Number         0  startup_stm32l476xx.o ABSOLUTE
    __Vectors                                0x08000000   Data           4  startup_stm32l476xx.o(RESET)
    __Vectors_End                            0x08000188   Data           0  startup_stm32l476xx.o(RESET)
    __main                                   0x08000189   Thumb Code     0  entry.o(.ARM.Collect$$$$00000000)
    _main_stk                                0x08000189   Thumb Code     0  entry2.o(.ARM.Collect$$$$00000001)
    _main_scatterload                        0x0800018d   Thumb Code     0  entry5.o(.ARM.Collect$$$$00000004)
    __main_after_scatterload                 0x08000191   Thumb Code     0  entry5.o(.ARM.Collect$$$$00000004)
    _main_clock                              0x08000191   Thumb Code     0  entry7b.o(.ARM.Collect$$$$00000008)
    _main_cpp_init                           0x08000191   Thumb Code     0  entry8b.o(.ARM.Collect$$$$0000000A)
    _main_init                               0x08000191   Thumb Code     0  entry9a.o(.ARM.Collect$$$$0000000B)
    __rt_final_cpp                           0x08000199   Thumb Code     0  entry10a.o(.ARM.Collect$$$$0000000D)
    __rt_final_exit                          0x08000199   Thumb Code     0  entry11a.o(.ARM.Collect$$$$0000000F)
    Reset_Handler                            0x0800019d   Thumb Code     8  startup_stm32l476xx.o(.text)
    NMI_Handler                              0x080001a5   Thumb Code     2  startup_stm32l476xx.o(.text)
    HardFault_Handler                        0x080001a7   Thumb Code     2  startup_stm32l476xx.o(.text)
    MemManage_Handler                        0x080001a9   Thumb Code     2  startup_stm32l476xx.o(.text)
    BusFault_Handler                         0x080001ab   Thumb Code     2  startup_stm32l476xx.o(.text)
    UsageFault_Handler                       0x080001ad   Thumb Code     2  startup_stm32l476xx.o(.text)
    SVC_Handler                              0x080001af   Thumb Code     2  startup_stm32l476xx.o(.text)
    DebugMon_Handler                         0x080001b1   Thumb Code     2  startup_stm32l476xx.o(.text)
    PendSV_Handler                           0x080001b3   Thumb Code     2  startup_stm32l476xx.o(.text)
    ADC1_2_IRQHandler                        0x080001b7   Thumb Code     0  startup_stm32l476xx.o(.text)
    ADC3_IRQHandler                          0x080001b7   Thumb Code     0  startup_stm32l476xx.o(.text)
    CAN1_RX0_IRQHandler                      0x080001b7   Thumb Code     0  startup_stm32l476xx.o(.text)
    CAN1_RX1_IRQHandler                      0x080001b7   Thumb Code     0  startup_stm32l476xx.o(.text)
    CAN1_SCE_IRQHandler                      0x080001b7   Thumb Code     0  startup_stm32l476xx.o(.text)
    CAN1_TX_IRQHandler                       0x080001b7   Thumb Code     0  startup_stm32l476xx.o(.text)
    COMP_IRQHandler                          0x080001b7   Thumb Code     0  startup_stm32l476xx.o(.text)
    DFSDM0_IRQHandler                        0x080001b7   Thumb Code     0  startup_stm32l476xx.o(.text)
    DFSDM1_IRQHandler                        0x080001b7   Thumb Code     0  startup_stm32l476xx.o(.text)
    DFSDM2_IRQHandler                        0x080001b7   Thumb Code     0  startup_stm32l476xx.o(.text)
    DFSDM3_IRQHandler                        0x080001b7   Thumb Code     0  startup_stm32l476xx.o(.text)
    DMA1_Channel1_IRQHandler                 0x080001b7   Thumb Code     0  startup_stm32l476xx.o(.text)
    DMA1_Channel2_IRQHandler                 0x080001b7   Thumb Code     0  startup_stm32l476xx.o(.text)
    DMA1_Channel3_IRQHandler                 0x080001b7   Thumb Code     0  startup_stm32l476xx.o(.text)
    DMA1_Channel4_IRQHandler                 0x080001b7   Thumb Code     0  startup_stm32l476xx.o(.text)
    DMA1_Channel5_IRQHandler                 0x080001b7   Thumb Code     0  startup_stm32l476xx.o(.text)
    DMA1_Channel6_IRQHandler                 0x080001b7   Thumb Code     0  startup_stm32l476xx.o(.text)
    DMA1_Channel7_IRQHandler                 0x080001b7   Thumb Code     0  startup_stm32l476xx.o(.text)
    DMA2_Channel1_IRQHandler                 0x080001b7   Thumb Code     0  startup_stm32l476xx.o(.text)
    DMA2_Channel2_IRQHandler                 0x080001b7   Thumb Code     0  startup_stm32l476xx.o(.text)
    DMA2_Channel3_IRQHandler                 0x080001b7   Thumb Code     0  startup_stm32l476xx.o(.text)
    DMA2_Channel4_IRQHandler                 0x080001b7   Thumb Code     0  startup_stm32l476xx.o(.text)
    DMA2_Channel5_IRQHandler                 0x080001b7   Thumb Code     0  startup_stm32l476xx.o(.text)
    DMA2_Channel6_IRQHandler                 0x080001b7   Thumb Code     0  startup_stm32l476xx.o(.text)
    DMA2_Channel7_IRQHandler                 0x080001b7   Thumb Code     0  startup_stm32l476xx.o(.text)
    EXTI15_10_IRQHandler                     0x080001b7   Thumb Code     0  startup_stm32l476xx.o(.text)
    EXTI1_IRQHandler                         0x080001b7   Thumb Code     0  startup_stm32l476xx.o(.text)
    EXTI2_IRQHandler                         0x080001b7   Thumb Code     0  startup_stm32l476xx.o(.text)
    EXTI3_IRQHandler                         0x080001b7   Thumb Code     0  startup_stm32l476xx.o(.text)
    EXTI4_IRQHandler                         0x080001b7   Thumb Code     0  startup_stm32l476xx.o(.text)
    EXTI9_5_IRQHandler                       0x080001b7   Thumb Code     0  startup_stm32l476xx.o(.text)
    FLASH_IRQHandler                         0x080001b7   Thumb Code     0  startup_stm32l476xx.o(.text)
    FMC_IRQHandler                           0x080001b7   Thumb Code     0  startup_stm32l476xx.o(.text)
    FPU_IRQHandler                           0x080001b7   Thumb Code     0  startup_stm32l476xx.o(.text)
    I2C1_ER_IRQHandler                       0x080001b7   Thumb Code     0  startup_stm32l476xx.o(.text)
    I2C1_EV_IRQHandler                       0x080001b7   Thumb Code     0  startup_stm32l476xx.o(.text)
    I2C2_ER_IRQHandler                       0x080001b7   Thumb Code     0  startup_stm32l476xx.o(.text)
    I2C2_EV_IRQHandler                       0x080001b7   Thumb Code     0  startup_stm32l476xx.o(.text)
    I2C3_ER_IRQHandler                       0x080001b7   Thumb Code     0  startup_stm32l476xx.o(.text)
    I2C3_EV_IRQHandler                       0x080001b7   Thumb Code     0  startup_stm32l476xx.o(.text)
    LCD_IRQHandler                           0x080001b7   Thumb Code     0  startup_stm32l476xx.o(.text)
    LPTIM1_IRQHandler                        0x080001b7   Thumb Code     0  startup_stm32l476xx.o(.text)
    LPTIM2_IRQHandler                        0x080001b7   Thumb Code     0  startup_stm32l476xx.o(.text)
    LPUART1_IRQHandler                       0x080001b7   Thumb Code     0  startup_stm32l476xx.o(.text)
    OTG_FS_IRQHandler                        0x080001b7   Thumb Code     0  startup_stm32l476xx.o(.text)
    PVD_PVM_IRQHandler                       0x080001b7   Thumb Code     0  startup_stm32l476xx.o(.text)
    QUADSPI_IRQHandler                       0x080001b7   Thumb Code     0  startup_stm32l476xx.o(.text)
    RCC_IRQHandler                           0x080001b7   Thumb Code     0  startup_stm32l476xx.o(.text)
    RNG_IRQHandler                           0x080001b7   Thumb Code     0  startup_stm32l476xx.o(.text)
    RTC_Alarm_IRQHandler                     0x080001b7   Thumb Code     0  startup_stm32l476xx.o(.text)
    RTC_WKUP_IRQHandler                      0x080001b7   Thumb Code     0  startup_stm32l476xx.o(.text)
    SAI1_IRQHandler                          0x080001b7   Thumb Code     0  startup_stm32l476xx.o(.text)
    SAI2_IRQHandler                          0x080001b7   Thumb Code     0  startup_stm32l476xx.o(.text)
    SDMMC1_IRQHandler                        0x080001b7   Thumb Code     0  startup_stm32l476xx.o(.text)
    SPI1_IRQHandler                          0x080001b7   Thumb Code     0  startup_stm32l476xx.o(.text)
    SPI2_IRQHandler                          0x080001b7   Thumb Code     0  startup_stm32l476xx.o(.text)
    SPI3_IRQHandler                          0x080001b7   Thumb Code     0  startup_stm32l476xx.o(.text)
    SWPMI1_IRQHandler                        0x080001b7   Thumb Code     0  startup_stm32l476xx.o(.text)
    TAMP_STAMP_IRQHandler                    0x080001b7   Thumb Code     0  startup_stm32l476xx.o(.text)
    TIM1_BRK_TIM15_IRQHandler                0x080001b7   Thumb Code     0  startup_stm32l476xx.o(.text)
    TIM1_CC_IRQHandler                       0x080001b7   Thumb Code     0  startup_stm32l476xx.o(.text)
    TIM1_TRG_COM_TIM17_IRQHandler            0x080001b7   Thumb Code     0  startup_stm32l476xx.o(.text)
    TIM1_UP_TIM16_IRQHandler                 0x080001b7   Thumb Code     0  startup_stm32l476xx.o(.text)
    TIM2_IRQHandler                          0x080001b7   Thumb Code     0  startup_stm32l476xx.o(.text)
    TIM3_IRQHandler                          0x080001b7   Thumb Code     0  startup_stm32l476xx.o(.text)
    TIM4_IRQHandler                          0x080001b7   Thumb Code     0  startup_stm32l476xx.o(.text)
    TIM5_IRQHandler                          0x080001b7   Thumb Code     0  startup_stm32l476xx.o(.text)
    TIM6_DAC_IRQHandler                      0x080001b7   Thumb Code     0  startup_stm32l476xx.o(.text)
    TIM7_IRQHandler                          0x080001b7   Thumb Code     0  startup_stm32l476xx.o(.text)
    TIM8_BRK_IRQHandler                      0x080001b7   Thumb Code     0  startup_stm32l476xx.o(.text)
    TIM8_CC_IRQHandler                       0x080001b7   Thumb Code     0  startup_stm32l476xx.o(.text)
    TIM8_TRG_COM_IRQHandler                  0x080001b7   Thumb Code     0  startup_stm32l476xx.o(.text)
    TIM8_UP_IRQHandler                       0x080001b7   Thumb Code     0  startup_stm32l476xx.o(.text)
    TSC_IRQHandler                           0x080001b7   Thumb Code     0  startup_stm32l476xx.o(.text)
    UART4_IRQHandler                         0x080001b7   Thumb Code     0  startup_stm32l476xx.o(.text)
    UART5_IRQHandler                         0x080001b7   Thumb Code     0  startup_stm32l476xx.o(.text)
    USART1_IRQHandler                        0x080001b7   Thumb Code     0  startup_stm32l476xx.o(.text)
    USART2_IRQHandler                        0x080001b7   Thumb Code     0  startup_stm32l476xx.o(.text)
    USART3_IRQHandler                        0x080001b7   Thumb Code     0  startup_stm32l476xx.o(.text)
    WWDG_IRQHandler                          0x080001b7   Thumb Code     0  startup_stm32l476xx.o(.text)
    __aeabi_uldivmod                         0x080001c1   Thumb Code    98  uldiv.o(.text)
    __aeabi_memcpy                           0x08000229   Thumb Code    36  memcpya.o(.text)
    __aeabi_memcpy4                          0x08000229   Thumb Code     0  memcpya.o(.text)
    __aeabi_memcpy8                          0x08000229   Thumb Code     0  memcpya.o(.text)
    memcmp                                   0x0800024d   Thumb Code    26  memcmp.o(.text)
    __aeabi_dadd                             0x08000267   Thumb Code   322  dadd.o(.text)
    __aeabi_dsub                             0x080003a9   Thumb Code     6  dadd.o(.text)
    __aeabi_drsub                            0x080003af   Thumb Code     6  dadd.o(.text)
    __aeabi_dmul                             0x080003c5   Thumb Code   228  dmul.o(.text)
    __aeabi_ddiv                             0x080004af   Thumb Code   222  ddiv.o(.text)
    __aeabi_ui2d                             0x0800058d   Thumb Code    26  dfltui.o(.text)
    __aeabi_l2d                              0x080005a7   Thumb Code    40  dfltl.o(.text)
    __aeabi_d2lz                             0x080005cf   Thumb Code    74  dfixl.o(.text)
    __aeabi_uidiv                            0x08000619   Thumb Code     0  uidiv.o(.text)
    __aeabi_uidivmod                         0x08000619   Thumb Code    44  uidiv.o(.text)
    __aeabi_llsl                             0x08000645   Thumb Code    30  llshl.o(.text)
    _ll_shift_l                              0x08000645   Thumb Code     0  llshl.o(.text)
    __aeabi_llsr                             0x08000663   Thumb Code    32  llushr.o(.text)
    _ll_ushift_r                             0x08000663   Thumb Code     0  llushr.o(.text)
    __aeabi_lasr                             0x08000683   Thumb Code    36  llsshr.o(.text)
    _ll_sshift_r                             0x08000683   Thumb Code     0  llsshr.o(.text)
    __I$use$fp                               0x080006a7   Thumb Code     0  iusefp.o(.text)
    _double_round                            0x080006a7   Thumb Code    30  depilogue.o(.text)
    _double_epilogue                         0x080006c5   Thumb Code   156  depilogue.o(.text)
    __aeabi_d2ulz                            0x08000761   Thumb Code    48  dfixul.o(.text)
    __aeabi_cdrcmple                         0x08000791   Thumb Code    48  cdrcmple.o(.text)
    __scatterload                            0x080007c1   Thumb Code    28  init.o(.text)
    __scatterload_rt2                        0x080007c1   Thumb Code     0  init.o(.text)
    EXTI0_IRQHandler                         0x080007e5   Thumb Code     6  stm32l4xx_it.o(i.EXTI0_IRQHandler)
    HAL_Delay                                0x080007ed   Thumb Code    24  stm32l4xx_hal.o(i.HAL_Delay)
    HAL_GPIO_EXTI_Callback                   0x08000805   Thumb Code     2  stm32l4xx_hal_gpio.o(i.HAL_GPIO_EXTI_Callback)
    HAL_GPIO_EXTI_IRQHandler                 0x08000809   Thumb Code    18  stm32l4xx_hal_gpio.o(i.HAL_GPIO_EXTI_IRQHandler)
    HAL_GPIO_Init                            0x08000821   Thumb Code   414  stm32l4xx_hal_gpio.o(i.HAL_GPIO_Init)
    HAL_GPIO_WritePin                        0x080009eb   Thumb Code    10  stm32l4xx_hal_gpio.o(i.HAL_GPIO_WritePin)
    HAL_GetTick                              0x080009f5   Thumb Code     6  stm32l4xx_hal.o(i.HAL_GetTick)
    HAL_IncTick                              0x08000a01   Thumb Code    10  stm32l4xx_hal.o(i.HAL_IncTick)
    HAL_Init                                 0x08000a11   Thumb Code    22  stm32l4xx_hal.o(i.HAL_Init)
    HAL_InitTick                             0x08000a29   Thumb Code    34  stm32l4xx_hal.o(i.HAL_InitTick)
    HAL_MspInit                              0x08000a51   Thumb Code    40  stm32l4xx_hal_msp.o(i.HAL_MspInit)
    HAL_NVIC_EnableIRQ                       0x08000a7d   Thumb Code    22  stm32l4xx_hal_cortex.o(i.HAL_NVIC_EnableIRQ)
    HAL_NVIC_SetPriority                     0x08000a95   Thumb Code    60  stm32l4xx_hal_cortex.o(i.HAL_NVIC_SetPriority)
    HAL_NVIC_SetPriorityGrouping             0x08000ad5   Thumb Code    26  stm32l4xx_hal_cortex.o(i.HAL_NVIC_SetPriorityGrouping)
    HAL_PCDEx_ActivateBCD                    0x08000af9   Thumb Code    20  stm32l4xx_hal_pcd_ex.o(i.HAL_PCDEx_ActivateBCD)
    HAL_PCDEx_ActivateLPM                    0x08000b0d   Thumb Code    34  stm32l4xx_hal_pcd_ex.o(i.HAL_PCDEx_ActivateLPM)
    HAL_PCD_Init                             0x08000b35   Thumb Code   238  stm32l4xx_hal_pcd.o(i.HAL_PCD_Init)
    HAL_PCD_MspInit                          0x08000c25   Thumb Code   106  stm32l4xx_hal_msp.o(i.HAL_PCD_MspInit)
    HAL_PWREx_ControlVoltageScaling          0x08000c95   Thumb Code    86  stm32l4xx_hal_pwr_ex.o(i.HAL_PWREx_ControlVoltageScaling)
    HAL_PWREx_EnableVddUSB                   0x08000cf9   Thumb Code    12  stm32l4xx_hal_pwr_ex.o(i.HAL_PWREx_EnableVddUSB)
    HAL_PWREx_GetVoltageRange                0x08000d09   Thumb Code    10  stm32l4xx_hal_pwr_ex.o(i.HAL_PWREx_GetVoltageRange)
    HAL_RCCEx_EnableMSIPLLMode               0x08000d19   Thumb Code    12  stm32l4xx_hal_rcc_ex.o(i.HAL_RCCEx_EnableMSIPLLMode)
    HAL_RCCEx_PeriphCLKConfig                0x08000d29   Thumb Code   914  stm32l4xx_hal_rcc_ex.o(i.HAL_RCCEx_PeriphCLKConfig)
    HAL_RCC_ClockConfig                      0x080010cd   Thumb Code   368  stm32l4xx_hal_rcc.o(i.HAL_RCC_ClockConfig)
    HAL_RCC_GetHCLKFreq                      0x0800124d   Thumb Code     6  stm32l4xx_hal_rcc.o(i.HAL_RCC_GetHCLKFreq)
    HAL_RCC_GetPCLK1Freq                     0x08001259   Thumb Code    34  stm32l4xx_hal_rcc.o(i.HAL_RCC_GetPCLK1Freq)
    HAL_RCC_GetPCLK2Freq                     0x08001289   Thumb Code    34  stm32l4xx_hal_rcc.o(i.HAL_RCC_GetPCLK2Freq)
    HAL_RCC_GetSysClockFreq                  0x080012b9   Thumb Code   238  stm32l4xx_hal_rcc.o(i.HAL_RCC_GetSysClockFreq)
    HAL_RCC_OscConfig                        0x080013b5   Thumb Code  1178  stm32l4xx_hal_rcc.o(i.HAL_RCC_OscConfig)
    HAL_SPI_Init                             0x08001855   Thumb Code   192  stm32l4xx_hal_spi.o(i.HAL_SPI_Init)
    HAL_SPI_MspInit                          0x08001915   Thumb Code    88  stm32l4xx_hal_msp.o(i.HAL_SPI_MspInit)
    HAL_SPI_TransmitReceive                  0x08001975   Thumb Code   646  stm32l4xx_hal_spi.o(i.HAL_SPI_TransmitReceive)
    HAL_SYSTICK_CLKSourceConfig              0x08001c01   Thumb Code    24  stm32l4xx_hal_cortex.o(i.HAL_SYSTICK_CLKSourceConfig)
    HAL_SYSTICK_Callback                     0x08001c19   Thumb Code     2  stm32l4xx_hal_cortex.o(i.HAL_SYSTICK_Callback)
    HAL_SYSTICK_Config                       0x08001c1b   Thumb Code    40  stm32l4xx_hal_cortex.o(i.HAL_SYSTICK_Config)
    HAL_SYSTICK_IRQHandler                   0x08001c43   Thumb Code     8  stm32l4xx_hal_cortex.o(i.HAL_SYSTICK_IRQHandler)
    HAL_UART_Init                            0x08001c4b   Thumb Code   106  stm32l4xx_hal_uart.o(i.HAL_UART_Init)
    HAL_UART_MspInit                         0x08001cb5   Thumb Code    64  stm32l4xx_hal_msp.o(i.HAL_UART_MspInit)
    HAL_UART_Transmit                        0x08001cfd   Thumb Code   200  stm32l4xx_hal_uart.o(i.HAL_UART_Transmit)
    SysTick_Handler                          0x08002451   Thumb Code    14  stm32l4xx_it.o(i.SysTick_Handler)
    SystemClock_Config                       0x08002461   Thumb Code   168  main.o(i.SystemClock_Config)
    SystemInit                               0x0800250d   Thumb Code    56  system_stm32l4xx.o(i.SystemInit)
    UART_AdvFeatureConfig                    0x08002551   Thumb Code   200  stm32l4xx_hal_uart.o(i.UART_AdvFeatureConfig)
    UART_CheckIdleState                      0x08002619   Thumb Code    78  stm32l4xx_hal_uart.o(i.UART_CheckIdleState)
    UART_SetConfig                           0x08002669   Thumb Code   590  stm32l4xx_hal_uart.o(i.UART_SetConfig)
    UART_WaitOnFlagUntilTimeout              0x080028e9   Thumb Code   146  stm32l4xx_hal_uart.o(i.UART_WaitOnFlagUntilTimeout)
    USART_putc                               0x0800297d   Thumb Code    16  usart_com.o(i.USART_putc)
    USART_puts                               0x08002991   Thumb Code    22  usart_com.o(i.USART_puts)
    USB_CoreInit                             0x080029a9   Thumb Code    68  stm32l4xx_ll_usb.o(i.USB_CoreInit)
    USB_DevDisconnect                        0x080029f1   Thumb Code    24  stm32l4xx_ll_usb.o(i.USB_DevDisconnect)
    USB_DevInit                              0x08002a09   Thumb Code   308  stm32l4xx_ll_usb.o(i.USB_DevInit)
    USB_DisableGlobalInt                     0x08002b4d   Thumb Code    12  stm32l4xx_ll_usb.o(i.USB_DisableGlobalInt)
    USB_FlushRxFifo                          0x08002b59   Thumb Code    28  stm32l4xx_ll_usb.o(i.USB_FlushRxFifo)
    USB_FlushTxFifo                          0x08002b79   Thumb Code    32  stm32l4xx_ll_usb.o(i.USB_FlushTxFifo)
    USB_SetCurrentMode                       0x08002b9d   Thumb Code    44  stm32l4xx_ll_usb.o(i.USB_SetCurrentMode)
    __0sprintf                               0x08002bc9   Thumb Code    34  printfa.o(i.__0sprintf)
    __1sprintf                               0x08002bc9   Thumb Code     0  printfa.o(i.__0sprintf)
    __2sprintf                               0x08002bc9   Thumb Code     0  printfa.o(i.__0sprintf)
    __c89sprintf                             0x08002bc9   Thumb Code     0  printfa.o(i.__0sprintf)
    sprintf                                  0x08002bc9   Thumb Code     0  printfa.o(i.__0sprintf)
    __scatterload_copy                       0x08002bf1   Thumb Code    14  handlers.o(i.__scatterload_copy)
    __scatterload_null                       0x08002bff   Thumb Code     2  handlers.o(i.__scatterload_null)
    __scatterload_zeroinit                   0x08002c01   Thumb Code    14  handlers.o(i.__scatterload_zeroinit)
    _dwt_aonarrayupload                      0x08002c0f   Thumb Code    26  deca_device.o(i._dwt_aonarrayupload)
    _dwt_configlde                           0x08002c29   Thumb Code    42  deca_device.o(i._dwt_configlde)
    _dwt_disablesequencing                   0x08002c53   Thumb Code    22  deca_device.o(i._dwt_disablesequencing)
    _dwt_enableclocks                        0x08002c69   Thumb Code   206  deca_device.o(i._dwt_enableclocks)
    _dwt_loaducodefromrom                    0x08002d37   Thumb Code    36  deca_device.o(i._dwt_loaducodefromrom)
    _dwt_otpread                             0x08002d5b   Thumb Code    44  deca_device.o(i._dwt_otpread)
    deca_sleep                               0x08003633   Thumb Code     4  deca_spi.o(i.deca_sleep)
    decamutexoff                             0x08003637   Thumb Code     2  deca_spi.o(i.decamutexoff)
    decamutexon                              0x08003639   Thumb Code     4  deca_spi.o(i.decamutexon)
    dwt_configure                            0x0800363d   Thumb Code   462  deca_device.o(i.dwt_configure)
    dwt_forcetrxoff                          0x0800383d   Thumb Code    76  deca_device.o(i.dwt_forcetrxoff)
    dwt_initialise                           0x08003891   Thumb Code   200  deca_device.o(i.dwt_initialise)
    dwt_read16bitoffsetreg                   0x08003961   Thumb Code    30  deca_device.o(i.dwt_read16bitoffsetreg)
    dwt_read32bitoffsetreg                   0x0800397f   Thumb Code    34  deca_device.o(i.dwt_read32bitoffsetreg)
    dwt_read8bitoffsetreg                    0x080039a1   Thumb Code    20  deca_device.o(i.dwt_read8bitoffsetreg)
    dwt_readdevid                            0x080039b5   Thumb Code     8  deca_device.o(i.dwt_readdevid)
    dwt_readfromdevice                       0x080039bd   Thumb Code    58  deca_device.o(i.dwt_readfromdevice)
    dwt_readrxdata                           0x080039f7   Thumb Code    18  deca_device.o(i.dwt_readrxdata)
    dwt_readrxtimestamp                      0x08003a09   Thumb Code    12  deca_device.o(i.dwt_readrxtimestamp)
    dwt_readtxtimestamp                      0x08003a15   Thumb Code    12  deca_device.o(i.dwt_readtxtimestamp)
    dwt_rxenable                             0x08003a21   Thumb Code    78  deca_device.o(i.dwt_rxenable)
    dwt_rxreset                              0x08003a6f   Thumb Code    26  deca_device.o(i.dwt_rxreset)
    dwt_setrxantennadelay                    0x08003a89   Thumb Code    12  deca_device.o(i.dwt_setrxantennadelay)
    dwt_setrxtimeout                         0x08003a95   Thumb Code    64  deca_device.o(i.dwt_setrxtimeout)
    dwt_settxantennadelay                    0x08003ad9   Thumb Code    10  deca_device.o(i.dwt_settxantennadelay)
    dwt_setxtaltrim                          0x08003ae3   Thumb Code    16  deca_device.o(i.dwt_setxtaltrim)
    dwt_softreset                            0x08003af5   Thumb Code    64  deca_device.o(i.dwt_softreset)
    dwt_starttx                              0x08003b39   Thumb Code    98  deca_device.o(i.dwt_starttx)
    dwt_syncrxbufptrs                        0x08003ba1   Thumb Code    40  deca_device.o(i.dwt_syncrxbufptrs)
    dwt_write16bitoffsetreg                  0x08003bc9   Thumb Code    26  deca_device.o(i.dwt_write16bitoffsetreg)
    dwt_write32bitoffsetreg                  0x08003be3   Thumb Code    30  deca_device.o(i.dwt_write32bitoffsetreg)
    dwt_write8bitoffsetreg                   0x08003c01   Thumb Code    16  deca_device.o(i.dwt_write8bitoffsetreg)
    dwt_writetodevice                        0x08003c11   Thumb Code    62  deca_device.o(i.dwt_writetodevice)
    dwt_writetxdata                          0x08003c4f   Thumb Code    34  deca_device.o(i.dwt_writetxdata)
    dwt_writetxfctrl                         0x08003c71   Thumb Code    22  deca_device.o(i.dwt_writetxfctrl)
    free                                     0x08003cbd   Thumb Code    76  malloc.o(i.free)
    main                                     0x08003d59   Thumb Code  1330  main.o(i.main)
    malloc                                   0x080042b1   Thumb Code    92  malloc.o(i.malloc)
    readfromspi                              0x0800431d   Thumb Code    94  deca_spi.o(i.readfromspi)
    reset_DW1000                             0x0800438d   Thumb Code    56  deca_com.o(i.reset_DW1000)
    set_spi_speed_high                       0x080043c9   Thumb Code    20  deca_spi.o(i.set_spi_speed_high)
    set_spi_speed_low                        0x080043e1   Thumb Code    20  deca_spi.o(i.set_spi_speed_low)
    wakeup_DW1000                            0x080043f9   Thumb Code    16  deca_com.o(i.wakeup_DW1000)
    writetospi                               0x0800440d   Thumb Code    94  deca_spi.o(i.writetospi)
    AHBPrescTable                            0x0800447c   Data          16  system_stm32l4xx.o(.constdata)
    MSIRangeTable                            0x0800448c   Data          48  system_stm32l4xx.o(.constdata)
    APBPrescTable                            0x080044bc   Data           8  system_stm32l4xx.o(.constdata)
    chan_idx                                 0x080044c4   Data           8  deca_params_init.o(.constdata)
    tx_config                                0x080044cc   Data          24  deca_params_init.o(.constdata)
    fs_pll_cfg                               0x080044e4   Data          24  deca_params_init.o(.constdata)
    fs_pll_tune                              0x080044fc   Data           6  deca_params_init.o(.constdata)
    rx_config                                0x08004502   Data           2  deca_params_init.o(.constdata)
    agc_config                               0x08004504   Data           8  deca_params_init.o(.constdata)
    dwnsSFDlen                               0x0800450c   Data           3  deca_params_init.o(.constdata)
    sftsh                                    0x08004510   Data          12  deca_params_init.o(.constdata)
    dtune1                                   0x0800451c   Data           4  deca_params_init.o(.constdata)
    digital_bb_config                        0x08004520   Data          32  deca_params_init.o(.constdata)
    lde_replicaCoeff                         0x08004540   Data          50  deca_params_init.o(.constdata)
    Region$$Table$$Base                      0x08004574   Number         0  anon$$obj.o(Region$$Table)
    Region$$Table$$Limit                     0x08004594   Number         0  anon$$obj.o(Region$$Table)
    dwt_mode                                 0x20000004   Data           4  main.o(.data)
    SystemCoreClock                          0x200000d4   Data           4  system_stm32l4xx.o(.data)
    uwTick                                   0x200000d8   Data           4  stm32l4xx_hal.o(.data)
    __microlib_freelist                      0x200000dc   Data           4  mvars.o(.data)
    __microlib_freelist_initialised          0x200000e0   Data           4  mvars.o(.data)
    dist_str                                 0x200000e4   Data          35  main.o(.bss)
    hspi1                                    0x20000108   Data         100  main.o(.bss)
    huart2                                   0x2000016c   Data         112  main.o(.bss)
    hpcd_USB_OTG_FS                          0x200001dc   Data         968  main.o(.bss)
    __heap_base                              0x200005f8   Data           0  startup_stm32l476xx.o(HEAP)
    __heap_limit                             0x200009f8   Data           0  startup_stm32l476xx.o(HEAP)
    __initial_sp                             0x20000bf8   Data           0  startup_stm32l476xx.o(STACK)



==============================================================================

Memory Map of the image

  Image Entry point : 0x08000189

  Load Region LR_IROM1 (Base: 0x08000000, Size: 0x00004678, Max: 0x00100000, ABSOLUTE)

    Execution Region ER_IROM1 (Base: 0x08000000, Size: 0x00004594, Max: 0x00100000, ABSOLUTE)

    Base Addr    Size         Type   Attr      Idx    E Section Name        Object

    0x08000000   0x00000188   Data   RO         3332    RESET               startup_stm32l476xx.o
    0x08000188   0x00000000   Code   RO         4032  * .ARM.Collect$$$$00000000  mc_w.l(entry.o)
    0x08000188   0x00000004   Code   RO         4344    .ARM.Collect$$$$00000001  mc_w.l(entry2.o)
    0x0800018c   0x00000004   Code   RO         4347    .ARM.Collect$$$$00000004  mc_w.l(entry5.o)
    0x08000190   0x00000000   Code   RO         4349    .ARM.Collect$$$$00000008  mc_w.l(entry7b.o)
    0x08000190   0x00000000   Code   RO         4351    .ARM.Collect$$$$0000000A  mc_w.l(entry8b.o)
    0x08000190   0x00000008   Code   RO         4352    .ARM.Collect$$$$0000000B  mc_w.l(entry9a.o)
    0x08000198   0x00000000   Code   RO         4354    .ARM.Collect$$$$0000000D  mc_w.l(entry10a.o)
    0x08000198   0x00000000   Code   RO         4356    .ARM.Collect$$$$0000000F  mc_w.l(entry11a.o)
    0x08000198   0x00000004   Code   RO         4345    .ARM.Collect$$$$00002712  mc_w.l(entry2.o)
    0x0800019c   0x00000024   Code   RO         3333    .text               startup_stm32l476xx.o
    0x080001c0   0x00000068   Code   RO         4035    .text               mc_w.l(uldiv.o)
    0x08000228   0x00000024   Code   RO         4037    .text               mc_w.l(memcpya.o)
    0x0800024c   0x0000001a   Code   RO         4039    .text               mc_w.l(memcmp.o)
    0x08000266   0x0000015e   Code   RO         4332    .text               mf_w.l(dadd.o)
    0x080003c4   0x000000ea   Code   RO         4334    .text               mf_w.l(dmul.o)
    0x080004ae   0x000000de   Code   RO         4336    .text               mf_w.l(ddiv.o)
    0x0800058c   0x0000001a   Code   RO         4338    .text               mf_w.l(dfltui.o)
    0x080005a6   0x00000028   Code   RO         4340    .text               mf_w.l(dfltl.o)
    0x080005ce   0x0000004a   Code   RO         4342    .text               mf_w.l(dfixl.o)
    0x08000618   0x0000002c   Code   RO         4361    .text               mc_w.l(uidiv.o)
    0x08000644   0x0000001e   Code   RO         4363    .text               mc_w.l(llshl.o)
    0x08000662   0x00000020   Code   RO         4365    .text               mc_w.l(llushr.o)
    0x08000682   0x00000024   Code   RO         4367    .text               mc_w.l(llsshr.o)
    0x080006a6   0x00000000   Code   RO         4371    .text               mc_w.l(iusefp.o)
    0x080006a6   0x000000ba   Code   RO         4372    .text               mf_w.l(depilogue.o)
    0x08000760   0x00000030   Code   RO         4374    .text               mf_w.l(dfixul.o)
    0x08000790   0x00000030   Code   RO         4376    .text               mf_w.l(cdrcmple.o)
    0x080007c0   0x00000024   Code   RO         4378    .text               mc_w.l(init.o)
    0x080007e4   0x00000006   Code   RO            4    i.EXTI0_IRQHandler  stm32l4xx_it.o
    0x080007ea   0x00000002   PAD
    0x080007ec   0x00000018   Code   RO          980    i.HAL_Delay         stm32l4xx_hal.o
    0x08000804   0x00000002   Code   RO          908    i.HAL_GPIO_EXTI_Callback  stm32l4xx_hal_gpio.o
    0x08000806   0x00000002   PAD
    0x08000808   0x00000018   Code   RO          909    i.HAL_GPIO_EXTI_IRQHandler  stm32l4xx_hal_gpio.o
    0x08000820   0x000001ca   Code   RO          910    i.HAL_GPIO_Init     stm32l4xx_hal_gpio.o
    0x080009ea   0x0000000a   Code   RO          914    i.HAL_GPIO_WritePin  stm32l4xx_hal_gpio.o
    0x080009f4   0x0000000c   Code   RO          984    i.HAL_GetTick       stm32l4xx_hal.o
    0x08000a00   0x00000010   Code   RO          985    i.HAL_IncTick       stm32l4xx_hal.o
    0x08000a10   0x00000016   Code   RO          986    i.HAL_Init          stm32l4xx_hal.o
    0x08000a26   0x00000002   PAD
    0x08000a28   0x00000028   Code   RO          987    i.HAL_InitTick      stm32l4xx_hal.o
    0x08000a50   0x0000002c   Code   RO          145    i.HAL_MspInit       stm32l4xx_hal_msp.o
    0x08000a7c   0x00000016   Code   RO          410    i.HAL_NVIC_EnableIRQ  stm32l4xx_hal_cortex.o
    0x08000a92   0x00000002   PAD
    0x08000a94   0x00000040   Code   RO          416    i.HAL_NVIC_SetPriority  stm32l4xx_hal_cortex.o
    0x08000ad4   0x00000024   Code   RO          417    i.HAL_NVIC_SetPriorityGrouping  stm32l4xx_hal_cortex.o
    0x08000af8   0x00000014   Code   RO         2768    i.HAL_PCDEx_ActivateBCD  stm32l4xx_hal_pcd_ex.o
    0x08000b0c   0x00000028   Code   RO         2769    i.HAL_PCDEx_ActivateLPM  stm32l4xx_hal_pcd_ex.o
    0x08000b34   0x000000ee   Code   RO         3139    i.HAL_PCD_Init      stm32l4xx_hal_pcd.o
    0x08000c22   0x00000002   PAD
    0x08000c24   0x00000070   Code   RO          147    i.HAL_PCD_MspInit   stm32l4xx_hal_msp.o
    0x08000c94   0x00000064   Code   RO         1169    i.HAL_PWREx_ControlVoltageScaling  stm32l4xx_hal_pwr_ex.o
    0x08000cf8   0x00000010   Code   RO         1195    i.HAL_PWREx_EnableVddUSB  stm32l4xx_hal_pwr_ex.o
    0x08000d08   0x00000010   Code   RO         1200    i.HAL_PWREx_GetVoltageRange  stm32l4xx_hal_pwr_ex.o
    0x08000d18   0x00000010   Code   RO         1517    i.HAL_RCCEx_EnableMSIPLLMode  stm32l4xx_hal_rcc_ex.o
    0x08000d28   0x000003a2   Code   RO         1524    i.HAL_RCCEx_PeriphCLKConfig  stm32l4xx_hal_rcc_ex.o
    0x080010ca   0x00000002   PAD
    0x080010cc   0x00000180   Code   RO         1679    i.HAL_RCC_ClockConfig  stm32l4xx_hal_rcc.o
    0x0800124c   0x0000000c   Code   RO         1683    i.HAL_RCC_GetHCLKFreq  stm32l4xx_hal_rcc.o
    0x08001258   0x00000030   Code   RO         1685    i.HAL_RCC_GetPCLK1Freq  stm32l4xx_hal_rcc.o
    0x08001288   0x00000030   Code   RO         1686    i.HAL_RCC_GetPCLK2Freq  stm32l4xx_hal_rcc.o
    0x080012b8   0x000000fc   Code   RO         1687    i.HAL_RCC_GetSysClockFreq  stm32l4xx_hal_rcc.o
    0x080013b4   0x000004a0   Code   RO         1690    i.HAL_RCC_OscConfig  stm32l4xx_hal_rcc.o
    0x08001854   0x000000c0   Code   RO         1829    i.HAL_SPI_Init      stm32l4xx_hal_spi.o
    0x08001914   0x00000060   Code   RO          149    i.HAL_SPI_MspInit   stm32l4xx_hal_msp.o
    0x08001974   0x0000028c   Code   RO         1838    i.HAL_SPI_TransmitReceive  stm32l4xx_hal_spi.o
    0x08001c00   0x00000018   Code   RO          419    i.HAL_SYSTICK_CLKSourceConfig  stm32l4xx_hal_cortex.o
    0x08001c18   0x00000002   Code   RO          420    i.HAL_SYSTICK_Callback  stm32l4xx_hal_cortex.o
    0x08001c1a   0x00000028   Code   RO          421    i.HAL_SYSTICK_Config  stm32l4xx_hal_cortex.o
    0x08001c42   0x00000008   Code   RO          422    i.HAL_SYSTICK_IRQHandler  stm32l4xx_hal_cortex.o
    0x08001c4a   0x0000006a   Code   RO         2528    i.HAL_UART_Init     stm32l4xx_hal_uart.o
    0x08001cb4   0x00000048   Code   RO          151    i.HAL_UART_MspInit  stm32l4xx_hal_msp.o
    0x08001cfc   0x000000c8   Code   RO         2536    i.HAL_UART_Transmit  stm32l4xx_hal_uart.o
    0x08001dc4   0x000000e4   Code   RO          205    i.MX_GPIO_Init      main.o
    0x08001ea8   0x00000040   Code   RO          206    i.MX_SPI1_Init      main.o
    0x08001ee8   0x0000002c   Code   RO          207    i.MX_USART2_UART_Init  main.o
    0x08001f14   0x00000028   Code   RO          208    i.MX_USB_OTG_FS_PCD_Init  main.o
    0x08001f3c   0x00000020   Code   RO          423    i.NVIC_SetPriority  stm32l4xx_hal_cortex.o
    0x08001f5c   0x0000009c   Code   RO         1527    i.RCCEx_PLLSAI1_ConfigNP  stm32l4xx_hal_rcc_ex.o
    0x08001ff8   0x000000a0   Code   RO         1528    i.RCCEx_PLLSAI1_ConfigNQ  stm32l4xx_hal_rcc_ex.o
    0x08002098   0x000000a0   Code   RO         1529    i.RCCEx_PLLSAI1_ConfigNR  stm32l4xx_hal_rcc_ex.o
    0x08002138   0x0000009c   Code   RO         1530    i.RCCEx_PLLSAI2_ConfigNP  stm32l4xx_hal_rcc_ex.o
    0x080021d4   0x000000a0   Code   RO         1531    i.RCCEx_PLLSAI2_ConfigNR  stm32l4xx_hal_rcc_ex.o
    0x08002274   0x0000007c   Code   RO         1691    i.RCC_SetFlashLatencyFromMSIRange  stm32l4xx_hal_rcc.o
    0x080022f0   0x00000030   Code   RO         1864    i.SPI_EndRxTxTransaction  stm32l4xx_hal_spi.o
    0x08002320   0x000000a2   Code   RO         1871    i.SPI_WaitFifoStateUntilTimeout  stm32l4xx_hal_spi.o
    0x080023c2   0x0000008e   Code   RO         1872    i.SPI_WaitFlagStateUntilTimeout  stm32l4xx_hal_spi.o
    0x08002450   0x0000000e   Code   RO            5    i.SysTick_Handler   stm32l4xx_it.o
    0x0800245e   0x00000002   PAD
    0x08002460   0x000000ac   Code   RO          209    i.SystemClock_Config  main.o
    0x0800250c   0x00000044   Code   RO          298    i.SystemInit        system_stm32l4xx.o
    0x08002550   0x000000c8   Code   RO         2541    i.UART_AdvFeatureConfig  stm32l4xx_hal_uart.o
    0x08002618   0x0000004e   Code   RO         2542    i.UART_CheckIdleState  stm32l4xx_hal_uart.o
    0x08002666   0x00000002   PAD
    0x08002668   0x00000280   Code   RO         2549    i.UART_SetConfig    stm32l4xx_hal_uart.o
    0x080028e8   0x00000092   Code   RO         2551    i.UART_WaitOnFlagUntilTimeout  stm32l4xx_hal_uart.o
    0x0800297a   0x00000002   PAD
    0x0800297c   0x00000014   Code   RO         4005    i.USART_putc        usart_com.o
    0x08002990   0x00000016   Code   RO         4006    i.USART_puts        usart_com.o
    0x080029a6   0x00000002   PAD
    0x080029a8   0x00000048   Code   RO         2844    i.USB_CoreInit      stm32l4xx_ll_usb.o
    0x080029f0   0x00000018   Code   RO         2848    i.USB_DevDisconnect  stm32l4xx_ll_usb.o
    0x08002a08   0x00000144   Code   RO         2849    i.USB_DevInit       stm32l4xx_ll_usb.o
    0x08002b4c   0x0000000c   Code   RO         2850    i.USB_DisableGlobalInt  stm32l4xx_ll_usb.o
    0x08002b58   0x00000020   Code   RO         2859    i.USB_FlushRxFifo   stm32l4xx_ll_usb.o
    0x08002b78   0x00000024   Code   RO         2860    i.USB_FlushTxFifo   stm32l4xx_ll_usb.o
    0x08002b9c   0x0000002c   Code   RO         2878    i.USB_SetCurrentMode  stm32l4xx_ll_usb.o
    0x08002bc8   0x00000028   Code   RO         4278    i.__0sprintf        mc_w.l(printfa.o)
    0x08002bf0   0x0000000e   Code   RO         4384    i.__scatterload_copy  mc_w.l(handlers.o)
    0x08002bfe   0x00000002   Code   RO         4385    i.__scatterload_null  mc_w.l(handlers.o)
    0x08002c00   0x0000000e   Code   RO         4386    i.__scatterload_zeroinit  mc_w.l(handlers.o)
    0x08002c0e   0x0000001a   Code   RO         3337    i._dwt_aonarrayupload  deca_device.o
    0x08002c28   0x0000002a   Code   RO         3339    i._dwt_configlde    deca_device.o
    0x08002c52   0x00000016   Code   RO         3340    i._dwt_disablesequencing  deca_device.o
    0x08002c68   0x000000ce   Code   RO         3341    i._dwt_enableclocks  deca_device.o
    0x08002d36   0x00000024   Code   RO         3342    i._dwt_loaducodefromrom  deca_device.o
    0x08002d5a   0x0000002c   Code   RO         3344    i._dwt_otpread      deca_device.o
    0x08002d86   0x00000002   PAD
    0x08002d88   0x0000016a   Code   RO         4283    i._fp_digits        mc_w.l(printfa.o)
    0x08002ef2   0x00000002   PAD
    0x08002ef4   0x000006e2   Code   RO         4284    i._printf_core      mc_w.l(printfa.o)
    0x080035d6   0x00000024   Code   RO         4285    i._printf_post_padding  mc_w.l(printfa.o)
    0x080035fa   0x0000002e   Code   RO         4286    i._printf_pre_padding  mc_w.l(printfa.o)
    0x08003628   0x0000000a   Code   RO         4288    i._sputc            mc_w.l(printfa.o)
    0x08003632   0x00000004   Code   RO         3901    i.deca_sleep        deca_spi.o
    0x08003636   0x00000002   Code   RO         3902    i.decamutexoff      deca_spi.o
    0x08003638   0x00000004   Code   RO         3903    i.decamutexon       deca_spi.o
    0x0800363c   0x00000200   Code   RO         3351    i.dwt_configure     deca_device.o
    0x0800383c   0x00000054   Code   RO         3359    i.dwt_forcetrxoff   deca_device.o
    0x08003890   0x000000d0   Code   RO         3364    i.dwt_initialise    deca_device.o
    0x08003960   0x0000001e   Code   RO         3371    i.dwt_read16bitoffsetreg  deca_device.o
    0x0800397e   0x00000022   Code   RO         3372    i.dwt_read32bitoffsetreg  deca_device.o
    0x080039a0   0x00000014   Code   RO         3373    i.dwt_read8bitoffsetreg  deca_device.o
    0x080039b4   0x00000008   Code   RO         3375    i.dwt_readdevid     deca_device.o
    0x080039bc   0x0000003a   Code   RO         3378    i.dwt_readfromdevice  deca_device.o
    0x080039f6   0x00000012   Code   RO         3379    i.dwt_readrxdata    deca_device.o
    0x08003a08   0x0000000c   Code   RO         3380    i.dwt_readrxtimestamp  deca_device.o
    0x08003a14   0x0000000c   Code   RO         3386    i.dwt_readtxtimestamp  deca_device.o
    0x08003a20   0x0000004e   Code   RO         3391    i.dwt_rxenable      deca_device.o
    0x08003a6e   0x0000001a   Code   RO         3392    i.dwt_rxreset       deca_device.o
    0x08003a88   0x0000000c   Code   RO         3408    i.dwt_setrxantennadelay  deca_device.o
    0x08003a94   0x00000044   Code   RO         3409    i.dwt_setrxtimeout  deca_device.o
    0x08003ad8   0x0000000a   Code   RO         3413    i.dwt_settxantennadelay  deca_device.o
    0x08003ae2   0x00000010   Code   RO         3414    i.dwt_setxtaltrim   deca_device.o
    0x08003af2   0x00000002   PAD
    0x08003af4   0x00000044   Code   RO         3415    i.dwt_softreset     deca_device.o
    0x08003b38   0x00000068   Code   RO         3417    i.dwt_starttx       deca_device.o
    0x08003ba0   0x00000028   Code   RO         3418    i.dwt_syncrxbufptrs  deca_device.o
    0x08003bc8   0x0000001a   Code   RO         3419    i.dwt_write16bitoffsetreg  deca_device.o
    0x08003be2   0x0000001e   Code   RO         3420    i.dwt_write32bitoffsetreg  deca_device.o
    0x08003c00   0x00000010   Code   RO         3421    i.dwt_write8bitoffsetreg  deca_device.o
    0x08003c10   0x0000003e   Code   RO         3422    i.dwt_writetodevice  deca_device.o
    0x08003c4e   0x00000022   Code   RO         3423    i.dwt_writetxdata   deca_device.o
    0x08003c70   0x0000001c   Code   RO         3424    i.dwt_writetxfctrl  deca_device.o
    0x08003c8c   0x0000001a   Code   RO          210    i.final_msg_get_ts_tag  main.o
    0x08003ca6   0x00000016   Code   RO          211    i.final_msg_set_ts_anchor  main.o
    0x08003cbc   0x00000050   Code   RO         4304    i.free              mc_w.l(malloc.o)
    0x08003d0c   0x00000026   Code   RO          212    i.get_rx_timestamp_u64  main.o
    0x08003d32   0x00000026   Code   RO          213    i.get_tx_timestamp_u64  main.o
    0x08003d58   0x00000558   Code   RO          214    i.main              main.o
    0x080042b0   0x0000006c   Code   RO         4305    i.malloc            mc_w.l(malloc.o)
    0x0800431c   0x0000006e   Code   RO         3904    i.readfromspi       deca_spi.o
    0x0800438a   0x00000002   PAD
    0x0800438c   0x0000003c   Code   RO         3969    i.reset_DW1000      deca_com.o
    0x080043c8   0x00000018   Code   RO         3905    i.set_spi_speed_high  deca_spi.o
    0x080043e0   0x00000018   Code   RO         3906    i.set_spi_speed_low  deca_spi.o
    0x080043f8   0x00000014   Code   RO         3970    i.wakeup_DW1000     deca_com.o
    0x0800440c   0x0000006e   Code   RO         3908    i.writetospi        deca_spi.o
    0x0800447a   0x00000002   PAD
    0x0800447c   0x00000040   Data   RO          299    .constdata          system_stm32l4xx.o
    0x080044bc   0x00000008   Data   RO          300    .constdata          system_stm32l4xx.o
    0x080044c4   0x00000008   Data   RO         3870    .constdata          deca_params_init.o
    0x080044cc   0x00000018   Data   RO         3871    .constdata          deca_params_init.o
    0x080044e4   0x00000018   Data   RO         3872    .constdata          deca_params_init.o
    0x080044fc   0x00000006   Data   RO         3873    .constdata          deca_params_init.o
    0x08004502   0x00000002   Data   RO         3874    .constdata          deca_params_init.o
    0x08004504   0x00000008   Data   RO         3875    .constdata          deca_params_init.o
    0x0800450c   0x00000003   Data   RO         3876    .constdata          deca_params_init.o
    0x0800450f   0x00000001   PAD
    0x08004510   0x0000000c   Data   RO         3877    .constdata          deca_params_init.o
    0x0800451c   0x00000004   Data   RO         3878    .constdata          deca_params_init.o
    0x08004520   0x00000020   Data   RO         3879    .constdata          deca_params_init.o
    0x08004540   0x00000032   Data   RO         3880    .constdata          deca_params_init.o
    0x08004572   0x00000002   PAD
    0x08004574   0x00000020   Data   RO         4382    Region$$Table       anon$$obj.o


    Execution Region RW_IRAM1 (Base: 0x20000000, Size: 0x00000bf8, Max: 0x00020000, ABSOLUTE)

    Base Addr    Size         Type   Attr      Idx    E Section Name        Object

    0x20000000   0x000000d2   Data   RW          216    .data               main.o
    0x200000d2   0x00000002   PAD
    0x200000d4   0x00000004   Data   RW          301    .data               system_stm32l4xx.o
    0x200000d8   0x00000004   Data   RW         1002    .data               stm32l4xx_hal.o
    0x200000dc   0x00000004   Data   RW         4369    .data               mc_w.l(mvars.o)
    0x200000e0   0x00000004   Data   RW         4370    .data               mc_w.l(mvars.o)
    0x200000e4   0x000004d8   Zero   RW          215    .bss                main.o
    0x200005bc   0x00000038   Zero   RW         3425    .bss                deca_device.o
    0x200005f4   0x00000004   PAD
    0x200005f8   0x00000400   Zero   RW         3331    HEAP                startup_stm32l476xx.o
    0x200009f8   0x00000200   Zero   RW         3330    STACK               startup_stm32l476xx.o


==============================================================================

Image component sizes


      Code (inc. data)   RO Data    RW Data    ZI Data      Debug   Object Name

        80          8          0          0          0       1091   deca_com.o
      1990        102          0          0         56      26918   deca_device.o
         0          0        173          0          0       1956   deca_params_init.o
       278         28          0          0          0       4962   deca_spi.o
      2040        332          0        210       1240      12061   main.o
        36          8        392          0       1536        860   startup_stm32l476xx.o
       114         18          0          4          0       4527   stm32l4xx_hal.o
       228         14          0          0          0      32653   stm32l4xx_hal_cortex.o
       494         44          0          0          0       3984   stm32l4xx_hal_gpio.o
       324         26          0          0          0       3233   stm32l4xx_hal_msp.o
       238          0          0          0          0       1619   stm32l4xx_hal_pcd.o
        60          6          0          0          0       1796   stm32l4xx_hal_pcd_ex.o
       132         24          0          0          0       2075   stm32l4xx_hal_pwr_ex.o
      2052         98          0          0          0       7752   stm32l4xx_hal_rcc.o
      1738         44          0          0          0       6881   stm32l4xx_hal_rcc_ex.o
      1196          0          0          0          0       5725   stm32l4xx_hal_spi.o
      1370         70          0          0          0       6709   stm32l4xx_hal_uart.o
        20          0          0          0          0     460585   stm32l4xx_it.o
       544         28          0          0          0       6217   stm32l4xx_ll_usb.o
        68         12         72          4          0       1621   system_stm32l4xx.o
        42          4          0          0          0       1593   usart_com.o

    ----------------------------------------------------------------------
     13072        866        672        220       2836     594818   Object Totals
         0          0         32          0          0          0   (incl. Generated)
        28          0          3          2          4          0   (incl. Padding)

    ----------------------------------------------------------------------

      Code (inc. data)   RO Data    RW Data    ZI Data      Debug   Library Member Name

         0          0          0          0          0          0   entry.o
         0          0          0          0          0          0   entry10a.o
         0          0          0          0          0          0   entry11a.o
         8          4          0          0          0          0   entry2.o
         4          0          0          0          0          0   entry5.o
         0          0          0          0          0          0   entry7b.o
         0          0          0          0          0          0   entry8b.o
         8          4          0          0          0          0   entry9a.o
        30          0          0          0          0          0   handlers.o
        36          8          0          0          0         68   init.o
         0          0          0          0          0          0   iusefp.o
        30          0          0          0          0         68   llshl.o
        36          0          0          0          0         68   llsshr.o
        32          0          0          0          0         68   llushr.o
       188         20          0          0          0        160   malloc.o
        26          0          0          0          0         80   memcmp.o
        36          0          0          0          0         68   memcpya.o
         0          0          0          8          0          0   mvars.o
      2256         86          0          0          0        512   printfa.o
        44          0          0          0          0         80   uidiv.o
       104          0          0          0          0         92   uldiv.o
        48          0          0          0          0         68   cdrcmple.o
       350          0          0          0          0        148   dadd.o
       222          0          0          0          0        100   ddiv.o
       186          0          0          0          0        176   depilogue.o
        74          0          0          0          0         80   dfixl.o
        48          0          0          0          0         68   dfixul.o
        40          0          0          0          0         80   dfltl.o
        26          0          0          0          0         76   dfltui.o
       234          0          0          0          0         96   dmul.o

    ----------------------------------------------------------------------
      4068        122          0          8          0       2156   Library Totals
         2          0          0          0          0          0   (incl. Padding)

    ----------------------------------------------------------------------

      Code (inc. data)   RO Data    RW Data    ZI Data      Debug   Library Name

      2838        122          0          8          0       1264   mc_w.l
      1228          0          0          0          0        892   mf_w.l

    ----------------------------------------------------------------------
      4068        122          0          8          0       2156   Library Totals

    ----------------------------------------------------------------------

==============================================================================


      Code (inc. data)   RO Data    RW Data    ZI Data      Debug   

     17140        988        672        228       2836     585082   Grand Totals
     17140        988        672        228       2836     585082   ELF Image Totals
     17140        988        672        228          0          0   ROM Totals

==============================================================================

    Total RO  Size (Code + RO Data)                17812 (  17.39kB)
    Total RW  Size (RW Data + ZI Data)              3064 (   2.99kB)
    Total ROM Size (Code + RO Data + RW Data)      18040 (  17.62kB)

==============================================================================

