Component: ARM Compiler 5.06 update 1 (build 61) Tool: armlink [4d35a8]

==============================================================================

Section Cross References

    stm32l4xx_it.o(i.EXTI0_IRQHandler) refers to deca_device.o(i.dwt_isr) for dwt_isr
    stm32l4xx_it.o(i.EXTI0_IRQHandler) refers to stm32l4xx_hal_gpio.o(i.HAL_GPIO_EXTI_IRQHandler) for HAL_GPIO_EXTI_IRQHandler
    stm32l4xx_it.o(i.SysTick_Handler) refers to stm32l4xx_hal.o(i.HAL_IncTick) for HAL_IncTick
    stm32l4xx_it.o(i.SysTick_Handler) refers to stm32l4xx_hal_cortex.o(i.HAL_SYSTICK_IRQHandler) for HAL_SYSTICK_IRQHandler
    stm32l4xx_hal_msp.o(i.HAL_MspInit) refers to stm32l4xx_hal_cortex.o(i.HAL_NVIC_SetPriorityGrouping) for HAL_NVIC_SetPriorityGrouping
    stm32l4xx_hal_msp.o(i.HAL_MspInit) refers to stm32l4xx_hal_cortex.o(i.HAL_NVIC_SetPriority) for HAL_NVIC_SetPriority
    stm32l4xx_hal_msp.o(i.HAL_PCD_MspDeInit) refers to stm32l4xx_hal_gpio.o(i.HAL_GPIO_DeInit) for HAL_GPIO_DeInit
    stm32l4xx_hal_msp.o(i.HAL_PCD_MspDeInit) refers to stm32l4xx_hal_pwr_ex.o(i.HAL_PWREx_DisableVddUSB) for HAL_PWREx_DisableVddUSB
    stm32l4xx_hal_msp.o(i.HAL_PCD_MspInit) refers to stm32l4xx_hal_gpio.o(i.HAL_GPIO_Init) for HAL_GPIO_Init
    stm32l4xx_hal_msp.o(i.HAL_PCD_MspInit) refers to stm32l4xx_hal_pwr_ex.o(i.HAL_PWREx_EnableVddUSB) for HAL_PWREx_EnableVddUSB
    stm32l4xx_hal_msp.o(i.HAL_SPI_MspDeInit) refers to stm32l4xx_hal_gpio.o(i.HAL_GPIO_DeInit) for HAL_GPIO_DeInit
    stm32l4xx_hal_msp.o(i.HAL_SPI_MspInit) refers to stm32l4xx_hal_gpio.o(i.HAL_GPIO_Init) for HAL_GPIO_Init
    stm32l4xx_hal_msp.o(i.HAL_UART_MspDeInit) refers to stm32l4xx_hal_gpio.o(i.HAL_GPIO_DeInit) for HAL_GPIO_DeInit
    stm32l4xx_hal_msp.o(i.HAL_UART_MspInit) refers to stm32l4xx_hal_gpio.o(i.HAL_GPIO_Init) for HAL_GPIO_Init
    main.o(i.MX_GPIO_Init) refers to stm32l4xx_hal_gpio.o(i.HAL_GPIO_Init) for HAL_GPIO_Init
    main.o(i.MX_GPIO_Init) refers to stm32l4xx_hal_gpio.o(i.HAL_GPIO_WritePin) for HAL_GPIO_WritePin
    main.o(i.MX_GPIO_Init) refers to stm32l4xx_hal_cortex.o(i.HAL_NVIC_SetPriority) for HAL_NVIC_SetPriority
    main.o(i.MX_GPIO_Init) refers to stm32l4xx_hal_cortex.o(i.HAL_NVIC_EnableIRQ) for HAL_NVIC_EnableIRQ
    main.o(i.MX_SPI1_Init) refers to stm32l4xx_hal_spi.o(i.HAL_SPI_Init) for HAL_SPI_Init
    main.o(i.MX_SPI1_Init) refers to main.o(.bss) for .bss
    main.o(i.MX_USART2_UART_Init) refers to stm32l4xx_hal_uart.o(i.HAL_UART_Init) for HAL_UART_Init
    main.o(i.MX_USART2_UART_Init) refers to main.o(.bss) for .bss
    main.o(i.MX_USB_OTG_FS_PCD_Init) refers to stm32l4xx_hal_pcd.o(i.HAL_PCD_Init) for HAL_PCD_Init
    main.o(i.MX_USB_OTG_FS_PCD_Init) refers to main.o(.bss) for .bss
    main.o(i.SystemClock_Config) refers to stm32l4xx_hal_rcc.o(i.HAL_RCC_OscConfig) for HAL_RCC_OscConfig
    main.o(i.SystemClock_Config) refers to stm32l4xx_hal_rcc.o(i.HAL_RCC_ClockConfig) for HAL_RCC_ClockConfig
    main.o(i.SystemClock_Config) refers to stm32l4xx_hal_rcc_ex.o(i.HAL_RCCEx_PeriphCLKConfig) for HAL_RCCEx_PeriphCLKConfig
    main.o(i.SystemClock_Config) refers to stm32l4xx_hal_pwr_ex.o(i.HAL_PWREx_ControlVoltageScaling) for HAL_PWREx_ControlVoltageScaling
    main.o(i.SystemClock_Config) refers to stm32l4xx_hal_rcc.o(i.HAL_RCC_GetHCLKFreq) for HAL_RCC_GetHCLKFreq
    main.o(i.SystemClock_Config) refers to stm32l4xx_hal_cortex.o(i.HAL_SYSTICK_Config) for HAL_SYSTICK_Config
    main.o(i.SystemClock_Config) refers to stm32l4xx_hal_cortex.o(i.HAL_SYSTICK_CLKSourceConfig) for HAL_SYSTICK_CLKSourceConfig
    main.o(i.SystemClock_Config) refers to stm32l4xx_hal_rcc_ex.o(i.HAL_RCCEx_EnableMSIPLLMode) for HAL_RCCEx_EnableMSIPLLMode
    main.o(i.SystemClock_Config) refers to stm32l4xx_hal_cortex.o(i.HAL_NVIC_SetPriority) for HAL_NVIC_SetPriority
    main.o(i.computeAverage) refers to main.o(i.computeSum) for computeSum
    main.o(i.computeVarianceSum) refers to main.o(i.computeAverage) for computeAverage
    main.o(i.computeVarianceSum) refers to malloc.o(i.malloc) for malloc
    main.o(i.computeVarianceSum) refers to main.o(i.computeSum) for computeSum
    main.o(i.computeVarianceSum) refers to malloc.o(i.free) for free
    main.o(i.main) refers to stm32l4xx_hal.o(i.HAL_Init) for HAL_Init
    main.o(i.main) refers to main.o(i.SystemClock_Config) for SystemClock_Config
    main.o(i.main) refers to main.o(i.MX_GPIO_Init) for MX_GPIO_Init
    main.o(i.main) refers to main.o(i.MX_SPI1_Init) for MX_SPI1_Init
    main.o(i.main) refers to main.o(i.MX_USART2_UART_Init) for MX_USART2_UART_Init
    main.o(i.main) refers to main.o(i.MX_USB_OTG_FS_PCD_Init) for MX_USB_OTG_FS_PCD_Init
    main.o(i.main) refers to stm32l4xx_hal_tim.o(i.HAL_TIM_Base_Init) for HAL_TIM_Base_Init
    main.o(i.main) refers to stm32l4xx_hal_tim.o(i.HAL_TIM_ConfigClockSource) for HAL_TIM_ConfigClockSource
    main.o(i.main) refers to stm32l4xx_hal_tim_ex.o(i.HAL_TIMEx_MasterConfigSynchronization) for HAL_TIMEx_MasterConfigSynchronization
[...]
    Removing stm32l4xx_hal_pcd.o(.rrx_text), (6 bytes).
    Removing stm32l4xx_hal_pcd.o(i.HAL_PCD_ActivateRemoteWakeup), (26 bytes).
    Removing stm32l4xx_hal_pcd.o(i.HAL_PCD_ConnectCallback), (2 bytes).
    Removing stm32l4xx_hal_pcd.o(i.HAL_PCD_DataInStageCallback), (2 bytes).
    Removing stm32l4xx_hal_pcd.o(i.HAL_PCD_DataOutStageCallback), (2 bytes).
    Removing stm32l4xx_hal_pcd.o(i.HAL_PCD_DeActivateRemoteWakeup), (18 bytes).
    Removing stm32l4xx_hal_pcd.o(i.HAL_PCD_DeInit), (36 bytes).
    Removing stm32l4xx_hal_pcd.o(i.HAL_PCD_DevConnect), (36 bytes).
    Removing stm32l4xx_hal_pcd.o(i.HAL_PCD_DevDisconnect), (36 bytes).
    Removing stm32l4xx_hal_pcd.o(i.HAL_PCD_DisconnectCallback), (2 bytes).
    Removing stm32l4xx_hal_pcd.o(i.HAL_PCD_EP_Close), (68 bytes).
    Removing stm32l4xx_hal_pcd.o(i.HAL_PCD_EP_ClrStall), (80 bytes).
    Removing stm32l4xx_hal_pcd.o(i.HAL_PCD_EP_Flush), (52 bytes).
    Removing stm32l4xx_hal_pcd.o(i.HAL_PCD_EP_GetRxCount), (20 bytes).
    Removing stm32l4xx_hal_pcd.o(i.HAL_PCD_EP_Open), (84 bytes).
    Removing stm32l4xx_hal_pcd.o(i.HAL_PCD_EP_Receive), (94 bytes).
    Removing stm32l4xx_hal_pcd.o(i.HAL_PCD_EP_SetStall), (96 bytes).
    Removing stm32l4xx_hal_pcd.o(i.HAL_PCD_EP_Transmit), (86 bytes).
    Removing stm32l4xx_hal_pcd.o(i.HAL_PCD_GetState), (6 bytes).
    Removing stm32l4xx_hal_pcd.o(i.HAL_PCD_IRQHandler), (1104 bytes).
    Removing stm32l4xx_hal_pcd.o(i.HAL_PCD_ISOINIncompleteCallback), (2 bytes).
    Removing stm32l4xx_hal_pcd.o(i.HAL_PCD_ISOOUTIncompleteCallback), (2 bytes).
    Removing stm32l4xx_hal_pcd.o(i.HAL_PCD_MspDeInit), (2 bytes).
    Removing stm32l4xx_hal_pcd.o(i.HAL_PCD_MspInit), (2 bytes).
    Removing stm32l4xx_hal_pcd.o(i.HAL_PCD_ResetCallback), (2 bytes).
    Removing stm32l4xx_hal_pcd.o(i.HAL_PCD_ResumeCallback), (2 bytes).
    Removing stm32l4xx_hal_pcd.o(i.HAL_PCD_SOFCallback), (2 bytes).
    Removing stm32l4xx_hal_pcd.o(i.HAL_PCD_SetAddress), (36 bytes).
    Removing stm32l4xx_hal_pcd.o(i.HAL_PCD_SetupStageCallback), (2 bytes).
    Removing stm32l4xx_hal_pcd.o(i.HAL_PCD_Start), (42 bytes).
    Removing stm32l4xx_hal_pcd.o(i.HAL_PCD_Stop), (48 bytes).
    Removing stm32l4xx_hal_pcd.o(i.HAL_PCD_SuspendCallback), (2 bytes).
    Removing stm32l4xx_hal_pcd.o(i.PCD_WriteEmptyTxFifo), (156 bytes).
    Removing deca_device.o(i._dwt_aonconfigupload), (26 bytes).
    Removing deca_device.o(i._dwt_otpprogword32), (156 bytes).
    Removing deca_device.o(i._dwt_otpsetmrregs), (544 bytes).
    Removing deca_device.o(i.dwt_calibratesleepcnt), (148 bytes).
    Removing deca_device.o(i.dwt_checkirq), (16 bytes).
    Removing deca_device.o(i.dwt_configcontinuousframemode), (76 bytes).
    Removing deca_device.o(i.dwt_configcwmode), (140 bytes).
    Removing deca_device.o(i.dwt_configeventcounters), (34 bytes).
    Removing deca_device.o(i.dwt_configuresleep), (36 bytes).
    Removing deca_device.o(i.dwt_configuresleepcnt), (72 bytes).
    Removing deca_device.o(i.dwt_configuretxrf), (28 bytes).
    Removing deca_device.o(i.dwt_enableautoack), (40 bytes).
    Removing deca_device.o(i.dwt_enableframefilter), (64 bytes).
    Removing deca_device.o(i.dwt_entersleep), (4 bytes).
    Removing deca_device.o(i.dwt_entersleepaftertx), (36 bytes).
    Removing deca_device.o(i.dwt_geteui), (12 bytes).
    Removing deca_device.o(i.dwt_getinitxtaltrim), (12 bytes).
    Removing deca_device.o(i.dwt_getlotid), (12 bytes).
    Removing deca_device.o(i.dwt_getpartid), (12 bytes).
    Removing deca_device.o(i.dwt_loadopsettabfromotp), (36 bytes).
    Removing deca_device.o(i.dwt_lowpowerlistenisr), (148 bytes).
    Removing deca_device.o(i.dwt_otpread), (46 bytes).
    Removing deca_device.o(i.dwt_otprevision), (12 bytes).
    Removing deca_device.o(i.dwt_otpwriteandverify), (80 bytes).
    Removing deca_device.o(i.dwt_readaccdata), (36 bytes).
    Removing deca_device.o(i.dwt_readeventcounters), (126 bytes).
    Removing deca_device.o(i.dwt_readrxtimestamp), (12 bytes).
    Removing deca_device.o(i.dwt_readrxtimestamphi32), (8 bytes).
    Removing deca_device.o(i.dwt_readrxtimestamplo32), (8 bytes).
    Removing deca_device.o(i.dwt_readsystime), (12 bytes).
    Removing deca_device.o(i.dwt_readsystimestamphi32), (8 bytes).
    Removing deca_device.o(i.dwt_readtempvbat), (174 bytes).
    Removing deca_device.o(i.dwt_readtxtimestamp), (12 bytes).
    Removing deca_device.o(i.dwt_readtxtimestamphi32), (8 bytes).
    Removing deca_device.o(i.dwt_readtxtimestamplo32), (8 bytes).
    Removing deca_device.o(i.dwt_readwakeuptemp), (8 bytes).
    Removing deca_device.o(i.dwt_readwakeupvbat), (8 bytes).
    Removing deca_device.o(i.dwt_setaddress16), (10 bytes).
    Removing deca_device.o(i.dwt_setdblrxbuffmode), (40 bytes).
    Removing deca_device.o(i.dwt_setdelayedtrxtime), (10 bytes).
    Removing deca_device.o(i.dwt_seteui), (12 bytes).
    Removing deca_device.o(i.dwt_setfinegraintxseq), (18 bytes).
    Removing deca_device.o(i.dwt_setgpiodirection), (34 bytes).
    Removing deca_device.o(i.dwt_setgpiovalue), (34 bytes).
    Removing deca_device.o(i.dwt_setleds), (116 bytes).
    Removing deca_device.o(i.dwt_setlnapamode), (42 bytes).
    Removing deca_device.o(i.dwt_setlowpowerlistening), (36 bytes).
    Removing deca_device.o(i.dwt_setpanid), (10 bytes).
    Removing deca_device.o(i.dwt_setpreambledetecttimeout), (10 bytes).
    Removing deca_device.o(i.dwt_setsmarttxpower), (48 bytes).
    Removing deca_device.o(i.dwt_setsniffmode), (68 bytes).
    Removing deca_device.o(i.dwt_setsnoozetime), (10 bytes).
    Removing deca_device.o(i.dwt_spicswakeup), (56 bytes).
    Removing deca_spi.o(.rev16_text), (4 bytes).
    Removing deca_spi.o(.revsh_text), (4 bytes).
    Removing deca_spi.o(.rrx_text), (6 bytes).
    Removing deca_spi.o(i.spi_config), (16 bytes).
    Removing deca_com.o(.rev16_text), (4 bytes).
    Removing deca_com.o(.revsh_text), (4 bytes).
    Removing deca_com.o(.rrx_text), (6 bytes).
    Removing usart_com.o(.rev16_text), (4 bytes).
    Removing usart_com.o(.revsh_text), (4 bytes).
    Removing usart_com.o(.rrx_text), (6 bytes).
    Removing usart_com.o(i.USART_getw), (44 bytes).
    Removing usart_com.o(i.USART_puts), (22 bytes).
    Removing usart_com.o(i.USART_putws), (28 bytes).

683 unused section(s) (total 52736 bytes) removed from the image.

==============================================================================

Image Symbol Table

    Local Symbols

    Symbol Name                              Value     Ov Type        Size  Object(Section)

    ../Drivers/CMSIS/Device/ST/STM32L4xx/Source/Templates/system_stm32l4xx.c 0x00000000   Number         0  system_stm32l4xx.o ABSOLUTE
    ../Drivers/STM32L4xx_HAL_Driver/Src/stm32l4xx_hal.c 0x00000000   Number         0  stm32l4xx_hal.o ABSOLUTE
    ../Drivers/STM32L4xx_HAL_Driver/Src/stm32l4xx_hal_cortex.c 0x00000000   Number         0  stm32l4xx_hal_cortex.o ABSOLUTE
    ../Drivers/STM32L4xx_HAL_Driver/Src/stm32l4xx_hal_dma.c 0x00000000   Number         0  stm32l4xx_hal_dma.o ABSOLUTE
    ../Drivers/STM32L4xx_HAL_Driver/Src/stm32l4xx_hal_flash.c 0x00000000   Number         0  stm32l4xx_hal_flash.o ABSOLUTE
    ../Drivers/STM32L4xx_HAL_Driver/Src/stm32l4xx_hal_flash_ex.c 0x00000000   Number         0  stm32l4xx_hal_flash_ex.o ABSOLUTE
    ../Drivers/STM32L4xx_HAL_Driver/Src/stm32l4xx_hal_flash_ramfunc.c 0x00000000   Number         0  stm32l4xx_hal_flash_ramfunc.o ABSOLUTE
    ../Drivers/STM32L4xx_HAL_Driver/Src/stm32l4xx_hal_gpio.c 0x00000000   Number         0  stm32l4xx_hal_gpio.o ABSOLUTE
    ../Drivers/STM32L4xx_HAL_Driver/Src/stm32l4xx_hal_i2c.c 0x00000000   Number         0  stm32l4xx_hal_i2c.o ABSOLUTE
    ../Drivers/STM32L4xx_HAL_Driver/Src/stm32l4xx_hal_i2c_ex.c 0x00000000   Number         0  stm32l4xx_hal_i2c_ex.o ABSOLUTE
    ../Drivers/STM32L4xx_HAL_Driver/Src/stm32l4xx_hal_pcd.c 0x00000000   Number         0  stm32l4xx_hal_pcd.o ABSOLUTE
    ../Drivers/STM32L4xx_HAL_Driver/Src/stm32l4xx_hal_pcd_ex.c 0x00000000   Number         0  stm32l4xx_hal_pcd_ex.o ABSOLUTE
    ../Drivers/STM32L4xx_HAL_Driver/Src/stm32l4xx_hal_pwr.c 0x00000000   Number         0  stm32l4xx_hal_pwr.o ABSOLUTE
    ../Drivers/STM32L4xx_HAL_Driver/Src/stm32l4xx_hal_pwr_ex.c 0x00000000   Number         0  stm32l4xx_hal_pwr_ex.o ABSOLUTE
    ../Drivers/STM32L4xx_HAL_Driver/Src/stm32l4xx_hal_rcc.c 0x00000000   Number         0  stm32l4xx_hal_rcc.o ABSOLUTE
    ../Drivers/STM32L4xx_HAL_Driver/Src/stm32l4xx_hal_rcc_ex.c 0x00000000   Number         0  stm32l4xx_hal_rcc_ex.o ABSOLUTE
    ../Drivers/STM32L4xx_HAL_Driver/Src/stm32l4xx_hal_rtc.c 0x00000000   Number         0  stm32l4xx_hal_rtc.o ABSOLUTE
    ../Drivers/STM32L4xx_HAL_Driver/Src/stm32l4xx_hal_rtc_ex.c 0x00000000   Number         0  stm32l4xx_hal_rtc_ex.o ABSOLUTE
    ../Drivers/STM32L4xx_HAL_Driver/Src/stm32l4xx_hal_spi.c 0x00000000   Number         0  stm32l4xx_hal_spi.o ABSOLUTE
    ../Drivers/STM32L4xx_HAL_Driver/Src/stm32l4xx_hal_spi_ex.c 0x00000000   Number         0  stm32l4xx_hal_spi_ex.o ABSOLUTE
    ../Drivers/STM32L4xx_HAL_Driver/Src/stm32l4xx_hal_tim.c 0x00000000   Number         0  stm32l4xx_hal_tim.o ABSOLUTE
    ../Drivers/STM32L4xx_HAL_Driver/Src/stm32l4xx_hal_tim_ex.c 0x00000000   Number         0  stm32l4xx_hal_tim_ex.o ABSOLUTE
    ../Drivers/STM32L4xx_HAL_Driver/Src/stm32l4xx_hal_uart.c 0x00000000   Number         0  stm32l4xx_hal_uart.o ABSOLUTE
    ../Drivers/STM32L4xx_HAL_Driver/Src/stm32l4xx_hal_uart_ex.c 0x00000000   Number         0  stm32l4xx_hal_uart_ex.o ABSOLUTE
    ../Drivers/STM32L4xx_HAL_Driver/Src/stm32l4xx_ll_usb.c 0x00000000   Number         0  stm32l4xx_ll_usb.o ABSOLUTE
    ../Src/main.c                            0x00000000   Number         0  main.o ABSOLUTE
    ../Src/stm32l4xx_hal_msp.c               0x00000000   Number         0  stm32l4xx_hal_msp.o ABSOLUTE
    ../Src/stm32l4xx_it.c                    0x00000000   Number         0  stm32l4xx_it.o ABSOLUTE
    ../clib/microlib/division.c              0x00000000   Number         0  uldiv.o ABSOLUTE
    ../clib/microlib/init/entry.s            0x00000000   Number         0  entry8b.o ABSOLUTE
    ../clib/microlib/init/entry.s            0x00000000   Number         0  entry7b.o ABSOLUTE
    ../clib/microlib/init/entry.s            0x00000000   Number         0  entry7a.o ABSOLUTE
    ../clib/microlib/init/entry.s            0x00000000   Number         0  entry9a.o ABSOLUTE
    ../clib/microlib/init/entry.s            0x00000000   Number         0  entry5.o ABSOLUTE
    ../clib/microlib/init/entry.s            0x00000000   Number         0  entry9b.o ABSOLUTE
    ../clib/microlib/init/entry.s            0x00000000   Number         0  entry11b.o ABSOLUTE
    ../clib/microlib/init/entry.s            0x00000000   Number         0  entry2.o ABSOLUTE
    ../clib/microlib/init/entry.s            0x00000000   Number         0  entry10b.o ABSOLUTE
    ../clib/microlib/init/entry.s            0x00000000   Number         0  entry11a.o ABSOLUTE
    ../clib/microlib/init/entry.s            0x00000000   Number         0  entry8a.o ABSOLUTE
    ../clib/microlib/init/entry.s            0x00000000   Number         0  entry10a.o ABSOLUTE
    ../clib/microlib/init/entry.s            0x00000000   Number         0  entry.o ABSOLUTE
    ../clib/microlib/longlong.c              0x00000000   Number         0  llshl.o ABSOLUTE
    ../clib/microlib/longlong.c              0x00000000   Number         0  llushr.o ABSOLUTE
    ../clib/microlib/malloc/malloc.c         0x00000000   Number         0  malloc.o ABSOLUTE
    ../clib/microlib/malloc/malloc.c         0x00000000   Number         0  mallocra.o ABSOLUTE
    ../clib/microlib/malloc/malloc.c         0x00000000   Number         0  malloca.o ABSOLUTE
    ../clib/microlib/malloc/malloc.c         0x00000000   Number         0  mallocr.o ABSOLUTE
    ../clib/microlib/malloc/mvars.c          0x00000000   Number         0  mvars.o ABSOLUTE
    ../clib/microlib/string/memcpy.c         0x00000000   Number         0  memcpyb.o ABSOLUTE
    ../clib/microlib/string/memcpy.c         0x00000000   Number         0  memcpya.o ABSOLUTE
    ..\Drivers\CMSIS\Device\ST\STM32L4xx\Source\Templates\system_stm32l4xx.c 0x00000000   Number         0  system_stm32l4xx.o ABSOLUTE
    ..\Drivers\STM32L4xx_HAL_Driver\Src\stm32l4xx_hal.c 0x00000000   Number         0  stm32l4xx_hal.o ABSOLUTE
    ..\Drivers\STM32L4xx_HAL_Driver\Src\stm32l4xx_hal_cortex.c 0x00000000   Number         0  stm32l4xx_hal_cortex.o ABSOLUTE
    ..\Drivers\STM32L4xx_HAL_Driver\Src\stm32l4xx_hal_dma.c 0x00000000   Number         0  stm32l4xx_hal_dma.o ABSOLUTE
    ..\Drivers\STM32L4xx_HAL_Driver\Src\stm32l4xx_hal_flash.c 0x00000000   Number         0  stm32l4xx_hal_flash.o ABSOLUTE
    ..\Drivers\STM32L4xx_HAL_Driver\Src\stm32l4xx_hal_flash_ex.c 0x00000000   Number         0  stm32l4xx_hal_flash_ex.o ABSOLUTE
    ..\Drivers\STM32L4xx_HAL_Driver\Src\stm32l4xx_hal_flash_ramfunc.c 0x00000000   Number         0  stm32l4xx_hal_flash_ramfunc.o ABSOLUTE
    ..\Drivers\STM32L4xx_HAL_Driver\Src\stm32l4xx_hal_gpio.c 0x00000000   Number         0  stm32l4xx_hal_gpio.o ABSOLUTE
    ..\Drivers\STM32L4xx_HAL_Driver\Src\stm32l4xx_hal_i2c.c 0x00000000   Number         0  stm32l4xx_hal_i2c.o ABSOLUTE
    ..\Drivers\STM32L4xx_HAL_Driver\Src\stm32l4xx_hal_i2c_ex.c 0x00000000   Number         0  stm32l4xx_hal_i2c_ex.o ABSOLUTE
    ..\Drivers\STM32L4xx_HAL_Driver\Src\stm32l4xx_hal_pcd.c 0x00000000   Number         0  stm32l4xx_hal_pcd.o ABSOLUTE
    ..\Drivers\STM32L4xx_HAL_Driver\Src\stm32l4xx_hal_pcd_ex.c 0x00000000   Number         0  stm32l4xx_hal_pcd_ex.o ABSOLUTE
    ..\Drivers\STM32L4xx_HAL_Driver\Src\stm32l4xx_hal_pwr.c 0x00000000   Number         0  stm32l4xx_hal_pwr.o ABSOLUTE
    ..\Drivers\STM32L4xx_HAL_Driver\Src\stm32l4xx_hal_pwr_ex.c 0x00000000   Number         0  stm32l4xx_hal_pwr_ex.o ABSOLUTE
    ..\Drivers\STM32L4xx_HAL_Driver\Src\stm32l4xx_hal_rcc.c 0x00000000   Number         0  stm32l4xx_hal_rcc.o ABSOLUTE
    ..\Drivers\STM32L4xx_HAL_Driver\Src\stm32l4xx_hal_rcc_ex.c 0x00000000   Number         0  stm32l4xx_hal_rcc_ex.o ABSOLUTE
    ..\Drivers\STM32L4xx_HAL_Driver\Src\stm32l4xx_hal_rtc.c 0x00000000   Number         0  stm32l4xx_hal_rtc.o ABSOLUTE
    ..\Drivers\STM32L4xx_HAL_Driver\Src\stm32l4xx_hal_rtc_ex.c 0x00000000   Number         0  stm32l4xx_hal_rtc_ex.o ABSOLUTE
    ..\Drivers\STM32L4xx_HAL_Driver\Src\stm32l4xx_hal_spi.c 0x00000000   Number         0  stm32l4xx_hal_spi.o ABSOLUTE
    ..\Drivers\STM32L4xx_HAL_Driver\Src\stm32l4xx_hal_spi_ex.c 0x00000000   Number         0  stm32l4xx_hal_spi_ex.o ABSOLUTE
    ..\Drivers\STM32L4xx_HAL_Driver\Src\stm32l4xx_hal_tim.c 0x00000000   Number         0  stm32l4xx_hal_tim.o ABSOLUTE
    ..\Drivers\STM32L4xx_HAL_Driver\Src\stm32l4xx_hal_tim_ex.c 0x00000000   Number         0  stm32l4xx_hal_tim_ex.o ABSOLUTE
    ..\Drivers\STM32L4xx_HAL_Driver\Src\stm32l4xx_hal_uart.c 0x00000000   Number         0  stm32l4xx_hal_uart.o ABSOLUTE
    ..\Drivers\STM32L4xx_HAL_Driver\Src\stm32l4xx_hal_uart_ex.c 0x00000000   Number         0  stm32l4xx_hal_uart_ex.o ABSOLUTE
    ..\Drivers\STM32L4xx_HAL_Driver\Src\stm32l4xx_ll_usb.c 0x00000000   Number         0  stm32l4xx_ll_usb.o ABSOLUTE
    ..\RL_drivers\deca_com.c                 0x00000000   Number         0  deca_com.o ABSOLUTE
    ..\RL_drivers\deca_spi.c                 0x00000000   Number         0  deca_spi.o ABSOLUTE
    ..\RL_drivers\usart_com.c                0x00000000   Number         0  usart_com.o ABSOLUTE
    ..\Src\main.c                            0x00000000   Number         0  main.o ABSOLUTE
    ..\Src\stm32l4xx_hal_msp.c               0x00000000   Number         0  stm32l4xx_hal_msp.o ABSOLUTE
    ..\Src\stm32l4xx_it.c                    0x00000000   Number         0  stm32l4xx_it.o ABSOLUTE
    ..\\RL_drivers\\deca_com.c               0x00000000   Number         0  deca_com.o ABSOLUTE
    ..\\RL_drivers\\deca_spi.c               0x00000000   Number         0  deca_spi.o ABSOLUTE
    ..\\RL_drivers\\usart_com.c              0x00000000   Number         0  usart_com.o ABSOLUTE
    ..\decadriver\deca_device.c              0x00000000   Number         0  deca_device.o ABSOLUTE
    ..\decadriver\deca_params_init.c         0x00000000   Number         0  deca_params_init.o ABSOLUTE
    dc.s                                     0x00000000   Number         0  dc.o ABSOLUTE
    handlers.s                               0x00000000   Number         0  handlers.o ABSOLUTE
    init.s                                   0x00000000   Number         0  init.o ABSOLUTE
    startup_stm32l476xx.s                    0x00000000   Number         0  startup_stm32l476xx.o ABSOLUTE
    RESET                                    0x08000000   Section      392  startup_stm32l476xx.o(RESET)
    .ARM.Collect$$$$00000000                 0x08000188   Section        0  entry.o(.ARM.Collect$$$$00000000)
    .ARM.Collect$$$$00000001                 0x08000188   Section        4  entry2.o(.ARM.Collect$$$$00000001)
    .ARM.Collect$$$$00000004                 0x0800018c   Section        4  entry5.o(.ARM.Collect$$$$00000004)
    .ARM.Collect$$$$00000008                 0x08000190   Section        0  entry7b.o(.ARM.Collect$$$$00000008)
    .ARM.Collect$$$$0000000A                 0x08000190   Section        0  entry8b.o(.ARM.Collect$$$$0000000A)
    .ARM.Collect$$$$0000000B                 0x08000190   Section        8  entry9a.o(.ARM.Collect$$$$0000000B)
    .ARM.Collect$$$$0000000D                 0x08000198   Section        0  entry10a.o(.ARM.Collect$$$$0000000D)
    .ARM.Collect$$$$0000000F                 0x08000198   Section        0  entry11a.o(.ARM.Collect$$$$0000000F)
    .ARM.Collect$$$$00002712                 0x08000198   Section        4  entry2.o(.ARM.Collect$$$$00002712)
    __lit__00000000                          0x08000198   Data           4  entry2.o(.ARM.Collect$$$$00002712)
    .text                                    0x0800019c   Section       36  startup_stm32l476xx.o(.text)
    $v0                                      0x0800019c   Number         0  startup_stm32l476xx.o(.text)
    .text                                    0x080001c0   Section        0  uldiv.o(.text)
    .text                                    0x08000228   Section        0  memcpya.o(.text)
    .text                                    0x0800024c   Section        0  llshl.o(.text)
    .text                                    0x0800026a   Section        0  llushr.o(.text)
    .text                                    0x0800028c   Section       36  init.o(.text)
    i.EXTI0_IRQHandler                       0x080002b0   Section        0  stm32l4xx_it.o(i.EXTI0_IRQHandler)
    i.HAL_Delay                              0x080002c0   Section        0  stm32l4xx_hal.o(i.HAL_Delay)
    i.HAL_GPIO_EXTI_Callback                 0x080002d8   Section        0  stm32l4xx_hal_gpio.o(i.HAL_GPIO_EXTI_Callback)
    i.HAL_GPIO_EXTI_IRQHandler               0x080002dc   Section        0  stm32l4xx_hal_gpio.o(i.HAL_GPIO_EXTI_IRQHandler)
    i.HAL_GPIO_Init                          0x080002f4   Section        0  stm32l4xx_hal_gpio.o(i.HAL_GPIO_Init)
    i.HAL_GPIO_WritePin                      0x080004be   Section        0  stm32l4xx_hal_gpio.o(i.HAL_GPIO_WritePin)
    i.HAL_GetTick                            0x080004c8   Section        0  stm32l4xx_hal.o(i.HAL_GetTick)
    i.HAL_IncTick                            0x080004d4   Section        0  stm32l4xx_hal.o(i.HAL_IncTick)
    i.HAL_Init                               0x080004e4   Section        0  stm32l4xx_hal.o(i.HAL_Init)
    i.HAL_InitTick                           0x080004fc   Section        0  stm32l4xx_hal.o(i.HAL_InitTick)
    i.HAL_MspInit                            0x08000524   Section        0  stm32l4xx_hal_msp.o(i.HAL_MspInit)
    i.HAL_NVIC_EnableIRQ                     0x08000550   Section        0  stm32l4xx_hal_cortex.o(i.HAL_NVIC_EnableIRQ)
    i.HAL_NVIC_SetPriority                   0x08000568   Section        0  stm32l4xx_hal_cortex.o(i.HAL_NVIC_SetPriority)
    i.HAL_NVIC_SetPriorityGrouping           0x080005a8   Section        0  stm32l4xx_hal_cortex.o(i.HAL_NVIC_SetPriorityGrouping)
    i.HAL_PCDEx_ActivateBCD                  0x080005cc   Section        0  stm32l4xx_hal_pcd_ex.o(i.HAL_PCDEx_ActivateBCD)
    i.HAL_PCDEx_ActivateLPM                  0x080005e0   Section        0  stm32l4xx_hal_pcd_ex.o(i.HAL_PCDEx_ActivateLPM)
    i.HAL_PCD_Init                           0x08000608   Section        0  stm32l4xx_hal_pcd.o(i.HAL_PCD_Init)
    i.HAL_PCD_MspInit                        0x080006f8   Section        0  stm32l4xx_hal_msp.o(i.HAL_PCD_MspInit)
    i.HAL_PWREx_ControlVoltageScaling        0x08000768   Section        0  stm32l4xx_hal_pwr_ex.o(i.HAL_PWREx_ControlVoltageScaling)
    i.HAL_PWREx_EnableVddUSB                 0x080007cc   Section        0  stm32l4xx_hal_pwr_ex.o(i.HAL_PWREx_EnableVddUSB)
    i.HAL_PWREx_GetVoltageRange              0x080007dc   Section        0  stm32l4xx_hal_pwr_ex.o(i.HAL_PWREx_GetVoltageRange)
    i.HAL_RCCEx_EnableMSIPLLMode             0x080007ec   Section        0  stm32l4xx_hal_rcc_ex.o(i.HAL_RCCEx_EnableMSIPLLMode)
    i.HAL_RCCEx_PeriphCLKConfig              0x080007fc   Section        0  stm32l4xx_hal_rcc_ex.o(i.HAL_RCCEx_PeriphCLKConfig)
    i.HAL_RCC_ClockConfig                    0x08000ba0   Section        0  stm32l4xx_hal_rcc.o(i.HAL_RCC_ClockConfig)
    i.HAL_RCC_GetHCLKFreq                    0x08000d20   Section        0  stm32l4xx_hal_rcc.o(i.HAL_RCC_GetHCLKFreq)
    i.HAL_RCC_GetPCLK1Freq                   0x08000d2c   Section        0  stm32l4xx_hal_rcc.o(i.HAL_RCC_GetPCLK1Freq)
    i.HAL_RCC_GetPCLK2Freq                   0x08000d5c   Section        0  stm32l4xx_hal_rcc.o(i.HAL_RCC_GetPCLK2Freq)
    i.HAL_RCC_GetSysClockFreq                0x08000d8c   Section        0  stm32l4xx_hal_rcc.o(i.HAL_RCC_GetSysClockFreq)
    i.HAL_RCC_OscConfig                      0x08000e88   Section        0  stm32l4xx_hal_rcc.o(i.HAL_RCC_OscConfig)
    i.HAL_SPI_Init                           0x08001328   Section        0  stm32l4xx_hal_spi.o(i.HAL_SPI_Init)
    i.HAL_SPI_MspInit                        0x080013e8   Section        0  stm32l4xx_hal_msp.o(i.HAL_SPI_MspInit)
    i.HAL_SPI_TransmitReceive                0x08001448   Section        0  stm32l4xx_hal_spi.o(i.HAL_SPI_TransmitReceive)
    i.HAL_SYSTICK_CLKSourceConfig            0x080016d4   Section        0  stm32l4xx_hal_cortex.o(i.HAL_SYSTICK_CLKSourceConfig)
    i.HAL_SYSTICK_Callback                   0x080016ec   Section        0  stm32l4xx_hal_cortex.o(i.HAL_SYSTICK_Callback)
    i.HAL_SYSTICK_Config                     0x080016ee   Section        0  stm32l4xx_hal_cortex.o(i.HAL_SYSTICK_Config)
    i.HAL_SYSTICK_IRQHandler                 0x08001716   Section        0  stm32l4xx_hal_cortex.o(i.HAL_SYSTICK_IRQHandler)
    i.HAL_TIMEx_MasterConfigSynchronization  0x08001720   Section        0  stm32l4xx_hal_tim_ex.o(i.HAL_TIMEx_MasterConfigSynchronization)
    i.HAL_TIM_Base_Init                      0x08001778   Section        0  stm32l4xx_hal_tim.o(i.HAL_TIM_Base_Init)
    i.HAL_TIM_Base_MspInit                   0x080017b0   Section        0  stm32l4xx_hal_msp.o(i.HAL_TIM_Base_MspInit)
    i.HAL_TIM_ConfigClockSource              0x080017d4   Section        0  stm32l4xx_hal_tim.o(i.HAL_TIM_ConfigClockSource)
    i.HAL_UART_Init                          0x080018d0   Section        0  stm32l4xx_hal_uart.o(i.HAL_UART_Init)
    i.HAL_UART_MspInit                       0x0800193c   Section        0  stm32l4xx_hal_msp.o(i.HAL_UART_MspInit)
    i.HAL_UART_Receive                       0x08001984   Section        0  stm32l4xx_hal_uart.o(i.HAL_UART_Receive)
    i.HAL_UART_Transmit                      0x08001a90   Section        0  stm32l4xx_hal_uart.o(i.HAL_UART_Transmit)
    i.MX_GPIO_Init                           0x08001b58   Section        0  main.o(i.MX_GPIO_Init)
    MX_GPIO_Init                             0x08001b59   Thumb Code   210  main.o(i.MX_GPIO_Init)
    i.MX_SPI1_Init                           0x08001c3c   Section        0  main.o(i.MX_SPI1_Init)
    MX_SPI1_Init                             0x08001c3d   Thumb Code    54  main.o(i.MX_SPI1_Init)
    i.MX_USART2_UART_Init                    0x08001c7c   Section        0  main.o(i.MX_USART2_UART_Init)
    MX_USART2_UART_Init                      0x08001c7d   Thumb Code    36  main.o(i.MX_USART2_UART_Init)
    i.MX_USB_OTG_FS_PCD_Init                 0x08001ca8   Section        0  main.o(i.MX_USB_OTG_FS_PCD_Init)
    MX_USB_OTG_FS_PCD_Init                   0x08001ca9   Thumb Code    36  main.o(i.MX_USB_OTG_FS_PCD_Init)
    i.NVIC_SetPriority                       0x08001cd0   Section        0  stm32l4xx_hal_cortex.o(i.NVIC_SetPriority)
    NVIC_SetPriority                         0x08001cd1   Thumb Code    32  stm32l4xx_hal_cortex.o(i.NVIC_SetPriority)
    i.RCCEx_PLLSAI1_ConfigNP                 0x08001cf0   Section        0  stm32l4xx_hal_rcc_ex.o(i.RCCEx_PLLSAI1_ConfigNP)
    RCCEx_PLLSAI1_ConfigNP                   0x08001cf1   Thumb Code   150  stm32l4xx_hal_rcc_ex.o(i.RCCEx_PLLSAI1_ConfigNP)
    i.RCCEx_PLLSAI1_ConfigNQ                 0x08001d8c   Section        0  stm32l4xx_hal_rcc_ex.o(i.RCCEx_PLLSAI1_ConfigNQ)
    RCCEx_PLLSAI1_ConfigNQ                   0x08001d8d   Thumb Code   154  stm32l4xx_hal_rcc_ex.o(i.RCCEx_PLLSAI1_ConfigNQ)
    i.RCCEx_PLLSAI1_ConfigNR                 0x08001e2c   Section        0  stm32l4xx_hal_rcc_ex.o(i.RCCEx_PLLSAI1_ConfigNR)
    RCCEx_PLLSAI1_ConfigNR                   0x08001e2d   Thumb Code   154  stm32l4xx_hal_rcc_ex.o(i.RCCEx_PLLSAI1_ConfigNR)
    i.RCCEx_PLLSAI2_ConfigNP                 0x08001ecc   Section        0  stm32l4xx_hal_rcc_ex.o(i.RCCEx_PLLSAI2_ConfigNP)
    RCCEx_PLLSAI2_ConfigNP                   0x08001ecd   Thumb Code   150  stm32l4xx_hal_rcc_ex.o(i.RCCEx_PLLSAI2_ConfigNP)
    i.RCCEx_PLLSAI2_ConfigNR                 0x08001f68   Section        0  stm32l4xx_hal_rcc_ex.o(i.RCCEx_PLLSAI2_ConfigNR)
    RCCEx_PLLSAI2_ConfigNR                   0x08001f69   Thumb Code   154  stm32l4xx_hal_rcc_ex.o(i.RCCEx_PLLSAI2_ConfigNR)
    i.RCC_SetFlashLatencyFromMSIRange        0x08002008   Section        0  stm32l4xx_hal_rcc.o(i.RCC_SetFlashLatencyFromMSIRange)
    RCC_SetFlashLatencyFromMSIRange          0x08002009   Thumb Code   116  stm32l4xx_hal_rcc.o(i.RCC_SetFlashLatencyFromMSIRange)
    i.SPI_EndRxTxTransaction                 0x08002084   Section        0  stm32l4xx_hal_spi.o(i.SPI_EndRxTxTransaction)
    SPI_EndRxTxTransaction                   0x08002085   Thumb Code    48  stm32l4xx_hal_spi.o(i.SPI_EndRxTxTransaction)
    i.SPI_WaitFifoStateUntilTimeout          0x080020b4   Section        0  stm32l4xx_hal_spi.o(i.SPI_WaitFifoStateUntilTimeout)
    SPI_WaitFifoStateUntilTimeout            0x080020b5   Thumb Code   162  stm32l4xx_hal_spi.o(i.SPI_WaitFifoStateUntilTimeout)
    i.SPI_WaitFlagStateUntilTimeout          0x08002156   Section        0  stm32l4xx_hal_spi.o(i.SPI_WaitFlagStateUntilTimeout)
    SPI_WaitFlagStateUntilTimeout            0x08002157   Thumb Code   142  stm32l4xx_hal_spi.o(i.SPI_WaitFlagStateUntilTimeout)
    i.SysTick_Handler                        0x080021e4   Section        0  stm32l4xx_it.o(i.SysTick_Handler)
    i.SystemClock_Config                     0x080021f4   Section        0  main.o(i.SystemClock_Config)
    i.SystemInit                             0x080022a0   Section        0  system_stm32l4xx.o(i.SystemInit)
    i.TIM_Base_SetConfig                     0x080022e4   Section        0  stm32l4xx_hal_tim.o(i.TIM_Base_SetConfig)
    i.TIM_ETR_SetConfig                      0x0800239c   Section        0  stm32l4xx_hal_tim.o(i.TIM_ETR_SetConfig)
    i.TIM_ITRx_SetConfig                     0x080023b0   Section        0  stm32l4xx_hal_tim.o(i.TIM_ITRx_SetConfig)
    TIM_ITRx_SetConfig                       0x080023b1   Thumb Code    16  stm32l4xx_hal_tim.o(i.TIM_ITRx_SetConfig)
    i.TIM_TI1_ConfigInputStage               0x080023c0   Section        0  stm32l4xx_hal_tim.o(i.TIM_TI1_ConfigInputStage)
    TIM_TI1_ConfigInputStage                 0x080023c1   Thumb Code    34  stm32l4xx_hal_tim.o(i.TIM_TI1_ConfigInputStage)
    i.TIM_TI2_ConfigInputStage               0x080023e2   Section        0  stm32l4xx_hal_tim.o(i.TIM_TI2_ConfigInputStage)
    TIM_TI2_ConfigInputStage                 0x080023e3   Thumb Code    36  stm32l4xx_hal_tim.o(i.TIM_TI2_ConfigInputStage)
    i.UART_AdvFeatureConfig                  0x08002406   Section        0  stm32l4xx_hal_uart.o(i.UART_AdvFeatureConfig)
    i.UART_CheckIdleState                    0x080024ce   Section        0  stm32l4xx_hal_uart.o(i.UART_CheckIdleState)
    i.UART_SetConfig                         0x0800251c   Section        0  stm32l4xx_hal_uart.o(i.UART_SetConfig)
    i.UART_WaitOnFlagUntilTimeout            0x0800279c   Section        0  stm32l4xx_hal_uart.o(i.UART_WaitOnFlagUntilTimeout)
    i.USART_getc                             0x08002830   Section        0  usart_com.o(i.USART_getc)
    i.USART_putc                             0x0800284c   Section        0  usart_com.o(i.USART_putc)
    i.USART_putw                             0x08002860   Section        0  usart_com.o(i.USART_putw)
    i.USB_CoreInit                           0x0800287c   Section        0  stm32l4xx_ll_usb.o(i.USB_CoreInit)
    i.USB_DevDisconnect                      0x080028c4   Section        0  stm32l4xx_ll_usb.o(i.USB_DevDisconnect)
    i.USB_DevInit                            0x080028dc   Section        0  stm32l4xx_ll_usb.o(i.USB_DevInit)
    i.USB_DisableGlobalInt                   0x08002a20   Section        0  stm32l4xx_ll_usb.o(i.USB_DisableGlobalInt)
    i.USB_FlushRxFifo                        0x08002a2c   Section        0  stm32l4xx_ll_usb.o(i.USB_FlushRxFifo)
    i.USB_FlushTxFifo                        0x08002a4c   Section        0  stm32l4xx_ll_usb.o(i.USB_FlushTxFifo)
    i.USB_SetCurrentMode                     0x08002a70   Section        0  stm32l4xx_ll_usb.o(i.USB_SetCurrentMode)
    i.__scatterload_copy                     0x08002a9c   Section       14  handlers.o(i.__scatterload_copy)
    i.__scatterload_null                     0x08002aaa   Section        2  handlers.o(i.__scatterload_null)
    i.__scatterload_zeroinit                 0x08002aac   Section       14  handlers.o(i.__scatterload_zeroinit)
    i._dwt_aonarrayupload                    0x08002aba   Section        0  deca_device.o(i._dwt_aonarrayupload)
    i._dwt_configlde                         0x08002ad4   Section        0  deca_device.o(i._dwt_configlde)
    i._dwt_disablesequencing                 0x08002afe   Section        0  deca_device.o(i._dwt_disablesequencing)
    i._dwt_enableclocks                      0x08002b14   Section        0  deca_device.o(i._dwt_enableclocks)
    i._dwt_loaducodefromrom                  0x08002be2   Section        0  deca_device.o(i._dwt_loaducodefromrom)
    i._dwt_otpread                           0x08002c06   Section        0  deca_device.o(i._dwt_otpread)
    i.clearArray                             0x08002c34   Section        0  main.o(i.clearArray)
    i.computeAverage                         0x08002c48   Section        0  main.o(i.computeAverage)
    i.computeSum                             0x08002c70   Section        0  main.o(i.computeSum)
    i.computeVarianceSum                     0x08002c8a   Section        0  main.o(i.computeVarianceSum)
    i.deca_sleep                             0x08002ce0   Section        0  deca_spi.o(i.deca_sleep)
    i.decamutexoff                           0x08002ce4   Section        0  deca_spi.o(i.decamutexoff)
    i.decamutexon                            0x08002cf4   Section        0  deca_spi.o(i.decamutexon)
    i.dwt_configure                          0x08002d08   Section        0  deca_device.o(i.dwt_configure)
    i.dwt_forcetrxoff                        0x08002f08   Section        0  deca_device.o(i.dwt_forcetrxoff)
    i.dwt_initialise                         0x08002f5c   Section        0  deca_device.o(i.dwt_initialise)
    i.dwt_isr                                0x0800302c   Section        0  deca_device.o(i.dwt_isr)
    i.dwt_read16bitoffsetreg                 0x08003140   Section        0  deca_device.o(i.dwt_read16bitoffsetreg)
    i.dwt_read32bitoffsetreg                 0x0800315e   Section        0  deca_device.o(i.dwt_read32bitoffsetreg)
    i.dwt_read8bitoffsetreg                  0x08003180   Section        0  deca_device.o(i.dwt_read8bitoffsetreg)
    i.dwt_readdevid                          0x08003194   Section        0  deca_device.o(i.dwt_readdevid)
    i.dwt_readdiagnostics                    0x0800319c   Section        0  deca_device.o(i.dwt_readdiagnostics)
    i.dwt_readfromdevice                     0x080031d8   Section        0  deca_device.o(i.dwt_readfromdevice)
    i.dwt_readrxdata                         0x08003212   Section        0  deca_device.o(i.dwt_readrxdata)
    i.dwt_rxenable                           0x08003224   Section        0  deca_device.o(i.dwt_rxenable)
    i.dwt_rxreset                            0x08003272   Section        0  deca_device.o(i.dwt_rxreset)
    i.dwt_setcallbacks                       0x0800328c   Section        0  deca_device.o(i.dwt_setcallbacks)
    i.dwt_setinterrupt                       0x0800329c   Section        0  deca_device.o(i.dwt_setinterrupt)
    i.dwt_setrxaftertxdelay                  0x080032cc   Section        0  deca_device.o(i.dwt_setrxaftertxdelay)
    i.dwt_setrxantennadelay                  0x080032ee   Section        0  deca_device.o(i.dwt_setrxantennadelay)
    i.dwt_setrxtimeout                       0x080032fc   Section        0  deca_device.o(i.dwt_setrxtimeout)
    i.dwt_settxantennadelay                  0x08003340   Section        0  deca_device.o(i.dwt_settxantennadelay)
    i.dwt_setxtaltrim                        0x0800334a   Section        0  deca_device.o(i.dwt_setxtaltrim)
    i.dwt_softreset                          0x0800335c   Section        0  deca_device.o(i.dwt_softreset)
    i.dwt_starttx                            0x080033a0   Section        0  deca_device.o(i.dwt_starttx)
    i.dwt_syncrxbufptrs                      0x08003408   Section        0  deca_device.o(i.dwt_syncrxbufptrs)
    i.dwt_write16bitoffsetreg                0x08003430   Section        0  deca_device.o(i.dwt_write16bitoffsetreg)
    i.dwt_write32bitoffsetreg                0x0800344a   Section        0  deca_device.o(i.dwt_write32bitoffsetreg)
    i.dwt_write8bitoffsetreg                 0x08003468   Section        0  deca_device.o(i.dwt_write8bitoffsetreg)
    i.dwt_writetodevice                      0x08003478   Section        0  deca_device.o(i.dwt_writetodevice)
    i.dwt_writetxdata                        0x080034b6   Section        0  deca_device.o(i.dwt_writetxdata)
    i.dwt_writetxfctrl                       0x080034d8   Section        0  deca_device.o(i.dwt_writetxfctrl)
    i.free                                   0x080034f4   Section        0  malloc.o(i.free)
    i.getPACsize                             0x08003544   Section        0  main.o(i.getPACsize)
    i.getPHR                                 0x08003578   Section        0  main.o(i.getPHR)
    i.getPRMcode                             0x08003584   Section        0  main.o(i.getPRMcode)
    i.getPayload                             0x080035dc   Section        0  main.o(i.getPayload)
    i.main                                   0x08003608   Section        0  main.o(i.main)
    i.malloc                                 0x08003c74   Section        0  malloc.o(i.malloc)
    i.readfromspi                            0x08003ce0   Section        0  deca_spi.o(i.readfromspi)
    i.reset_DW1000                           0x08003d58   Section        0  deca_com.o(i.reset_DW1000)
    i.rx_err_cb                              0x08003d94   Section        0  main.o(i.rx_err_cb)
    rx_err_cb                                0x08003d95   Thumb Code    30  main.o(i.rx_err_cb)
    i.rx_ok_cb                               0x08003db8   Section        0  main.o(i.rx_ok_cb)
    rx_ok_cb                                 0x08003db9   Thumb Code   152  main.o(i.rx_ok_cb)
    i.rx_to_cb                               0x08003e58   Section        0  main.o(i.rx_to_cb)
    rx_to_cb                                 0x08003e59   Thumb Code    30  main.o(i.rx_to_cb)
    i.sendMeasurementData                    0x08003e7c   Section        0  main.o(i.sendMeasurementData)
    i.setConfigurationStruct                 0x08003f82   Section        0  main.o(i.setConfigurationStruct)
    i.set_spi_speed_high                     0x08003fe0   Section        0  deca_spi.o(i.set_spi_speed_high)
    i.set_spi_speed_low                      0x08003ff8   Section        0  deca_spi.o(i.set_spi_speed_low)
    i.tx_conf_cb                             0x08004010   Section        0  main.o(i.tx_conf_cb)
    tx_conf_cb                               0x08004011   Thumb Code    10  main.o(i.tx_conf_cb)
    i.wakeup_DW1000                          0x08004020   Section        0  deca_com.o(i.wakeup_DW1000)
    i.writetospi                             0x08004034   Section        0  deca_spi.o(i.writetospi)
    .constdata                               0x080040ac   Section       64  system_stm32l4xx.o(.constdata)
    .constdata                               0x080040ec   Section        8  system_stm32l4xx.o(.constdata)
    .constdata                               0x080040f4   Section        8  deca_params_init.o(.constdata)
    .constdata                               0x080040fc   Section       24  deca_params_init.o(.constdata)
    .constdata                               0x08004114   Section       24  deca_params_init.o(.constdata)
    .constdata                               0x0800412c   Section        6  deca_params_init.o(.constdata)
    .constdata                               0x08004132   Section        2  deca_params_init.o(.constdata)
    .constdata                               0x08004134   Section        8  deca_params_init.o(.constdata)
    .constdata                               0x0800413c   Section        3  deca_params_init.o(.constdata)
    .constdata                               0x08004140   Section       12  deca_params_init.o(.constdata)
    .constdata                               0x0800414c   Section        4  deca_params_init.o(.constdata)
    .constdata                               0x08004150   Section       32  deca_params_init.o(.constdata)
    .constdata                               0x08004170   Section       50  deca_params_init.o(.constdata)
    .data                                    0x20000000   Section      104  main.o(.data)
    config                                   0x2000003c   Data          12  main.o(.data)
    def_config                               0x20000048   Data          12  main.o(.data)
    ac_txConfMsg                             0x20000054   Data          10  main.o(.data)
    ac_txConfigConfirm                       0x2000005e   Data          10  main.o(.data)
    .data                                    0x20000068   Section        4  system_stm32l4xx.o(.data)
    .data                                    0x2000006c   Section        4  stm32l4xx_hal.o(.data)
    .data                                    0x20000070   Section        4  mvars.o(.data)
    .data                                    0x20000074   Section        4  mvars.o(.data)
    .bss                                     0x20000078   Section     5872  main.o(.bss)
    rx_diag                                  0x20000550   Data          16  main.o(.bss)
    ac_pollMsg                               0x20000560   Data        1000  main.o(.bss)
    ac_respMsg                               0x20000948   Data        1000  main.o(.bss)
    ac_rxBuffer                              0x20001380   Data        1000  main.o(.bss)
    .bss                                     0x20001768   Section       56  deca_device.o(.bss)
    dw1000local                              0x20001768   Data          56  deca_device.o(.bss)
    HEAP                                     0x200017a0   Section     1024  startup_stm32l476xx.o(HEAP)
    STACK                                    0x20001ba0   Section      512  startup_stm32l476xx.o(STACK)

    Global Symbols

    Symbol Name                              Value     Ov Type        Size  Object(Section)

    BuildAttributes$$THM_ISAv4$E$P$D$K$B$S$7EM$VFPi3$EXTD16$VFPS$VFMA$PE$A:L22UL41UL21$X:L11$S22US41US21$IEEE1$IW$USESV6$~STKCKD$USESV7$~SHL$OSPACE$EBA8$MICROLIB$REQ8$PRES8$EABIv2 0x00000000   Number         0  anon$$obj.o ABSOLUTE
    __ARM_use_no_argv                        0x00000000   Number         0  main.o ABSOLUTE
    __cpp_initialize__aeabi_                  - Undefined Weak Reference
    __cxa_finalize                            - Undefined Weak Reference
    __decompress                              - Undefined Weak Reference
    _clock_init                               - Undefined Weak Reference
    _microlib_exit                            - Undefined Weak Reference
    __Vectors_Size                           0x00000188   Number         0  startup_stm32l476xx.o ABSOLUTE
    __Vectors                                0x08000000   Data           4  startup_stm32l476xx.o(RESET)
    __Vectors_End                            0x08000188   Data           0  startup_stm32l476xx.o(RESET)
    __main                                   0x08000189   Thumb Code     0  entry.o(.ARM.Collect$$$$00000000)
    _main_stk                                0x08000189   Thumb Code     0  entry2.o(.ARM.Collect$$$$00000001)
    _main_scatterload                        0x0800018d   Thumb Code     0  entry5.o(.ARM.Collect$$$$00000004)
    __main_after_scatterload                 0x08000191   Thumb Code     0  entry5.o(.ARM.Collect$$$$00000004)
    _main_clock                              0x08000191   Thumb Code     0  entry7b.o(.ARM.Collect$$$$00000008)
    _main_cpp_init                           0x08000191   Thumb Code     0  entry8b.o(.ARM.Collect$$$$0000000A)
    _main_init                               0x08000191   Thumb Code     0  entry9a.o(.ARM.Collect$$$$0000000B)
    __rt_final_cpp                           0x08000199   Thumb Code     0  entry10a.o(.ARM.Collect$$$$0000000D)
    __rt_final_exit                          0x08000199   Thumb Code     0  entry11a.o(.ARM.Collect$$$$0000000F)
    Reset_Handler                            0x0800019d   Thumb Code     8  startup_stm32l476xx.o(.text)
    NMI_Handler                              0x080001a5   Thumb Code     2  startup_stm32l476xx.o(.text)
    HardFault_Handler                        0x080001a7   Thumb Code     2  startup_stm32l476xx.o(.text)
    MemManage_Handler                        0x080001a9   Thumb Code     2  startup_stm32l476xx.o(.text)
    BusFault_Handler                         0x080001ab   Thumb Code     2  startup_stm32l476xx.o(.text)
    UsageFault_Handler                       0x080001ad   Thumb Code     2  startup_stm32l476xx.o(.text)
    SVC_Handler                              0x080001af   Thumb Code     2  startup_stm32l476xx.o(.text)
    DebugMon_Handler                         0x080001b1   Thumb Code     2  startup_stm32l476xx.o(.text)
    PendSV_Handler                           0x080001b3   Thumb Code     2  startup_stm32l476xx.o(.text)
    ADC1_2_IRQHandler                        0x080001b7   Thumb Code     0  startup_stm32l476xx.o(.text)
    ADC3_IRQHandler                          0x080001b7   Thumb Code     0  startup_stm32l476xx.o(.text)
    CAN1_RX0_IRQHandler                      0x080001b7   Thumb Code     0  startup_stm32l476xx.o(.text)
    CAN1_RX1_IRQHandler                      0x080001b7   Thumb Code     0  startup_stm32l476xx.o(.text)
    CAN1_SCE_IRQHandler                      0x080001b7   Thumb Code     0  startup_stm32l476xx.o(.text)
    CAN1_TX_IRQHandler                       0x080001b7   Thumb Code     0  startup_stm32l476xx.o(.text)
    COMP_IRQHandler                          0x080001b7   Thumb Code     0  startup_stm32l476xx.o(.text)
    DFSDM0_IRQHandler                        0x080001b7   Thumb Code     0  startup_stm32l476xx.o(.text)
    DFSDM1_IRQHandler                        0x080001b7   Thumb Code     0  startup_stm32l476xx.o(.text)
    DFSDM2_IRQHandler                        0x080001b7   Thumb Code     0  startup_stm32l476xx.o(.text)
    DFSDM3_IRQHandler                        0x080001b7   Thumb Code     0  startup_stm32l476xx.o(.text)
    DMA1_Channel1_IRQHandler                 0x080001b7   Thumb Code     0  startup_stm32l476xx.o(.text)
    DMA1_Channel2_IRQHandler                 0x080001b7   Thumb Code     0  startup_stm32l476xx.o(.text)
    DMA1_Channel3_IRQHandler                 0x080001b7   Thumb Code     0  startup_stm32l476xx.o(.text)
    DMA1_Channel4_IRQHandler                 0x080001b7   Thumb Code     0  startup_stm32l476xx.o(.text)
    DMA1_Channel5_IRQHandler                 0x080001b7   Thumb Code     0  startup_stm32l476xx.o(.text)
    DMA1_Channel6_IRQHandler                 0x080001b7   Thumb Code     0  startup_stm32l476xx.o(.text)
    DMA1_Channel7_IRQHandler                 0x080001b7   Thumb Code     0  startup_stm32l476xx.o(.text)
    DMA2_Channel1_IRQHandler                 0x080001b7   Thumb Code     0  startup_stm32l476xx.o(.text)
    DMA2_Channel2_IRQHandler                 0x080001b7   Thumb Code     0  startup_stm32l476xx.o(.text)
    DMA2_Channel3_IRQHandler                 0x080001b7   Thumb Code     0  startup_stm32l476xx.o(.text)
    DMA2_Channel4_IRQHandler                 0x080001b7   Thumb Code     0  startup_stm32l476xx.o(.text)
    DMA2_Channel5_IRQHandler                 0x080001b7   Thumb Code     0  startup_stm32l476xx.o(.text)
    DMA2_Channel6_IRQHandler                 0x080001b7   Thumb Code     0  startup_stm32l476xx.o(.text)
    DMA2_Channel7_IRQHandler                 0x080001b7   Thumb Code     0  startup_stm32l476xx.o(.text)
    EXTI15_10_IRQHandler                     0x080001b7   Thumb Code     0  startup_stm32l476xx.o(.text)
    EXTI1_IRQHandler                         0x080001b7   Thumb Code     0  startup_stm32l476xx.o(.text)
    EXTI2_IRQHandler                         0x080001b7   Thumb Code     0  startup_stm32l476xx.o(.text)
    EXTI3_IRQHandler                         0x080001b7   Thumb Code     0  startup_stm32l476xx.o(.text)
    EXTI4_IRQHandler                         0x080001b7   Thumb Code     0  startup_stm32l476xx.o(.text)
    EXTI9_5_IRQHandler                       0x080001b7   Thumb Code     0  startup_stm32l476xx.o(.text)
    FLASH_IRQHandler                         0x080001b7   Thumb Code     0  startup_stm32l476xx.o(.text)
    FMC_IRQHandler                           0x080001b7   Thumb Code     0  startup_stm32l476xx.o(.text)
    FPU_IRQHandler                           0x080001b7   Thumb Code     0  startup_stm32l476xx.o(.text)
    I2C1_ER_IRQHandler                       0x080001b7   Thumb Code     0  startup_stm32l476xx.o(.text)
    I2C1_EV_IRQHandler                       0x080001b7   Thumb Code     0  startup_stm32l476xx.o(.text)
    I2C2_ER_IRQHandler                       0x080001b7   Thumb Code     0  startup_stm32l476xx.o(.text)
    I2C2_EV_IRQHandler                       0x080001b7   Thumb Code     0  startup_stm32l476xx.o(.text)
    I2C3_ER_IRQHandler                       0x080001b7   Thumb Code     0  startup_stm32l476xx.o(.text)
    I2C3_EV_IRQHandler                       0x080001b7   Thumb Code     0  startup_stm32l476xx.o(.text)
    LCD_IRQHandler                           0x080001b7   Thumb Code     0  startup_stm32l476xx.o(.text)
    LPTIM1_IRQHandler                        0x080001b7   Thumb Code     0  startup_stm32l476xx.o(.text)
    LPTIM2_IRQHandler                        0x080001b7   Thumb Code     0  startup_stm32l476xx.o(.text)
    LPUART1_IRQHandler                       0x080001b7   Thumb Code     0  startup_stm32l476xx.o(.text)
    OTG_FS_IRQHandler                        0x080001b7   Thumb Code     0  startup_stm32l476xx.o(.text)
    PVD_PVM_IRQHandler                       0x080001b7   Thumb Code     0  startup_stm32l476xx.o(.text)
    QUADSPI_IRQHandler                       0x080001b7   Thumb Code     0  startup_stm32l476xx.o(.text)
    RCC_IRQHandler                           0x080001b7   Thumb Code     0  startup_stm32l476xx.o(.text)
    RNG_IRQHandler                           0x080001b7   Thumb Code     0  startup_stm32l476xx.o(.text)
    RTC_Alarm_IRQHandler                     0x080001b7   Thumb Code     0  startup_stm32l476xx.o(.text)
    RTC_WKUP_IRQHandler                      0x080001b7   Thumb Code     0  startup_stm32l476xx.o(.text)
    SAI1_IRQHandler                          0x080001b7   Thumb Code     0  startup_stm32l476xx.o(.text)
    SAI2_IRQHandler                          0x080001b7   Thumb Code     0  startup_stm32l476xx.o(.text)
    SDMMC1_IRQHandler                        0x080001b7   Thumb Code     0  startup_stm32l476xx.o(.text)
    SPI1_IRQHandler                          0x080001b7   Thumb Code     0  startup_stm32l476xx.o(.text)
    SPI2_IRQHandler                          0x080001b7   Thumb Code     0  startup_stm32l476xx.o(.text)
    SPI3_IRQHandler                          0x080001b7   Thumb Code     0  startup_stm32l476xx.o(.text)
    SWPMI1_IRQHandler                        0x080001b7   Thumb Code     0  startup_stm32l476xx.o(.text)
    TAMP_STAMP_IRQHandler                    0x080001b7   Thumb Code     0  startup_stm32l476xx.o(.text)
    TIM1_BRK_TIM15_IRQHandler                0x080001b7   Thumb Code     0  startup_stm32l476xx.o(.text)
    TIM1_CC_IRQHandler                       0x080001b7   Thumb Code     0  startup_stm32l476xx.o(.text)
    TIM1_TRG_COM_TIM17_IRQHandler            0x080001b7   Thumb Code     0  startup_stm32l476xx.o(.text)
    TIM1_UP_TIM16_IRQHandler                 0x080001b7   Thumb Code     0  startup_stm32l476xx.o(.text)
    TIM2_IRQHandler                          0x080001b7   Thumb Code     0  startup_stm32l476xx.o(.text)
    TIM3_IRQHandler                          0x080001b7   Thumb Code     0  startup_stm32l476xx.o(.text)
    TIM4_IRQHandler                          0x080001b7   Thumb Code     0  startup_stm32l476xx.o(.text)
    TIM5_IRQHandler                          0x080001b7   Thumb Code     0  startup_stm32l476xx.o(.text)
    TIM6_DAC_IRQHandler                      0x080001b7   Thumb Code     0  startup_stm32l476xx.o(.text)
    TIM7_IRQHandler                          0x080001b7   Thumb Code     0  startup_stm32l476xx.o(.text)
    TIM8_BRK_IRQHandler                      0x080001b7   Thumb Code     0  startup_stm32l476xx.o(.text)
    TIM8_CC_IRQHandler                       0x080001b7   Thumb Code     0  startup_stm32l476xx.o(.text)
    TIM8_TRG_COM_IRQHandler                  0x080001b7   Thumb Code     0  startup_stm32l476xx.o(.text)
    TIM8_UP_IRQHandler                       0x080001b7   Thumb Code     0  startup_stm32l476xx.o(.text)
    TSC_IRQHandler                           0x080001b7   Thumb Code     0  startup_stm32l476xx.o(.text)
    UART4_IRQHandler                         0x080001b7   Thumb Code     0  startup_stm32l476xx.o(.text)
    UART5_IRQHandler                         0x080001b7   Thumb Code     0  startup_stm32l476xx.o(.text)
    USART1_IRQHandler                        0x080001b7   Thumb Code     0  startup_stm32l476xx.o(.text)
    USART2_IRQHandler                        0x080001b7   Thumb Code     0  startup_stm32l476xx.o(.text)
    USART3_IRQHandler                        0x080001b7   Thumb Code     0  startup_stm32l476xx.o(.text)
    WWDG_IRQHandler                          0x080001b7   Thumb Code     0  startup_stm32l476xx.o(.text)
    __aeabi_uldivmod                         0x080001c1   Thumb Code    98  uldiv.o(.text)
    __aeabi_memcpy                           0x08000229   Thumb Code    36  memcpya.o(.text)
    __aeabi_memcpy4                          0x08000229   Thumb Code     0  memcpya.o(.text)
    __aeabi_memcpy8                          0x08000229   Thumb Code     0  memcpya.o(.text)
    __aeabi_llsl                             0x0800024d   Thumb Code    30  llshl.o(.text)
    _ll_shift_l                              0x0800024d   Thumb Code     0  llshl.o(.text)
    __aeabi_llsr                             0x0800026b   Thumb Code    32  llushr.o(.text)
    _ll_ushift_r                             0x0800026b   Thumb Code     0  llushr.o(.text)
    __scatterload                            0x0800028d   Thumb Code    28  init.o(.text)
    __scatterload_rt2                        0x0800028d   Thumb Code     0  init.o(.text)
    EXTI0_IRQHandler                         0x080002b1   Thumb Code    16  stm32l4xx_it.o(i.EXTI0_IRQHandler)
    HAL_Delay                                0x080002c1   Thumb Code    24  stm32l4xx_hal.o(i.HAL_Delay)
    HAL_GPIO_EXTI_Callback                   0x080002d9   Thumb Code     2  stm32l4xx_hal_gpio.o(i.HAL_GPIO_EXTI_Callback)
    HAL_GPIO_EXTI_IRQHandler                 0x080002dd   Thumb Code    18  stm32l4xx_hal_gpio.o(i.HAL_GPIO_EXTI_IRQHandler)
    HAL_GPIO_Init                            0x080002f5   Thumb Code   414  stm32l4xx_hal_gpio.o(i.HAL_GPIO_Init)
    HAL_GPIO_WritePin                        0x080004bf   Thumb Code    10  stm32l4xx_hal_gpio.o(i.HAL_GPIO_WritePin)
    HAL_GetTick                              0x080004c9   Thumb Code     6  stm32l4xx_hal.o(i.HAL_GetTick)
    HAL_IncTick                              0x080004d5   Thumb Code    10  stm32l4xx_hal.o(i.HAL_IncTick)
    HAL_Init                                 0x080004e5   Thumb Code    22  stm32l4xx_hal.o(i.HAL_Init)
    HAL_InitTick                             0x080004fd   Thumb Code    34  stm32l4xx_hal.o(i.HAL_InitTick)
    HAL_MspInit                              0x08000525   Thumb Code    40  stm32l4xx_hal_msp.o(i.HAL_MspInit)
    HAL_NVIC_EnableIRQ                       0x08000551   Thumb Code    22  stm32l4xx_hal_cortex.o(i.HAL_NVIC_EnableIRQ)
    HAL_NVIC_SetPriority                     0x08000569   Thumb Code    60  stm32l4xx_hal_cortex.o(i.HAL_NVIC_SetPriority)
    HAL_NVIC_SetPriorityGrouping             0x080005a9   Thumb Code    26  stm32l4xx_hal_cortex.o(i.HAL_NVIC_SetPriorityGrouping)
    HAL_PCDEx_ActivateBCD                    0x080005cd   Thumb Code    20  stm32l4xx_hal_pcd_ex.o(i.HAL_PCDEx_ActivateBCD)
    HAL_PCDEx_ActivateLPM                    0x080005e1   Thumb Code    34  stm32l4xx_hal_pcd_ex.o(i.HAL_PCDEx_ActivateLPM)
    HAL_PCD_Init                             0x08000609   Thumb Code   238  stm32l4xx_hal_pcd.o(i.HAL_PCD_Init)
    HAL_PCD_MspInit                          0x080006f9   Thumb Code   106  stm32l4xx_hal_msp.o(i.HAL_PCD_MspInit)
    HAL_PWREx_ControlVoltageScaling          0x08000769   Thumb Code    86  stm32l4xx_hal_pwr_ex.o(i.HAL_PWREx_ControlVoltageScaling)
    HAL_PWREx_EnableVddUSB                   0x080007cd   Thumb Code    12  stm32l4xx_hal_pwr_ex.o(i.HAL_PWREx_EnableVddUSB)
    HAL_PWREx_GetVoltageRange                0x080007dd   Thumb Code    10  stm32l4xx_hal_pwr_ex.o(i.HAL_PWREx_GetVoltageRange)
    HAL_RCCEx_EnableMSIPLLMode               0x080007ed   Thumb Code    12  stm32l4xx_hal_rcc_ex.o(i.HAL_RCCEx_EnableMSIPLLMode)
    HAL_RCCEx_PeriphCLKConfig                0x080007fd   Thumb Code   914  stm32l4xx_hal_rcc_ex.o(i.HAL_RCCEx_PeriphCLKConfig)
    HAL_RCC_ClockConfig                      0x08000ba1   Thumb Code   368  stm32l4xx_hal_rcc.o(i.HAL_RCC_ClockConfig)
    HAL_RCC_GetHCLKFreq                      0x08000d21   Thumb Code     6  stm32l4xx_hal_rcc.o(i.HAL_RCC_GetHCLKFreq)
    HAL_RCC_GetPCLK1Freq                     0x08000d2d   Thumb Code    34  stm32l4xx_hal_rcc.o(i.HAL_RCC_GetPCLK1Freq)
    HAL_RCC_GetPCLK2Freq                     0x08000d5d   Thumb Code    34  stm32l4xx_hal_rcc.o(i.HAL_RCC_GetPCLK2Freq)
    HAL_RCC_GetSysClockFreq                  0x08000d8d   Thumb Code   238  stm32l4xx_hal_rcc.o(i.HAL_RCC_GetSysClockFreq)
    HAL_RCC_OscConfig                        0x08000e89   Thumb Code  1178  stm32l4xx_hal_rcc.o(i.HAL_RCC_OscConfig)
    HAL_SPI_Init                             0x08001329   Thumb Code   192  stm32l4xx_hal_spi.o(i.HAL_SPI_Init)
    HAL_SPI_MspInit                          0x080013e9   Thumb Code    88  stm32l4xx_hal_msp.o(i.HAL_SPI_MspInit)
    HAL_SPI_TransmitReceive                  0x08001449   Thumb Code   646  stm32l4xx_hal_spi.o(i.HAL_SPI_TransmitReceive)
    HAL_SYSTICK_CLKSourceConfig              0x080016d5   Thumb Code    24  stm32l4xx_hal_cortex.o(i.HAL_SYSTICK_CLKSourceConfig)
    HAL_SYSTICK_Callback                     0x080016ed   Thumb Code     2  stm32l4xx_hal_cortex.o(i.HAL_SYSTICK_Callback)
    HAL_SYSTICK_Config                       0x080016ef   Thumb Code    40  stm32l4xx_hal_cortex.o(i.HAL_SYSTICK_Config)
    HAL_SYSTICK_IRQHandler                   0x08001717   Thumb Code     8  stm32l4xx_hal_cortex.o(i.HAL_SYSTICK_IRQHandler)
    HAL_TIMEx_MasterConfigSynchronization    0x08001721   Thumb Code    78  stm32l4xx_hal_tim_ex.o(i.HAL_TIMEx_MasterConfigSynchronization)
    HAL_TIM_Base_Init                        0x08001779   Thumb Code    54  stm32l4xx_hal_tim.o(i.HAL_TIM_Base_Init)
    HAL_TIM_Base_MspInit                     0x080017b1   Thumb Code    30  stm32l4xx_hal_msp.o(i.HAL_TIM_Base_MspInit)
    HAL_TIM_ConfigClockSource                0x080017d5   Thumb Code   246  stm32l4xx_hal_tim.o(i.HAL_TIM_ConfigClockSource)
    HAL_UART_Init                            0x080018d1   Thumb Code   106  stm32l4xx_hal_uart.o(i.HAL_UART_Init)
    HAL_UART_MspInit                         0x0800193d   Thumb Code    64  stm32l4xx_hal_msp.o(i.HAL_UART_MspInit)
    HAL_UART_Receive                         0x08001985   Thumb Code   262  stm32l4xx_hal_uart.o(i.HAL_UART_Receive)
    HAL_UART_Transmit                        0x08001a91   Thumb Code   200  stm32l4xx_hal_uart.o(i.HAL_UART_Transmit)
    SysTick_Handler                          0x080021e5   Thumb Code    14  stm32l4xx_it.o(i.SysTick_Handler)
    SystemClock_Config                       0x080021f5   Thumb Code   168  main.o(i.SystemClock_Config)
    SystemInit                               0x080022a1   Thumb Code    56  system_stm32l4xx.o(i.SystemInit)
    TIM_Base_SetConfig                       0x080022e5   Thumb Code   152  stm32l4xx_hal_tim.o(i.TIM_Base_SetConfig)
    TIM_ETR_SetConfig                        0x0800239d   Thumb Code    20  stm32l4xx_hal_tim.o(i.TIM_ETR_SetConfig)
    UART_AdvFeatureConfig                    0x08002407   Thumb Code   200  stm32l4xx_hal_uart.o(i.UART_AdvFeatureConfig)
    UART_CheckIdleState                      0x080024cf   Thumb Code    78  stm32l4xx_hal_uart.o(i.UART_CheckIdleState)
    UART_SetConfig                           0x0800251d   Thumb Code   590  stm32l4xx_hal_uart.o(i.UART_SetConfig)
    UART_WaitOnFlagUntilTimeout              0x0800279d   Thumb Code   146  stm32l4xx_hal_uart.o(i.UART_WaitOnFlagUntilTimeout)
    USART_getc                               0x08002831   Thumb Code    24  usart_com.o(i.USART_getc)
    USART_putc                               0x0800284d   Thumb Code    16  usart_com.o(i.USART_putc)
    USART_putw                               0x08002861   Thumb Code    26  usart_com.o(i.USART_putw)
    USB_CoreInit                             0x0800287d   Thumb Code    68  stm32l4xx_ll_usb.o(i.USB_CoreInit)
    USB_DevDisconnect                        0x080028c5   Thumb Code    24  stm32l4xx_ll_usb.o(i.USB_DevDisconnect)
    USB_DevInit                              0x080028dd   Thumb Code   308  stm32l4xx_ll_usb.o(i.USB_DevInit)
    USB_DisableGlobalInt                     0x08002a21   Thumb Code    12  stm32l4xx_ll_usb.o(i.USB_DisableGlobalInt)
    USB_FlushRxFifo                          0x08002a2d   Thumb Code    28  stm32l4xx_ll_usb.o(i.USB_FlushRxFifo)
    USB_FlushTxFifo                          0x08002a4d   Thumb Code    32  stm32l4xx_ll_usb.o(i.USB_FlushTxFifo)
    USB_SetCurrentMode                       0x08002a71   Thumb Code    44  stm32l4xx_ll_usb.o(i.USB_SetCurrentMode)
    __scatterload_copy                       0x08002a9d   Thumb Code    14  handlers.o(i.__scatterload_copy)
    __scatterload_null                       0x08002aab   Thumb Code     2  handlers.o(i.__scatterload_null)
    __scatterload_zeroinit                   0x08002aad   Thumb Code    14  handlers.o(i.__scatterload_zeroinit)
    _dwt_aonarrayupload                      0x08002abb   Thumb Code    26  deca_device.o(i._dwt_aonarrayupload)
    _dwt_configlde                           0x08002ad5   Thumb Code    42  deca_device.o(i._dwt_configlde)
    _dwt_disablesequencing                   0x08002aff   Thumb Code    22  deca_device.o(i._dwt_disablesequencing)
    _dwt_enableclocks                        0x08002b15   Thumb Code   206  deca_device.o(i._dwt_enableclocks)
    _dwt_loaducodefromrom                    0x08002be3   Thumb Code    36  deca_device.o(i._dwt_loaducodefromrom)
    _dwt_otpread                             0x08002c07   Thumb Code    44  deca_device.o(i._dwt_otpread)
    clearArray                               0x08002c35   Thumb Code    20  main.o(i.clearArray)
    computeAverage                           0x08002c49   Thumb Code    40  main.o(i.computeAverage)
    computeSum                               0x08002c71   Thumb Code    26  main.o(i.computeSum)
    computeVarianceSum                       0x08002c8b   Thumb Code    86  main.o(i.computeVarianceSum)
    deca_sleep                               0x08002ce1   Thumb Code     4  deca_spi.o(i.deca_sleep)
    decamutexoff                             0x08002ce5   Thumb Code    12  deca_spi.o(i.decamutexoff)
    decamutexon                              0x08002cf5   Thumb Code    14  deca_spi.o(i.decamutexon)
    dwt_configure                            0x08002d09   Thumb Code   462  deca_device.o(i.dwt_configure)
    dwt_forcetrxoff                          0x08002f09   Thumb Code    76  deca_device.o(i.dwt_forcetrxoff)
    dwt_initialise                           0x08002f5d   Thumb Code   200  deca_device.o(i.dwt_initialise)
    dwt_isr                                  0x0800302d   Thumb Code   268  deca_device.o(i.dwt_isr)
    dwt_read16bitoffsetreg                   0x08003141   Thumb Code    30  deca_device.o(i.dwt_read16bitoffsetreg)
    dwt_read32bitoffsetreg                   0x0800315f   Thumb Code    34  deca_device.o(i.dwt_read32bitoffsetreg)
    dwt_read8bitoffsetreg                    0x08003181   Thumb Code    20  deca_device.o(i.dwt_read8bitoffsetreg)
    dwt_readdevid                            0x08003195   Thumb Code     8  deca_device.o(i.dwt_readdevid)
    dwt_readdiagnostics                      0x0800319d   Thumb Code    60  deca_device.o(i.dwt_readdiagnostics)
    dwt_readfromdevice                       0x080031d9   Thumb Code    58  deca_device.o(i.dwt_readfromdevice)
    dwt_readrxdata                           0x08003213   Thumb Code    18  deca_device.o(i.dwt_readrxdata)
    dwt_rxenable                             0x08003225   Thumb Code    78  deca_device.o(i.dwt_rxenable)
    dwt_rxreset                              0x08003273   Thumb Code    26  deca_device.o(i.dwt_rxreset)
    dwt_setcallbacks                         0x0800328d   Thumb Code    10  deca_device.o(i.dwt_setcallbacks)
    dwt_setinterrupt                         0x0800329d   Thumb Code    48  deca_device.o(i.dwt_setinterrupt)
    dwt_setrxaftertxdelay                    0x080032cd   Thumb Code    34  deca_device.o(i.dwt_setrxaftertxdelay)
    dwt_setrxantennadelay                    0x080032ef   Thumb Code    12  deca_device.o(i.dwt_setrxantennadelay)
    dwt_setrxtimeout                         0x080032fd   Thumb Code    64  deca_device.o(i.dwt_setrxtimeout)
    dwt_settxantennadelay                    0x08003341   Thumb Code    10  deca_device.o(i.dwt_settxantennadelay)
    dwt_setxtaltrim                          0x0800334b   Thumb Code    16  deca_device.o(i.dwt_setxtaltrim)
    dwt_softreset                            0x0800335d   Thumb Code    64  deca_device.o(i.dwt_softreset)
    dwt_starttx                              0x080033a1   Thumb Code    98  deca_device.o(i.dwt_starttx)
    dwt_syncrxbufptrs                        0x08003409   Thumb Code    40  deca_device.o(i.dwt_syncrxbufptrs)
    dwt_write16bitoffsetreg                  0x08003431   Thumb Code    26  deca_device.o(i.dwt_write16bitoffsetreg)
    dwt_write32bitoffsetreg                  0x0800344b   Thumb Code    30  deca_device.o(i.dwt_write32bitoffsetreg)
    dwt_write8bitoffsetreg                   0x08003469   Thumb Code    16  deca_device.o(i.dwt_write8bitoffsetreg)
    dwt_writetodevice                        0x08003479   Thumb Code    62  deca_device.o(i.dwt_writetodevice)
    dwt_writetxdata                          0x080034b7   Thumb Code    34  deca_device.o(i.dwt_writetxdata)
    dwt_writetxfctrl                         0x080034d9   Thumb Code    22  deca_device.o(i.dwt_writetxfctrl)
    free                                     0x080034f5   Thumb Code    76  malloc.o(i.free)
    getPACsize                               0x08003545   Thumb Code    52  main.o(i.getPACsize)
    getPHR                                   0x08003579   Thumb Code    12  main.o(i.getPHR)
    getPRMcode                               0x08003585   Thumb Code    88  main.o(i.getPRMcode)
    getPayload                               0x080035dd   Thumb Code    44  main.o(i.getPayload)
    main                                     0x08003609   Thumb Code  1626  main.o(i.main)
    malloc                                   0x08003c75   Thumb Code    92  malloc.o(i.malloc)
    readfromspi                              0x08003ce1   Thumb Code   104  deca_spi.o(i.readfromspi)
    reset_DW1000                             0x08003d59   Thumb Code    56  deca_com.o(i.reset_DW1000)
    sendMeasurementData                      0x08003e7d   Thumb Code   232  main.o(i.sendMeasurementData)
    setConfigurationStruct                   0x08003f83   Thumb Code    94  main.o(i.setConfigurationStruct)
    set_spi_speed_high                       0x08003fe1   Thumb Code    20  deca_spi.o(i.set_spi_speed_high)
    set_spi_speed_low                        0x08003ff9   Thumb Code    20  deca_spi.o(i.set_spi_speed_low)
    wakeup_DW1000                            0x08004021   Thumb Code    16  deca_com.o(i.wakeup_DW1000)
    writetospi                               0x08004035   Thumb Code   104  deca_spi.o(i.writetospi)
    AHBPrescTable                            0x080040ac   Data          16  system_stm32l4xx.o(.constdata)
    MSIRangeTable                            0x080040bc   Data          48  system_stm32l4xx.o(.constdata)
    APBPrescTable                            0x080040ec   Data           8  system_stm32l4xx.o(.constdata)
    chan_idx                                 0x080040f4   Data           8  deca_params_init.o(.constdata)
    tx_config                                0x080040fc   Data          24  deca_params_init.o(.constdata)
    fs_pll_cfg                               0x08004114   Data          24  deca_params_init.o(.constdata)
    fs_pll_tune                              0x0800412c   Data           6  deca_params_init.o(.constdata)
    rx_config                                0x08004132   Data           2  deca_params_init.o(.constdata)
    agc_config                               0x08004134   Data           8  deca_params_init.o(.constdata)
    dwnsSFDlen                               0x0800413c   Data           3  deca_params_init.o(.constdata)
    sftsh                                    0x08004140   Data          12  deca_params_init.o(.constdata)
    dtune1                                   0x0800414c   Data           4  deca_params_init.o(.constdata)
    digital_bb_config                        0x08004150   Data          32  deca_params_init.o(.constdata)
    lde_replicaCoeff                         0x08004170   Data          50  deca_params_init.o(.constdata)
    Region$$Table$$Base                      0x080041a4   Number         0  anon$$obj.o(Region$$Table)
    Region$$Table$$Limit                     0x080041c4   Number         0  anon$$obj.o(Region$$Table)
    w_trMsgCnt                               0x20000000   Data           1  main.o(.data)
    dwt_state                                0x20000004   Data           4  main.o(.data)
    dwt_state_local                          0x20000008   Data           4  main.o(.data)
    w_dwtPayloadSize                         0x2000000c   Data           4  main.o(.data)
    w_recMsgCnt                              0x20000010   Data           4  main.o(.data)
    w_rxRespTimeoutCnt                       0x20000014   Data           4  main.o(.data)
    w_rxConfigTimeoutCnt                     0x20000018   Data           4  main.o(.data)
    w_rxConfigConfirmTimeoutCnt              0x2000001c   Data           4  main.o(.data)
    w_rxErrCnt                               0x20000020   Data           4  main.o(.data)
    w_trCallbackCnt                          0x20000024   Data           4  main.o(.data)
    w_rxPollTimeoutCnt                       0x20000028   Data           4  main.o(.data)
    w_rxTagRecTimeoutCnt                     0x2000002c   Data           4  main.o(.data)
    w_tagTimVal                              0x20000030   Data           4  main.o(.data)
    w_anchorRxTimVal                         0x20000034   Data           4  main.o(.data)
    w_dwtMode                                0x20000038   Data           4  main.o(.data)
    SystemCoreClock                          0x20000068   Data           4  system_stm32l4xx.o(.data)
    uwTick                                   0x2000006c   Data           4  stm32l4xx_hal.o(.data)
    __microlib_freelist                      0x20000070   Data           4  mvars.o(.data)
    __microlib_freelist_initialised          0x20000074   Data           4  mvars.o(.data)
    hspi1                                    0x20000078   Data         100  main.o(.bss)
    htim2                                    0x200000dc   Data          60  main.o(.bss)
    huart2                                   0x20000118   Data         112  main.o(.bss)
    hpcd_USB_OTG_FS                          0x20000188   Data         968  main.o(.bss)
    aw_measTimValues                         0x20000d30   Data         404  main.o(.bss)
    aw_measTurnaroundTimes                   0x20000ec4   Data         404  main.o(.bss)
    aw_ChImpulseResponse                     0x20001058   Data         404  main.o(.bss)
    aw_rxPreamCount                          0x200011ec   Data         404  main.o(.bss)
    __heap_base                              0x200017a0   Data           0  startup_stm32l476xx.o(HEAP)
    __heap_limit                             0x20001ba0   Data           0  startup_stm32l476xx.o(HEAP)
    __initial_sp                             0x20001da0   Data           0  startup_stm32l476xx.o(STACK)



==============================================================================

Memory Map of the image

  Image Entry point : 0x08000189

  Load Region LR_IROM1 (Base: 0x08000000, Size: 0x0000423c, Max: 0x00100000, ABSOLUTE)

    Execution Region ER_IROM1 (Base: 0x08000000, Size: 0x000041c4, Max: 0x00100000, ABSOLUTE)

    Base Addr    Size         Type   Attr      Idx    E Section Name        Object

    0x08000000   0x00000188   Data   RO         4296    RESET               startup_stm32l476xx.o
    0x08000188   0x00000000   Code   RO         5010  * .ARM.Collect$$$$00000000  mc_w.l(entry.o)
    0x08000188   0x00000004   Code   RO         5047    .ARM.Collect$$$$00000001  mc_w.l(entry2.o)
    0x0800018c   0x00000004   Code   RO         5050    .ARM.Collect$$$$00000004  mc_w.l(entry5.o)
    0x08000190   0x00000000   Code   RO         5052    .ARM.Collect$$$$00000008  mc_w.l(entry7b.o)
    0x08000190   0x00000000   Code   RO         5054    .ARM.Collect$$$$0000000A  mc_w.l(entry8b.o)
    0x08000190   0x00000008   Code   RO         5055    .ARM.Collect$$$$0000000B  mc_w.l(entry9a.o)
    0x08000198   0x00000000   Code   RO         5057    .ARM.Collect$$$$0000000D  mc_w.l(entry10a.o)
    0x08000198   0x00000000   Code   RO         5059    .ARM.Collect$$$$0000000F  mc_w.l(entry11a.o)
    0x08000198   0x00000004   Code   RO         5048    .ARM.Collect$$$$00002712  mc_w.l(entry2.o)
    0x0800019c   0x00000024   Code   RO         4297    .text               startup_stm32l476xx.o
    0x080001c0   0x00000068   Code   RO         5013    .text               mc_w.l(uldiv.o)
    0x08000228   0x00000024   Code   RO         5015    .text               mc_w.l(memcpya.o)
    0x0800024c   0x0000001e   Code   RO         5061    .text               mc_w.l(llshl.o)
    0x0800026a   0x00000020   Code   RO         5063    .text               mc_w.l(llushr.o)
    0x0800028a   0x00000002   PAD
    0x0800028c   0x00000024   Code   RO         5067    .text               mc_w.l(init.o)
    0x080002b0   0x00000010   Code   RO            4    i.EXTI0_IRQHandler  stm32l4xx_it.o
    0x080002c0   0x00000018   Code   RO         1328    i.HAL_Delay         stm32l4xx_hal.o
    0x080002d8   0x00000002   Code   RO         1256    i.HAL_GPIO_EXTI_Callback  stm32l4xx_hal_gpio.o
    0x080002da   0x00000002   PAD
    0x080002dc   0x00000018   Code   RO         1257    i.HAL_GPIO_EXTI_IRQHandler  stm32l4xx_hal_gpio.o
    0x080002f4   0x000001ca   Code   RO         1258    i.HAL_GPIO_Init     stm32l4xx_hal_gpio.o
    0x080004be   0x0000000a   Code   RO         1262    i.HAL_GPIO_WritePin  stm32l4xx_hal_gpio.o
    0x080004c8   0x0000000c   Code   RO         1332    i.HAL_GetTick       stm32l4xx_hal.o
    0x080004d4   0x00000010   Code   RO         1333    i.HAL_IncTick       stm32l4xx_hal.o
    0x080004e4   0x00000016   Code   RO         1334    i.HAL_Init          stm32l4xx_hal.o
    0x080004fa   0x00000002   PAD
    0x080004fc   0x00000028   Code   RO         1335    i.HAL_InitTick      stm32l4xx_hal.o
    0x08000524   0x0000002c   Code   RO          154    i.HAL_MspInit       stm32l4xx_hal_msp.o
    0x08000550   0x00000016   Code   RO          758    i.HAL_NVIC_EnableIRQ  stm32l4xx_hal_cortex.o
    0x08000566   0x00000002   PAD
    0x08000568   0x00000040   Code   RO          764    i.HAL_NVIC_SetPriority  stm32l4xx_hal_cortex.o
    0x080005a8   0x00000024   Code   RO          765    i.HAL_NVIC_SetPriorityGrouping  stm32l4xx_hal_cortex.o
    0x080005cc   0x00000014   Code   RO         3732    i.HAL_PCDEx_ActivateBCD  stm32l4xx_hal_pcd_ex.o
    0x080005e0   0x00000028   Code   RO         3733    i.HAL_PCDEx_ActivateLPM  stm32l4xx_hal_pcd_ex.o
    0x08000608   0x000000ee   Code   RO         4103    i.HAL_PCD_Init      stm32l4xx_hal_pcd.o
    0x080006f6   0x00000002   PAD
    0x080006f8   0x00000070   Code   RO          156    i.HAL_PCD_MspInit   stm32l4xx_hal_msp.o
    0x08000768   0x00000064   Code   RO         1517    i.HAL_PWREx_ControlVoltageScaling  stm32l4xx_hal_pwr_ex.o
    0x080007cc   0x00000010   Code   RO         1543    i.HAL_PWREx_EnableVddUSB  stm32l4xx_hal_pwr_ex.o
    0x080007dc   0x00000010   Code   RO         1548    i.HAL_PWREx_GetVoltageRange  stm32l4xx_hal_pwr_ex.o
    0x080007ec   0x00000010   Code   RO         2481    i.HAL_RCCEx_EnableMSIPLLMode  stm32l4xx_hal_rcc_ex.o
    0x080007fc   0x000003a2   Code   RO         2488    i.HAL_RCCEx_PeriphCLKConfig  stm32l4xx_hal_rcc_ex.o
    0x08000b9e   0x00000002   PAD
    0x08000ba0   0x00000180   Code   RO         2643    i.HAL_RCC_ClockConfig  stm32l4xx_hal_rcc.o
    0x08000d20   0x0000000c   Code   RO         2647    i.HAL_RCC_GetHCLKFreq  stm32l4xx_hal_rcc.o
    0x08000d2c   0x00000030   Code   RO         2649    i.HAL_RCC_GetPCLK1Freq  stm32l4xx_hal_rcc.o
    0x08000d5c   0x00000030   Code   RO         2650    i.HAL_RCC_GetPCLK2Freq  stm32l4xx_hal_rcc.o
    0x08000d8c   0x000000fc   Code   RO         2651    i.HAL_RCC_GetSysClockFreq  stm32l4xx_hal_rcc.o
    0x08000e88   0x000004a0   Code   RO         2654    i.HAL_RCC_OscConfig  stm32l4xx_hal_rcc.o
    0x08001328   0x000000c0   Code   RO         2793    i.HAL_SPI_Init      stm32l4xx_hal_spi.o
    0x080013e8   0x00000060   Code   RO          158    i.HAL_SPI_MspInit   stm32l4xx_hal_msp.o
    0x08001448   0x0000028c   Code   RO         2802    i.HAL_SPI_TransmitReceive  stm32l4xx_hal_spi.o
    0x080016d4   0x00000018   Code   RO          767    i.HAL_SYSTICK_CLKSourceConfig  stm32l4xx_hal_cortex.o
    0x080016ec   0x00000002   Code   RO          768    i.HAL_SYSTICK_Callback  stm32l4xx_hal_cortex.o
    0x080016ee   0x00000028   Code   RO          769    i.HAL_SYSTICK_Config  stm32l4xx_hal_cortex.o
    0x08001716   0x00000008   Code   RO          770    i.HAL_SYSTICK_IRQHandler  stm32l4xx_hal_cortex.o
    0x0800171e   0x00000002   PAD
    0x08001720   0x00000058   Code   RO          495    i.HAL_TIMEx_MasterConfigSynchronization  stm32l4xx_hal_tim_ex.o
    0x08001778   0x00000036   Code   RO         1764    i.HAL_TIM_Base_Init  stm32l4xx_hal_tim.o
    0x080017ae   0x00000002   PAD
    0x080017b0   0x00000024   Code   RO          160    i.HAL_TIM_Base_MspInit  stm32l4xx_hal_msp.o
    0x080017d4   0x000000fc   Code   RO         1773    i.HAL_TIM_ConfigClockSource  stm32l4xx_hal_tim.o
    0x080018d0   0x0000006a   Code   RO         3492    i.HAL_UART_Init     stm32l4xx_hal_uart.o
    0x0800193a   0x00000002   PAD
    0x0800193c   0x00000048   Code   RO          162    i.HAL_UART_MspInit  stm32l4xx_hal_msp.o
    0x08001984   0x0000010c   Code   RO         3495    i.HAL_UART_Receive  stm32l4xx_hal_uart.o
    0x08001a90   0x000000c8   Code   RO         3500    i.HAL_UART_Transmit  stm32l4xx_hal_uart.o
    0x08001b58   0x000000e4   Code   RO          226    i.MX_GPIO_Init      main.o
    0x08001c3c   0x00000040   Code   RO          227    i.MX_SPI1_Init      main.o
    0x08001c7c   0x0000002c   Code   RO          228    i.MX_USART2_UART_Init  main.o
    0x08001ca8   0x00000028   Code   RO          229    i.MX_USB_OTG_FS_PCD_Init  main.o
    0x08001cd0   0x00000020   Code   RO          771    i.NVIC_SetPriority  stm32l4xx_hal_cortex.o
    0x08001cf0   0x0000009c   Code   RO         2491    i.RCCEx_PLLSAI1_ConfigNP  stm32l4xx_hal_rcc_ex.o
    0x08001d8c   0x000000a0   Code   RO         2492    i.RCCEx_PLLSAI1_ConfigNQ  stm32l4xx_hal_rcc_ex.o
    0x08001e2c   0x000000a0   Code   RO         2493    i.RCCEx_PLLSAI1_ConfigNR  stm32l4xx_hal_rcc_ex.o
    0x08001ecc   0x0000009c   Code   RO         2494    i.RCCEx_PLLSAI2_ConfigNP  stm32l4xx_hal_rcc_ex.o
    0x08001f68   0x000000a0   Code   RO         2495    i.RCCEx_PLLSAI2_ConfigNR  stm32l4xx_hal_rcc_ex.o
    0x08002008   0x0000007c   Code   RO         2655    i.RCC_SetFlashLatencyFromMSIRange  stm32l4xx_hal_rcc.o
    0x08002084   0x00000030   Code   RO         2828    i.SPI_EndRxTxTransaction  stm32l4xx_hal_spi.o
    0x080020b4   0x000000a2   Code   RO         2835    i.SPI_WaitFifoStateUntilTimeout  stm32l4xx_hal_spi.o
    0x08002156   0x0000008e   Code   RO         2836    i.SPI_WaitFlagStateUntilTimeout  stm32l4xx_hal_spi.o
    0x080021e4   0x0000000e   Code   RO            5    i.SysTick_Handler   stm32l4xx_it.o
    0x080021f2   0x00000002   PAD
    0x080021f4   0x000000ac   Code   RO          230    i.SystemClock_Config  main.o
    0x080022a0   0x00000044   Code   RO          385    i.SystemInit        system_stm32l4xx.o
    0x080022e4   0x000000b8   Code   RO         1848    i.TIM_Base_SetConfig  stm32l4xx_hal_tim.o
    0x0800239c   0x00000014   Code   RO         1855    i.TIM_ETR_SetConfig  stm32l4xx_hal_tim.o
    0x080023b0   0x00000010   Code   RO         1856    i.TIM_ITRx_SetConfig  stm32l4xx_hal_tim.o
    0x080023c0   0x00000022   Code   RO         1862    i.TIM_TI1_ConfigInputStage  stm32l4xx_hal_tim.o
    0x080023e2   0x00000024   Code   RO         1864    i.TIM_TI2_ConfigInputStage  stm32l4xx_hal_tim.o
    0x08002406   0x000000c8   Code   RO         3505    i.UART_AdvFeatureConfig  stm32l4xx_hal_uart.o
    0x080024ce   0x0000004e   Code   RO         3506    i.UART_CheckIdleState  stm32l4xx_hal_uart.o
    0x0800251c   0x00000280   Code   RO         3513    i.UART_SetConfig    stm32l4xx_hal_uart.o
    0x0800279c   0x00000092   Code   RO         3515    i.UART_WaitOnFlagUntilTimeout  stm32l4xx_hal_uart.o
    0x0800282e   0x00000002   PAD
    0x08002830   0x0000001c   Code   RO         4960    i.USART_getc        usart_com.o
    0x0800284c   0x00000014   Code   RO         4962    i.USART_putc        usart_com.o
    0x08002860   0x0000001a   Code   RO         4964    i.USART_putw        usart_com.o
    0x0800287a   0x00000002   PAD
    0x0800287c   0x00000048   Code   RO         3808    i.USB_CoreInit      stm32l4xx_ll_usb.o
    0x080028c4   0x00000018   Code   RO         3812    i.USB_DevDisconnect  stm32l4xx_ll_usb.o
    0x080028dc   0x00000144   Code   RO         3813    i.USB_DevInit       stm32l4xx_ll_usb.o
    0x08002a20   0x0000000c   Code   RO         3814    i.USB_DisableGlobalInt  stm32l4xx_ll_usb.o
    0x08002a2c   0x00000020   Code   RO         3823    i.USB_FlushRxFifo   stm32l4xx_ll_usb.o
    0x08002a4c   0x00000024   Code   RO         3824    i.USB_FlushTxFifo   stm32l4xx_ll_usb.o
    0x08002a70   0x0000002c   Code   RO         3842    i.USB_SetCurrentMode  stm32l4xx_ll_usb.o
    0x08002a9c   0x0000000e   Code   RO         5071    i.__scatterload_copy  mc_w.l(handlers.o)
    0x08002aaa   0x00000002   Code   RO         5072    i.__scatterload_null  mc_w.l(handlers.o)
    0x08002aac   0x0000000e   Code   RO         5073    i.__scatterload_zeroinit  mc_w.l(handlers.o)
    0x08002aba   0x0000001a   Code   RO         4301    i._dwt_aonarrayupload  deca_device.o
    0x08002ad4   0x0000002a   Code   RO         4303    i._dwt_configlde    deca_device.o
    0x08002afe   0x00000016   Code   RO         4304    i._dwt_disablesequencing  deca_device.o
    0x08002b14   0x000000ce   Code   RO         4305    i._dwt_enableclocks  deca_device.o
    0x08002be2   0x00000024   Code   RO         4306    i._dwt_loaducodefromrom  deca_device.o
    0x08002c06   0x0000002c   Code   RO         4308    i._dwt_otpread      deca_device.o
    0x08002c32   0x00000002   PAD
    0x08002c34   0x00000014   Code   RO          231    i.clearArray        main.o
    0x08002c48   0x00000028   Code   RO          232    i.computeAverage    main.o
    0x08002c70   0x0000001a   Code   RO          233    i.computeSum        main.o
    0x08002c8a   0x00000056   Code   RO          234    i.computeVarianceSum  main.o
    0x08002ce0   0x00000004   Code   RO         4865    i.deca_sleep        deca_spi.o
    0x08002ce4   0x00000010   Code   RO         4866    i.decamutexoff      deca_spi.o
    0x08002cf4   0x00000014   Code   RO         4867    i.decamutexon       deca_spi.o
    0x08002d08   0x00000200   Code   RO         4315    i.dwt_configure     deca_device.o
    0x08002f08   0x00000054   Code   RO         4323    i.dwt_forcetrxoff   deca_device.o
    0x08002f5c   0x000000d0   Code   RO         4328    i.dwt_initialise    deca_device.o
    0x0800302c   0x00000114   Code   RO         4329    i.dwt_isr           deca_device.o
    0x08003140   0x0000001e   Code   RO         4335    i.dwt_read16bitoffsetreg  deca_device.o
    0x0800315e   0x00000022   Code   RO         4336    i.dwt_read32bitoffsetreg  deca_device.o
    0x08003180   0x00000014   Code   RO         4337    i.dwt_read8bitoffsetreg  deca_device.o
    0x08003194   0x00000008   Code   RO         4339    i.dwt_readdevid     deca_device.o
    0x0800319c   0x0000003c   Code   RO         4340    i.dwt_readdiagnostics  deca_device.o
    0x080031d8   0x0000003a   Code   RO         4342    i.dwt_readfromdevice  deca_device.o
    0x08003212   0x00000012   Code   RO         4343    i.dwt_readrxdata    deca_device.o
    0x08003224   0x0000004e   Code   RO         4355    i.dwt_rxenable      deca_device.o
    0x08003272   0x0000001a   Code   RO         4356    i.dwt_rxreset       deca_device.o
    0x0800328c   0x00000010   Code   RO         4358    i.dwt_setcallbacks  deca_device.o
    0x0800329c   0x00000030   Code   RO         4365    i.dwt_setinterrupt  deca_device.o
    0x080032cc   0x00000022   Code   RO         4371    i.dwt_setrxaftertxdelay  deca_device.o
    0x080032ee   0x0000000c   Code   RO         4372    i.dwt_setrxantennadelay  deca_device.o
    0x080032fa   0x00000002   PAD
    0x080032fc   0x00000044   Code   RO         4373    i.dwt_setrxtimeout  deca_device.o
    0x08003340   0x0000000a   Code   RO         4377    i.dwt_settxantennadelay  deca_device.o
    0x0800334a   0x00000010   Code   RO         4378    i.dwt_setxtaltrim   deca_device.o
    0x0800335a   0x00000002   PAD
    0x0800335c   0x00000044   Code   RO         4379    i.dwt_softreset     deca_device.o
    0x080033a0   0x00000068   Code   RO         4381    i.dwt_starttx       deca_device.o
    0x08003408   0x00000028   Code   RO         4382    i.dwt_syncrxbufptrs  deca_device.o
    0x08003430   0x0000001a   Code   RO         4383    i.dwt_write16bitoffsetreg  deca_device.o
    0x0800344a   0x0000001e   Code   RO         4384    i.dwt_write32bitoffsetreg  deca_device.o
    0x08003468   0x00000010   Code   RO         4385    i.dwt_write8bitoffsetreg  deca_device.o
    0x08003478   0x0000003e   Code   RO         4386    i.dwt_writetodevice  deca_device.o
    0x080034b6   0x00000022   Code   RO         4387    i.dwt_writetxdata   deca_device.o
    0x080034d8   0x0000001c   Code   RO         4388    i.dwt_writetxfctrl  deca_device.o
    0x080034f4   0x00000050   Code   RO         5019    i.free              mc_w.l(malloc.o)
    0x08003544   0x00000034   Code   RO          236    i.getPACsize        main.o
    0x08003578   0x0000000c   Code   RO          237    i.getPHR            main.o
    0x08003584   0x00000058   Code   RO          238    i.getPRMcode        main.o
    0x080035dc   0x0000002c   Code   RO          239    i.getPayload        main.o
    0x08003608   0x0000066c   Code   RO          240    i.main              main.o
    0x08003c74   0x0000006c   Code   RO         5020    i.malloc            mc_w.l(malloc.o)
    0x08003ce0   0x00000076   Code   RO         4868    i.readfromspi       deca_spi.o
    0x08003d56   0x00000002   PAD
    0x08003d58   0x0000003c   Code   RO         4930    i.reset_DW1000      deca_com.o
    0x08003d94   0x00000024   Code   RO          241    i.rx_err_cb         main.o
    0x08003db8   0x000000a0   Code   RO          242    i.rx_ok_cb          main.o
    0x08003e58   0x00000024   Code   RO          243    i.rx_to_cb          main.o
    0x08003e7c   0x00000106   Code   RO          244    i.sendMeasurementData  main.o
    0x08003f82   0x0000005e   Code   RO          245    i.setConfigurationStruct  main.o
    0x08003fe0   0x00000018   Code   RO         4869    i.set_spi_speed_high  deca_spi.o
    0x08003ff8   0x00000018   Code   RO         4870    i.set_spi_speed_low  deca_spi.o
    0x08004010   0x00000010   Code   RO          246    i.tx_conf_cb        main.o
    0x08004020   0x00000014   Code   RO         4931    i.wakeup_DW1000     deca_com.o
    0x08004034   0x00000076   Code   RO         4872    i.writetospi        deca_spi.o
    0x080040aa   0x00000002   PAD
    0x080040ac   0x00000040   Data   RO          386    .constdata          system_stm32l4xx.o
    0x080040ec   0x00000008   Data   RO          387    .constdata          system_stm32l4xx.o
    0x080040f4   0x00000008   Data   RO         4834    .constdata          deca_params_init.o
    0x080040fc   0x00000018   Data   RO         4835    .constdata          deca_params_init.o
    0x08004114   0x00000018   Data   RO         4836    .constdata          deca_params_init.o
    0x0800412c   0x00000006   Data   RO         4837    .constdata          deca_params_init.o
    0x08004132   0x00000002   Data   RO         4838    .constdata          deca_params_init.o
    0x08004134   0x00000008   Data   RO         4839    .constdata          deca_params_init.o
    0x0800413c   0x00000003   Data   RO         4840    .constdata          deca_params_init.o
    0x0800413f   0x00000001   PAD
    0x08004140   0x0000000c   Data   RO         4841    .constdata          deca_params_init.o
    0x0800414c   0x00000004   Data   RO         4842    .constdata          deca_params_init.o
    0x08004150   0x00000020   Data   RO         4843    .constdata          deca_params_init.o
    0x08004170   0x00000032   Data   RO         4844    .constdata          deca_params_init.o
    0x080041a2   0x00000002   PAD
    0x080041a4   0x00000020   Data   RO         5069    Region$$Table       anon$$obj.o


    Execution Region RW_IRAM1 (Base: 0x20000000, Size: 0x00001da0, Max: 0x00020000, ABSOLUTE)

    Base Addr    Size         Type   Attr      Idx    E Section Name        Object

    0x20000000   0x00000068   Data   RW          248    .data               main.o
    0x20000068   0x00000004   Data   RW          388    .data               system_stm32l4xx.o
    0x2000006c   0x00000004   Data   RW         1350    .data               stm32l4xx_hal.o
    0x20000070   0x00000004   Data   RW         5065    .data               mc_w.l(mvars.o)
    0x20000074   0x00000004   Data   RW         5066    .data               mc_w.l(mvars.o)
    0x20000078   0x000016f0   Zero   RW          247    .bss                main.o
    0x20001768   0x00000038   Zero   RW         4389    .bss                deca_device.o
    0x200017a0   0x00000400   Zero   RW         4295    HEAP                startup_stm32l476xx.o
    0x20001ba0   0x00000200   Zero   RW         4294    STACK               startup_stm32l476xx.o


==============================================================================

Image component sizes


      Code (inc. data)   RO Data    RW Data    ZI Data      Debug   Object Name

        80          8          0          0          0       1075   deca_com.o
      2400        116          0          0         56      29092   deca_device.o
         0          0        173          0          0       1932   deca_params_init.o
       324         34          0          0          0       4890   deca_spi.o
      3164        172          0        104       5872      17131   main.o
        36          8        392          0       1536        852   startup_stm32l476xx.o
       114         18          0          4          0       4471   stm32l4xx_hal.o
       228         14          0          0          0      32581   stm32l4xx_hal_cortex.o
       494         44          0          0          0       3944   stm32l4xx_hal_gpio.o
       360         32          0          0          0       3840   stm32l4xx_hal_msp.o
       238          0          0          0          0       1603   stm32l4xx_hal_pcd.o
        60          6          0          0          0       1772   stm32l4xx_hal_pcd_ex.o
       132         24          0          0          0       2051   stm32l4xx_hal_pwr_ex.o
      2052         98          0          0          0       7688   stm32l4xx_hal_rcc.o
      1738         44          0          0          0       6817   stm32l4xx_hal_rcc_ex.o
      1196          0          0          0          0       5677   stm32l4xx_hal_spi.o
       596         38          0          0          0       6527   stm32l4xx_hal_tim.o
        88         10          0          0          0       1548   stm32l4xx_hal_tim_ex.o
      1638         70          0          0          0       7940   stm32l4xx_hal_uart.o
        30          0          0          0          0     500377   stm32l4xx_it.o
       544         28          0          0          0       6153   stm32l4xx_ll_usb.o
        68         12         72          4          0       1597   system_stm32l4xx.o
        74          8          0          0          0       2236   usart_com.o

    ----------------------------------------------------------------------
     15686        784        672        112       7464     651794   Object Totals
         0          0         32          0          0          0   (incl. Generated)
        32          0          3          0          0          0   (incl. Padding)

    ----------------------------------------------------------------------

      Code (inc. data)   RO Data    RW Data    ZI Data      Debug   Library Member Name

         0          0          0          0          0          0   entry.o
         0          0          0          0          0          0   entry10a.o
         0          0          0          0          0          0   entry11a.o
         8          4          0          0          0          0   entry2.o
         4          0          0          0          0          0   entry5.o
         0          0          0          0          0          0   entry7b.o
         0          0          0          0          0          0   entry8b.o
         8          4          0          0          0          0   entry9a.o
        30          0          0          0          0          0   handlers.o
        36          8          0          0          0         68   init.o
        30          0          0          0          0         68   llshl.o
        32          0          0          0          0         68   llushr.o
       188         20          0          0          0        160   malloc.o
        36          0          0          0          0         68   memcpya.o
         0          0          0          8          0          0   mvars.o
       104          0          0          0          0         92   uldiv.o

    ----------------------------------------------------------------------
       478         36          0          8          0        524   Library Totals
         2          0          0          0          0          0   (incl. Padding)

    ----------------------------------------------------------------------

      Code (inc. data)   RO Data    RW Data    ZI Data      Debug   Library Name

       476         36          0          8          0        524   mc_w.l

    ----------------------------------------------------------------------
       478         36          0          8          0        524   Library Totals

    ----------------------------------------------------------------------

==============================================================================


      Code (inc. data)   RO Data    RW Data    ZI Data      Debug   

     16164        820        672        120       7464     639114   Grand Totals
     16164        820        672        120       7464     639114   ELF Image Totals
     16164        820        672        120          0          0   ROM Totals

==============================================================================

    Total RO  Size (Code + RO Data)                16836 (  16.44kB)
    Total RW  Size (RW Data + ZI Data)              7584 (   7.41kB)
    Total ROM Size (Code + RO Data + RW Data)      16956 (  16.56kB)

==============================================================================

